warning: Tag 'HTML_TIMESTAMP' at line 252 of file 'Doxyfile' has become obsolete.
         To avoid this warning please remove this line from your configuration file or upgrade it using "doxygen -u"
warning: Tag 'LATEX_TIMESTAMP' at line 334 of file 'Doxyfile' has become obsolete.
         To avoid this warning please remove this line from your configuration file or upgrade it using "doxygen -u"
Doxygen version used: 1.14.0
Searching for include files...
Searching for files in directory /home/lee/Projects/Tenzor/include
Searching for example files...
Searching for files in directory /home/lee/Projects/Tenzor/examples
Searching for files in directory /home/lee/Projects/Tenzor/examples/python
Searching for files in directory /home/lee/Projects/Tenzor/examples/python/__pycache__
Searching for images...
Searching for dot files...
Searching for msc files...
Searching for dia files...
Searching for plantuml files...
Searching for files to exclude
Searching INPUT for files to process...
Searching for files in directory /home/lee/Projects/Tenzor/include/tenzor
Searching for files in directory /home/lee/Projects/Tenzor/include/tenzor/core
Searching for files in directory /home/lee/Projects/Tenzor/include/tenzor/ops
Searching for files in directory /home/lee/Projects/Tenzor/include/tenzor/autograd
Searching for files in directory /home/lee/Projects/Tenzor/include/tenzor/nn
Searching for files in directory /home/lee/Projects/Tenzor/include/tenzor/nn/layers
Searching for files in directory /home/lee/Projects/Tenzor/include/tenzor/nn/activations
Searching for files in directory /home/lee/Projects/Tenzor/include/tenzor/nn/loss
Searching for files in directory /home/lee/Projects/Tenzor/include/tenzor/nn/optim
Searching for files in directory /home/lee/Projects/Tenzor/include/tenzor/backend
Searching for files in directory /home/lee/Projects/Tenzor/include/tenzor/parallel
Searching for files in directory /home/lee/Projects/Tenzor/include/tenzor/utils
Reading and parsing tag files
Parsing files
Preprocessing /home/lee/Projects/Tenzor/include/tenzor/autograd/engine.hpp...
Parsing file /home/lee/Projects/Tenzor/include/tenzor/autograd/engine.hpp...
Preprocessing /home/lee/Projects/Tenzor/include/tenzor/autograd/function.hpp...
Parsing file /home/lee/Projects/Tenzor/include/tenzor/autograd/function.hpp...
Preprocessing /home/lee/Projects/Tenzor/include/tenzor/autograd/graph.hpp...
Parsing file /home/lee/Projects/Tenzor/include/tenzor/autograd/graph.hpp...
Preprocessing /home/lee/Projects/Tenzor/include/tenzor/autograd/ops.hpp...
Parsing file /home/lee/Projects/Tenzor/include/tenzor/autograd/ops.hpp...
Preprocessing /home/lee/Projects/Tenzor/include/tenzor/autograd/variable.hpp...
Parsing file /home/lee/Projects/Tenzor/include/tenzor/autograd/variable.hpp...
Preprocessing /home/lee/Projects/Tenzor/include/tenzor/backend/backend.hpp...
Parsing file /home/lee/Projects/Tenzor/include/tenzor/backend/backend.hpp...
Preprocessing /home/lee/Projects/Tenzor/include/tenzor/backend/dispatch.hpp...
Parsing file /home/lee/Projects/Tenzor/include/tenzor/backend/dispatch.hpp...
Preprocessing /home/lee/Projects/Tenzor/include/tenzor/backend/loader.hpp...
Parsing file /home/lee/Projects/Tenzor/include/tenzor/backend/loader.hpp...
Preprocessing /home/lee/Projects/Tenzor/include/tenzor/backend/registry.hpp...
Parsing file /home/lee/Projects/Tenzor/include/tenzor/backend/registry.hpp...
Preprocessing /home/lee/Projects/Tenzor/include/tenzor/core/device.hpp...
Parsing file /home/lee/Projects/Tenzor/include/tenzor/core/device.hpp...
Preprocessing /home/lee/Projects/Tenzor/include/tenzor/core/dtype.hpp...
Parsing file /home/lee/Projects/Tenzor/include/tenzor/core/dtype.hpp...
Preprocessing /home/lee/Projects/Tenzor/include/tenzor/core/shape.hpp...
Parsing file /home/lee/Projects/Tenzor/include/tenzor/core/shape.hpp...
Preprocessing /home/lee/Projects/Tenzor/include/tenzor/core/storage.hpp...
Parsing file /home/lee/Projects/Tenzor/include/tenzor/core/storage.hpp...
Preprocessing /home/lee/Projects/Tenzor/include/tenzor/core/tensor.hpp...
Parsing file /home/lee/Projects/Tenzor/include/tenzor/core/tensor.hpp...
Preprocessing /home/lee/Projects/Tenzor/include/tenzor/nn/activations/activations.hpp...
Parsing file /home/lee/Projects/Tenzor/include/tenzor/nn/activations/activations.hpp...
Preprocessing /home/lee/Projects/Tenzor/include/tenzor/nn/layers/batchnorm.hpp...
Parsing file /home/lee/Projects/Tenzor/include/tenzor/nn/layers/batchnorm.hpp...
Preprocessing /home/lee/Projects/Tenzor/include/tenzor/nn/layers/conv.hpp...
Parsing file /home/lee/Projects/Tenzor/include/tenzor/nn/layers/conv.hpp...
Preprocessing /home/lee/Projects/Tenzor/include/tenzor/nn/layers/dropout.hpp...
Parsing file /home/lee/Projects/Tenzor/include/tenzor/nn/layers/dropout.hpp...
Preprocessing /home/lee/Projects/Tenzor/include/tenzor/nn/layers/flatten.hpp...
Parsing file /home/lee/Projects/Tenzor/include/tenzor/nn/layers/flatten.hpp...
Preprocessing /home/lee/Projects/Tenzor/include/tenzor/nn/layers/linear.hpp...
Parsing file /home/lee/Projects/Tenzor/include/tenzor/nn/layers/linear.hpp...
Preprocessing /home/lee/Projects/Tenzor/include/tenzor/nn/layers/normalization.hpp...
Parsing file /home/lee/Projects/Tenzor/include/tenzor/nn/layers/normalization.hpp...
Preprocessing /home/lee/Projects/Tenzor/include/tenzor/nn/layers/pooling.hpp...
Parsing file /home/lee/Projects/Tenzor/include/tenzor/nn/layers/pooling.hpp...
Preprocessing /home/lee/Projects/Tenzor/include/tenzor/nn/loss/losses.hpp...
Parsing file /home/lee/Projects/Tenzor/include/tenzor/nn/loss/losses.hpp...
Preprocessing /home/lee/Projects/Tenzor/include/tenzor/nn/module.hpp...
Parsing file /home/lee/Projects/Tenzor/include/tenzor/nn/module.hpp...
Preprocessing /home/lee/Projects/Tenzor/include/tenzor/nn/optim/adam.hpp...
Parsing file /home/lee/Projects/Tenzor/include/tenzor/nn/optim/adam.hpp...
Preprocessing /home/lee/Projects/Tenzor/include/tenzor/nn/optim/optimizer.hpp...
Parsing file /home/lee/Projects/Tenzor/include/tenzor/nn/optim/optimizer.hpp...
Preprocessing /home/lee/Projects/Tenzor/include/tenzor/nn/optim/scheduler.hpp...
Parsing file /home/lee/Projects/Tenzor/include/tenzor/nn/optim/scheduler.hpp...
Preprocessing /home/lee/Projects/Tenzor/include/tenzor/nn/optim/sgd.hpp...
Parsing file /home/lee/Projects/Tenzor/include/tenzor/nn/optim/sgd.hpp...
Preprocessing /home/lee/Projects/Tenzor/include/tenzor/nn/serialize.hpp...
Parsing file /home/lee/Projects/Tenzor/include/tenzor/nn/serialize.hpp...
Preprocessing /home/lee/Projects/Tenzor/include/tenzor/ops/creation.hpp...
Parsing file /home/lee/Projects/Tenzor/include/tenzor/ops/creation.hpp...
Preprocessing /home/lee/Projects/Tenzor/include/tenzor/ops/indexing.hpp...
Parsing file /home/lee/Projects/Tenzor/include/tenzor/ops/indexing.hpp...
Preprocessing /home/lee/Projects/Tenzor/include/tenzor/ops/math.hpp...
Parsing file /home/lee/Projects/Tenzor/include/tenzor/ops/math.hpp...
Preprocessing /home/lee/Projects/Tenzor/include/tenzor/ops/reduction.hpp...
Parsing file /home/lee/Projects/Tenzor/include/tenzor/ops/reduction.hpp...
Preprocessing /home/lee/Projects/Tenzor/include/tenzor/ops/transform.hpp...
Parsing file /home/lee/Projects/Tenzor/include/tenzor/ops/transform.hpp...
Preprocessing /home/lee/Projects/Tenzor/include/tenzor/parallel/atomic.hpp...
Parsing file /home/lee/Projects/Tenzor/include/tenzor/parallel/atomic.hpp...
Preprocessing /home/lee/Projects/Tenzor/include/tenzor/parallel/parallel_for.hpp...
Parsing file /home/lee/Projects/Tenzor/include/tenzor/parallel/parallel_for.hpp...
Preprocessing /home/lee/Projects/Tenzor/include/tenzor/parallel/threadpool.hpp...
Parsing file /home/lee/Projects/Tenzor/include/tenzor/parallel/threadpool.hpp...
Preprocessing /home/lee/Projects/Tenzor/include/tenzor/tenzor.hpp...
Parsing file /home/lee/Projects/Tenzor/include/tenzor/tenzor.hpp...
Preprocessing /home/lee/Projects/Tenzor/include/tenzor/utils/config.hpp...
Parsing file /home/lee/Projects/Tenzor/include/tenzor/utils/config.hpp...
Preprocessing /home/lee/Projects/Tenzor/include/tenzor/utils/error.hpp...
Parsing file /home/lee/Projects/Tenzor/include/tenzor/utils/error.hpp...
Preprocessing /home/lee/Projects/Tenzor/include/tenzor/utils/logging.hpp...
Parsing file /home/lee/Projects/Tenzor/include/tenzor/utils/logging.hpp...
Building macro definition list...
Building group list...
Building directory list...
Building namespace list...
Building file list...
Building class list...
Building concept list...
Computing nesting relations for classes...
Associating documentation with classes...
Associa/home/lee/Projects/Tenzor/include/tenzor/core/device.hpp:152: warning: Compound std::hash< tenzor::Device > is not documented.
/home/lee/Projects/Tenzor/include/tenzor/backend/backend.hpp:30: warning: Compound tenzor::Backend is not documented.
/home/lee/Projects/Tenzor/include/tenzor/backend/loader.hpp:14: warning: Compound tenzor::BackendLoader is not documented.
/home/lee/Projects/Tenzor/include/tenzor/autograd/engine.hpp:14: warning: Compound tenzor::BackwardEngine is not documented.
/home/lee/Projects/Tenzor/include/tenzor/core/storage.hpp:23: warning: Compound tenzor::CPUStorage is not documented.
/home/lee/Projects/Tenzor/include/tenzor/autograd/graph.hpp:19: warning: Compound tenzor::ComputationGraph is not documented.
/home/lee/Projects/Tenzor/include/tenzor/utils/config.hpp:10: warning: Compound tenzor::Config is not documented.
/home/lee/Projects/Tenzor/include/tenzor/core/storage.hpp:50: warning: Compound tenzor::DeviceStorage is not documented.
/home/lee/Projects/Tenzor/include/tenzor/backend/dispatch.hpp:11: warning: Compound tenzor::Dispatcher is not documented.
/home/lee/Projects/Tenzor/include/tenzor/autograd/graph.hpp:12: warning: Compound tenzor::GraphNode is not documented.
/home/lee/Projects/Tenzor/include/tenzor/utils/logging.hpp:20: warning: Compound tenzor::Logger is not documented.
/home/lee/Projects/Tenzor/include/tenzor/backend/registry.hpp:20: warning: Compound tenzor::OperationRegistry is not documented.
/home/lee/Projects/Tenzor/include/tenzor/core/shape.hpp:13: warning: Compound tenzor::Shape is not documented.
/home/lee/Projects/Tenzor/include/tenzor/parallel/atomic.hpp:25: warning: Compound tenzor::SpinLock is not documented.
/home/lee/Projects/Tenzor/include/tenzor/core/storage.hpp:11: warning: Compound tenzor::Storage is not documented.
/home/lee/Projects/Tenzor/include/tenzor/utils/error.hpp:12: warning: Compound tenzor::TenzorException is not documented.
/home/lee/Projects/Tenzor/include/tenzor/parallel/threadpool.hpp:15: warning: Compound tenzor::ThreadPool is not documented.
/home/lee/Projects/Tenzor/include/tenzor/nn/layers/pooling.hpp:39: warning: Compound tenzor::nn::AdaptiveAvgPool2d is not documented.
/home/lee/Projects/Tenzor/include/tenzor/nn/layers/dropout.hpp:31: warning: Compound tenzor::nn::AlphaDropout is not documented.
/home/lee/Projects/Tenzor/include/tenzor/nn/layers/pooling.hpp:24: warning: Compound tenzor::nn::AvgPool2d is not documented.
/home/lee/Projects/Tenzor/include/tenzor/nn/loss/losses.hpp:44: warning: Compound tenzor::nn::BCELoss is not documented.
/home/lee/Projects/Tenzor/include/tenzor/nn/loss/losses.hpp:58: warning: Compound tenzor::nn::BCEWithLogitsLoss is not documented.
/home/lee/Projects/Tenzor/include/tenzor/nn/layers/batchnorm.hpp:36: warning: Compound tenzor::nn::BatchNorm1d is not documented.
/home/lee/Projects/Tenzor/include/tenzor/nn/layers/batchnorm.hpp:9: warning: Compound tenzor::nn::BatchNorm2d is not documented.
/home/lee/Projects/Tenzor/include/tenzor/nn/layers/conv.hpp:36: warning: Compound tenzor::nn::Conv1d is not documented.
/home/lee/Projects/Tenzor/include/tenzor/nn/layers/conv.hpp:10: warning: Compound tenzor::nn::Conv2d is not documented.
/home/lee/Projects/Tenzor/include/tenzor/nn/layers/conv.hpp:65: warning: Compound tenzor::nn::ConvTranspose2d is not documented.
/home/lee/Projects/Tenzor/include/tenzor/nn/loss/losses.hpp:30: warning: Compound tenzor::nn::CrossEntropyLoss is not documented.
/home/lee/Projects/Tenzor/include/tenzor/nn/layers/dropout.hpp:9: warning: Compound tenzor::nn::Dropout is not documented.
/home/lee/Projects/Tenzor/include/tenzor/nn/layers/dropout.hpp:20: warning: Compound tenzor::nn::Dropout2d is not documented.
/home/lee/Projects/Tenzor/include/tenzor/nn/activations/activations.hpp:67: warning: Compound tenzor::nn::ELU is not documented.
/home/lee/Projects/Tenzor/include/tenzor/nn/layers/flatten.hpp:9: warning: Compound tenzor::nn::Flatten is not documented.
/home/lee/Projects/Tenzor/include/tenzor/nn/activations/activations.hpp:40: warning: Compound tenzor::nn::GELU is not documented.
/home/lee/Projects/Tenzor/include/tenzor/nn/layers/normalization.hpp:38: warning: Compound tenzor::nn::GroupNorm is not documented.
/home/lee/Projects/Tenzor/include/tenzor/nn/loss/losses.hpp:86: warning: Compound tenzor::nn::L1Loss is not documented.
/home/lee/Projects/Tenzor/include/tenzor/nn/layers/normalization.hpp:12: warning: Compound tenzor::nn::LayerNorm is not documented.
/home/lee/Projects/Tenzor/include/tenzor/nn/activations/activations.hpp:16: warning: Compound tenzor::nn::LeakyReLU is not documented.
/home/lee/Projects/Tenzor/include/tenzor/nn/layers/linear.hpp:10: warning: Compound tenzor::nn::Linear is not documented.
/home/lee/Projects/Tenzor/include/tenzor/nn/activations/activations.hpp:57: warning: Compound tenzor::nn::LogSoftmax is not documented.
/home/lee/Projects/Tenzor/include/tenzor/nn/loss/losses.hpp:16: warning: Compound tenzor::nn::MSELoss is not documented.
/home/lee/Projects/Tenzor/include/tenzor/nn/layers/pooling.hpp:9: warning: Compound tenzor::nn::MaxPool2d is not documented.
/home/lee/Projects/Tenzor/include/tenzor/nn/activations/activations.hpp:91: warning: Compound tenzor::nn::Mish is not documented.
/home/lee/Projects/Tenzor/include/tenzor/nn/loss/losses.hpp:72: warning: Compound tenzor::nn::NLLLoss is not documented.
/home/lee/Projects/Tenzor/include/tenzor/nn/activations/activations.hpp:9: warning: Compound tenzor::nn::ReLU is not documented.
/home/lee/Projects/Tenzor/include/tenzor/nn/activations/activations.hpp:77: warning: Compound tenzor::nn::SELU is not documented.
/home/lee/Projects/Tenzor/include/tenzor/nn/serialize.hpp:18: warning: Compound tenzor::nn::Serializer is not documented.
/home/lee/Projects/Tenzor/include/tenzor/nn/activations/activations.hpp:26: warning: Compound tenzor::nn::Sigmoid is not documented.
/home/lee/Projects/Tenzor/include/tenzor/nn/loss/losses.hpp:100: warning: Compound tenzor::nn::SmoothL1Loss is not documented.
/home/lee/Projects/Tenzor/include/tenzor/nn/activations/activations.hpp:47: warning: Compound tenzor::nn::Softmax is not documented.
/home/lee/Projects/Tenzor/include/tenzor/nn/activations/activations.hpp:84: warning: Compound tenzor::nn::Swish is not documented.
/home/lee/Projects/Tenzor/include/tenzor/nn/activations/activations.hpp:33: warning: Compound tenzor::nn::Tanh is not documented.
/home/lee/Projects/Tenzor/include/tenzor/nn/optim/adam.hpp:9: warning: Compound tenzor::optim::Adam is not documented.
/home/lee/Projects/Tenzor/include/tenzor/nn/optim/adam.hpp:46: warning: Compound tenzor::optim::AdamW is not documented.
/home/lee/Projects/Tenzor/include/tenzor/nn/optim/scheduler.hpp:119: warning: Compound tenzor::optim::CosineAnnealingLR is not documented.
/home/lee/Projects/Tenzor/include/tenzor/nn/optim/scheduler.hpp:78: warning: Compound tenzor::optim::ExponentialLR is not documented.
/home/lee/Projects/Tenzor/include/tenzor/nn/optim/scheduler.hpp:17: warning: Compound tenzor::optim::LRScheduler is not documented.
/home/lee/Projects/Tenzor/include/tenzor/nn/optim/optimizer.hpp:13: warning: Compound tenzor::optim::Optimizer is not documented.
/home/lee/Projects/Tenzor/include/tenzor/nn/optim/optimizer.hpp:41: warning: Compound tenzor::optim::ParamGroup is not documented.
/home/lee/Projects/Tenzor/include/tenzor/nn/optim/sgd.hpp:9: warning: Compound tenzor::optim::SGD is not documented.
/home/lee/Projects/Tenzor/include/tenzor/nn/optim/scheduler.hpp:36: warning: Compound tenzor::optim::StepLR is not documented.
ting documentation with concepts...
Associating documentation with modules...
Building example list...
Searching for enumerations...
Searching for documented typedefs...
Searching for members imported via using declarations...
Searching for included using directives...
Searching for documented variables...
Building interface member list...
Building member list...
Searching for friends...
Searching for documented defines...
Computing class inheritance relations...
Computing class usage relations...
Flushing cached template relations that have become invalid...
Warn for undocumented namespaces...
Computing class relations...
Add enum values to enums...
Searching for member function documentation...
Creating members for template instances...
Building page list...
Search for main page...
Computing page relations...
Determining the scope of groups...
Computing module relations...
Sorting lists...
Determining which enums are documented
Computing member relations...
Building full member lists recursively...
Adding members to member groups.
Computing member references...
Inheriting documentation...
Generating disk names...
Adding source references...
Adding xrefitems...
Sorting member lists...
Setting anonymous enum type...
Computing dependencies between directories...
Generating citations page...
Counting members...
Counting data structures...
Resolving user defined references...
Finding anchors and sections in the documentation...
Transferring function references...
Combining using relations...
Adding members to index pages...
Correcting members for VHDL...
Computing tooltip texts...
Generating style sheet...
Generating search indices...
Generating example documentation...
Generating file sources...
Generating code for file include/tenzor/autograd/engine.hpp...
Generating code for file include/tenzor/autograd/function.hpp...
Generating code for file include/tenzor/autograd/graph.hpp...
Generating code for file include/tenzor/autograd/ops.hpp...
Generating code for file include/tenzor/autograd/variable.hpp...
Generating code for file include/tenzor/backend/backend.hpp...
Generating code for file include/tenzor/backend/dispatch.hpp...
Generating code for file include/tenzor/backend/loader.hpp...
Generating code for file include/tenzor/backend/registry.hpp...
Generating code for file include/tenzor/core/device.hpp...
Generating code for file include/tenzor/core/dtype.hpp...
Generating code for file include/tenzor/core/shape.hpp...
Generating code for file include/tenzor/core/storage.hpp...
Generating code for file include/tenzor/core/tensor.hpp...
Generating code for file include/tenzor/nn/activations/activations.hpp...
Generating code for file include/tenzor/nn/layers/batchnorm.hpp...
Generating code for file include/tenzor/nn/layers/conv.hpp...
Generating code for file include/tenzor/nn/layers/dropout.hpp...
Generating code for file include/tenzor/nn/layers/flatten.hpp...
Generating code for file include/tenzor/nn/layers/linear.hpp...
Generating code for file include/tenzor/nn/layers/normalization.hpp...
Generating code for file include/tenzor/nn/layers/pooling.hpp...
Generating code for file include/tenzor/nn/loss/losses.hpp...
Generating code for file include/tenzor/nn/module.hpp...
Generating code for file include/tenzor/nn/optim/adam.hpp...
Generating code for file include/tenzor/nn/optim/optimizer.hpp...
Generating code for file include/tenzor/nn/optim/scheduler.hpp...
Generating code for file include/tenzor/nn/optim/sgd.hpp...
Generating code for file include/tenzor/nn/serialize.hpp...
Generating code for file include/tenzor/ops/creation.hpp...
Generating code for file include/tenzor/ops/indexing.hpp...
Generating code for file include/tenzor/ops/math.hpp...
Generating code for file include/tenzor/ops/reduction.hpp...
Generating code for file include/tenzor/ops/transform.hpp...
Generating code for file include/tenzor/parallel/atomic.hpp...
Generating code for file include/tenzor/parallel/parallel_for.hpp...
Generating code for file include/tenzor/parallel/threadpool.hpp...
Generating code for file include/tenzor/tenzor.hp/home/lee/Projects/Tenzor/include/tenzor/core/tensor.hpp:28: warning: Member clone_kernel(const tenzor::Tensor &input) -> tenzor::Tensor (function) of namespace tenzor::cpu is not documented.
/home/lee/Projects/Tenzor/include/tenzor/core/tensor.hpp:29: warning: Member reshape_kernel(const tenzor::Tensor &input, const std::vector< int64_t > &new_shape) -> tenzor::Tensor (function) of namespace tenzor::cpu is not documented.
/home/lee/Projects/Tenzor/include/tenzor/core/tensor.hpp:30: warning: Member transpose_kernel(const tenzor::Tensor &input, int64_t dim0, int64_t dim1) -> tenzor::Tensor (function) of namespace tenzor::cpu is not documented.
/home/lee/Projects/Tenzor/include/tenzor/core/tensor.hpp:31: warning: Member permute_kernel(const tenzor::Tensor &input, const std::vector< int64_t > &dims) -> tenzor::Tensor (function) of namespace tenzor::cpu is not documented.
/home/lee/Projects/Tenzor/include/tenzor/core/tensor.hpp:32: warning: Member squeeze_kernel(const tenzor::Tensor &input, int64_t dim) -> tenzor::Tensor (function) of namespace tenzor::cpu is not documented.
/home/lee/Projects/Tenzor/include/tenzor/core/tensor.hpp:33: warning: Member unsqueeze_kernel(const tenzor::Tensor &input, int64_t dim) -> tenzor::Tensor (function) of namespace tenzor::cpu is not documented.
/home/lee/Projects/Tenzor/include/tenzor/core/tensor.hpp:34: warning: Member contiguous_kernel(const tenzor::Tensor &input) -> tenzor::Tensor (function) of namespace tenzor::cpu is not documented.
/home/lee/Projects/Tenzor/include/tenzor/core/tensor.hpp:39: warning: Member clone_kernel(const tenzor::Tensor &input) -> tenzor::Tensor (function) of namespace tenzor::cuda is not documented.
/home/lee/Projects/Tenzor/include/tenzor/core/tensor.hpp:40: warning: Member reshape_kernel(const tenzor::Tensor &input, const std::vector< int64_t > &new_shape) -> tenzor::Tensor (function) of namespace tenzor::cuda is not documented.
/home/lee/Projects/Tenzor/include/tenzor/core/tensor.hpp:41: warning: Member transpose_kernel(const tenzor::Tensor &input, int64_t dim0, int64_t dim1) -> tenzor::Tensor (function) of namespace tenzor::cuda is not documented.
/home/lee/Projects/Tenzor/include/tenzor/core/tensor.hpp:42: warning: Member permute_kernel(const tenzor::Tensor &input, const std::vector< int64_t > &dims) -> tenzor::Tensor (function) of namespace tenzor::cuda is not documented.
/home/lee/Projects/Tenzor/include/tenzor/core/tensor.hpp:43: warning: Member squeeze_kernel(const tenzor::Tensor &input, int64_t dim) -> tenzor::Tensor (function) of namespace tenzor::cuda is not documented.
/home/lee/Projects/Tenzor/include/tenzor/core/tensor.hpp:44: warning: Member unsqueeze_kernel(const tenzor::Tensor &input, int64_t dim) -> tenzor::Tensor (function) of namespace tenzor::cuda is not documented.
/home/lee/Projects/Tenzor/include/tenzor/core/tensor.hpp:45: warning: Member contiguous_kernel(const tenzor::Tensor &input) -> tenzor::Tensor (function) of namespace tenzor::cuda is not documented.
/home/lee/Projects/Tenzor/include/tenzor/core/device.hpp:153: warning: Member operator()(const tenzor::Device &device) const -> size_t (function) of struct std::hash< tenzor::Device > is not documented.
/home/lee/Projects/Tenzor/include/tenzor/utils/error.hpp:14: warning: Member TenzorException(const std::string &message, const std::source_location &location=std::source_location::current()) (function) of class tenzor::TenzorException is not documented.
/home/lee/Projects/Tenzor/include/tenzor/utils/error.hpp:19: warning: Member location() const -> const std::source_location & (function) of class tenzor::TenzorException is not documented.
/home/lee/Projects/Tenzor/include/tenzor/backend/backend.hpp:35: warning: Member name() const -> std::string_view=0 (function) of class tenzor::Backend is not documented.
/home/lee/Projects/Tenzor/include/tenzor/backend/backend.hpp:36: warning: Member device_count() const -> int32_t=0 (function) of class tenzor::Backend is not documented.
/home/lee/Projects/Tenzor/include/tenzor/backend/backend.hpp:37: warning: Member is_available() const -> bool=0 (function) of class tenzor::Backend is not documented.
/home/lee/Projects/Tenzor/include/tenzor/backend/backend.hpp:40: warning: Member allocate(size_t bytes, int32_t device_id) -> void *=0 (function) of class tenzor::Backend is not documented.
/home/lee/Projects/Tenzor/include/tenzor/backend/backend.hpp:41: warning: Member deallocate(void *ptr) -> void=0 (function) of class tenzor::Backend is not documented.
/home/lee/Projects/Tenzor/include/tenzor/backend/backend.hpp:42: warning: Member copy(void *dst, const void *src, size_t bytes, CopyKind kind) -> void=0 (function) of class tenzor::Backend is not documented.
/home/lee/Projects/Tenzor/include/tenzor/backend/backend.hpp:46: warning: Member synchronize(int32_t device_id) -> void=0 (function) of class tenzor::Backend is not documented.
/home/lee/Projects/Tenzor/include/tenzor/backend/backend.hpp:49: warning: Member create_stream(int32_t device_id) -> StreamHandle=0 (function) of class tenzor::Backend is not documented.
/home/lee/Projects/Tenzor/include/tenzor/backend/backend.hpp:50: warning: Member destroy_stream(StreamHandle stream) -> void=0 (function) of class tenzor::Backend is not documented.
/home/lee/Projects/Tenzor/include/tenzor/backend/backend.hpp:51: warning: Member synchronize_stream(StreamHandle stream) -> void=0 (function) of class tenzor::Backend is not documented.
/home/lee/Projects/Tenzor/include/tenzor/backend/backend.hpp:54: warning: Member dispatch(const std::string &op_name, std::span< const Tensor > inputs, const OpAttributes &attrs) -> std::vector< Tensor >=0 (function) of class tenzor::Backend is not documented.
/home/lee/Projects/Tenzor/include/tenzor/backend/loader.hpp:23: warning: Member load_backend(const std::filesystem::path &library_path) -> std::expected< std::unique_ptr< Backend >, std::string > (function) of class tenzor::BackendLoader is not documented.
/home/lee/Projects/Tenzor/include/tenzor/backend/loader.hpp:27: warning: Member register_backend(std::string_view name, std::unique_ptr< Backend > backend) -> void (function) of class tenzor::BackendLoader is not documented.
/home/lee/Projects/Tenzor/include/tenzor/backend/loader.hpp:31: warning: Member get_backend(std::string_view name) -> Backend * (function) of class tenzor::BackendLoader is not documented.
/home/lee/Projects/Tenzor/include/tenzor/backend/loader.hpp:32: warning: Member get_backend(Device::Type type) -> Backend * (function) of class tenzor::BackendLoader is not documented.
/home/lee/Projects/Tenzor/include/tenzor/backend/loader.hpp:35: warning: Member has_backend(std::string_view name) const -> bool (function) of class tenzor::BackendLoader is not documented.
/home/lee/Projects/Tenzor/include/tenzor/backend/loader.hpp:36: warning: Member available_backends() const -> std::vector< std::string > (function) of class tenzor::BackendLoader is not documented.
/home/lee/Projects/Tenzor/include/tenzor/backend/loader.hpp:39: warning: Member unload_backend(std::string_view name) -> bool (function) of class tenzor::BackendLoader is not documented.
/home/lee/Projects/Tenzor/include/tenzor/autograd/engine.hpp:19: warning: Member execute(Variable &root, std::optional< Tensor > gradient) -> void (function) of class tenzor::BackwardEngine is not documented.
/home/lee/Projects/Tenzor/include/tenzor/autograd/engine.hpp:22: warning: Member execute_multi(std::vector< Variable * > roots, std::vector< Tensor > gradients) -> void (function) of class tenzor::BackwardEngine is not documented.
/home/lee/Projects/Tenzor/include/tenzor/autograd/engine.hpp:26: warning: Member clear_gradients() -> void (function) of class tenzor::BackwardEngine is not documented.
/home/lee/Projects/Tenzor/include/tenzor/autograd/function.hpp:407: warning: Member ClampBackward(float min, float max) (function) of class tenzor::ClampBackward is not documented.
/home/lee/Projects/Tenzor/include/tenzor/autograd/graph.hpp:24: warning: Member add_node(std::shared_ptr< Function > func) -> std::shared_ptr< GraphNode > (function) of class tenzor::ComputationGraph is not documented.
/home/lee/Projects/Tenzor/include/tenzor/autograd/graph.hpp:27: warning: Member connect(std::shared_ptr< GraphNode > from, std::shared_ptr< GraphNode > to) -> void (function) of class tenzor::ComputationGraph is not documented.
/home/lee/Projects/Tenzor/include/tenzor/autograd/graph.hpp:31: warning: Member topological_sort(std::shared_ptr< GraphNode > root) -> std::vector< std::shared_ptr< GraphNode > > (function) of class tenzor::ComputationGraph is not documented.
/home/lee/Projects/Tenzor/include/tenzor/autograd/graph.hpp:35: warning: Member clear() -> void (function) of class tenzor::ComputationGraph is not documented.
/home/lee/Projects/Tenzor/include/tenzor/autograd/graph.hpp:38: warning: Member node_count() const -> size_t (function) of class tenzor::ComputationGraph is not documented.
/home/lee/Projects/Tenzor/include/tenzor/autograd/graph.hpp:39: warning: Member edge_count() const -> size_t (function) of class tenzor::ComputationGraph is not documented.
/home/lee/Projects/Tenzor/include/tenzor/utils/config.hpp:15: warning: Member get_string(const std::string &key) const -> std::optional< std::string > (function) of class tenzor::Config is not documented.
/home/lee/Projects/Tenzor/include/tenzor/utils/config.hpp:16: warning: Member get_int(const std::string &key) const -> std::optional< int64_t > (function) of class tenzor::Config is not documented.
/home/lee/Projects/Tenzor/include/tenzor/utils/config.hpp:17: warning: Member get_float(const std::string &key) const -> std::optional< double > (function) of class tenzor::Config is not documented.
/home/lee/Projects/Tenzor/include/tenzor/utils/config.hpp:18: warning: Member get_bool(const std::string &key) const -> std::optional< bool > (function) of class tenzor::Config is not documented.
/home/lee/Projects/Tenzor/include/tenzor/utils/config.hpp:21: warning: Member set_string(const std::string &key, const std::string &value) -> void (function) of class tenzor::Config is not documented.
/home/lee/Projects/Tenzor/include/tenzor/utils/config.hpp:22: warning: Member set_int(const std::string &key, int64_t value) -> void (function) of class tenzor::Config is not documented.
/home/lee/Projects/Tenzor/include/tenzor/utils/config.hpp:23: warning: Member set_float(const std::string &key, double value) -> void (function) of class tenzor::Config is not documented.
/home/lee/Projects/Tenzor/include/tenzor/utils/config.hpp:24: warning: Member set_bool(const std::string &key, bool value) -> void (function) of class tenzor::Config is not documented.
/home/lee/Projects/Tenzor/include/tenzor/utils/config.hpp:27: warning: Member load_from_file(const std::string &path) -> bool (function) of class tenzor::Config is not documented.
/home/lee/Projects/Tenzor/include/tenzor/utils/config.hpp:30: warning: Member save_to_file(const std::string &path) -> bool (function) of class tenzor::Config is not documented.
/home/lee/Projects/Tenzor/include/tenzor/utils/config.hpp:12: warning: Member instance() -> Config & (function) of class tenzor::Config is not documented.
/home/lee/Projects/Tenzor/include/tenzor/core/storage.hpp:25: warning: Member CPUStorage(size_t size_bytes) (function) of class tenzor::CPUStorage is not documented.
/home/lee/Projects/Tenzor/include/tenzor/core/storage.hpp:30: warning: Member CPUStorage(CPUStorage &&) noexcept (function) of class tenzor::CPUStorage is not documented.
/home/lee/Projects/Tenzor/include/tenzor/core/storage.hpp:31: warning: Member operator=(CPUStorage &&) noexcept (function) of class tenzor::CPUStorage is not documented.
/home/lee/Projects/Tenzor/include/tenzor/core/storage.hpp:33: warning: Member data() -> void *override (function) of class tenzor::CPUStorage is not documented.
/home/lee/Projects/Tenzor/include/tenzor/core/storage.hpp:34: warning: Member data() const -> const void *override (function) of class tenzor::CPUStorage is not documented.
/home/lee/Projects/Tenzor/include/tenzor/core/storage.hpp:35: warning: Member size_bytes() const -> size_t override (function) of class tenzor::CPUStorage is not documented.
/home/lee/Projects/Tenzor/include/tenzor/core/storage.hpp:36: warning: Member device() const -> Device override (function) of class tenzor::CPUStorage is not documented.
/home/lee/Projects/Tenzor/include/tenzor/core/storage.hpp:37: warning: Member ref_count() const -> int64_t override (function) of class tenzor::CPUStorage is not documented.
/home/lee/Projects/Tenzor/include/tenzor/core/storage.hpp:52: warning: Member DeviceStorage(void *device_ptr, size_t size_bytes, Device device, Backend *backend) (function) of class tenzor::DeviceStorage is not documented.
/home/lee/Projects/Tenzor/include/tenzor/core/storage.hpp:58: warning: Member DeviceStorage(DeviceStorage &&) noexcept (function) of class tenzor::DeviceStorage is not documented.
/home/lee/Projects/Tenzor/include/tenzor/core/storage.hpp:59: warning: Member operator=(DeviceStorage &&) noexcept (function) of class tenzor::DeviceStorage is not documented.
/home/lee/Projects/Tenzor/include/tenzor/core/storage.hpp:61: warning: Member data() -> void *override (function) of class tenzor::DeviceStorage is not documented.
/home/lee/Projects/Tenzor/include/tenzor/core/storage.hpp:62: warning: Member data() const -> const void *override (function) of class tenzor::DeviceStorage is not documented.
/home/lee/Projects/Tenzor/include/tenzor/core/storage.hpp:63: warning: Member size_bytes() const -> size_t override (function) of class tenzor::DeviceStorage is not documented.
/home/lee/Projects/Tenzor/include/tenzor/core/storage.hpp:64: warning: Member device() const -> Device override (function) of class tenzor::DeviceStorage is not documented.
/home/lee/Projects/Tenzor/include/tenzor/core/storage.hpp:65: warning: Member ref_count() const -> int64_t override (function) of class tenzor::DeviceStorage is not documented.
/home/lee/Projects/Tenzor/include/tenzor/backend/dispatch.hpp:14: warning: Member dispatch(const std::string &op_name, std::span< const Tensor > inputs, const OpAttributes &attrs={}) -> std::vector< Tensor > (function) of class tenzor::Dispatcher is not documented.
/home/lee/Projects/Tenzor/include/tenzor/backend/dispatch.hpp:19: warning: Member get_backend(std::span< const Tensor > tensors) -> Backend * (function) of class tenzor::Dispatcher is not documented.
/home/lee/Projects/Tenzor/include/tenzor/backend/dispatch.hpp:22: warning: Member check_device_compatibility(std::span< const Tensor > tensors) -> bool (function) of class tenzor::Dispatcher is not documented.
/home/lee/Projects/Tenzor/include/tenzor/core/dtype.hpp:97: warning: Member type (typedef) of struct tenzor::dtype_traits< DType::Bool > is not documented.
/home/lee/Projects/Tenzor/include/tenzor/core/dtype.hpp:101: warning: Member type (typedef) of struct tenzor::dtype_traits< DType::Complex128 > is not documented.
/home/lee/Projects/Tenzor/include/tenzor/core/dtype.hpp:99: warning: Member type (typedef) of struct tenzor::dtype_traits< DType::Complex64 > is not documented.
/home/lee/Projects/Tenzor/include/tenzor/core/dtype.hpp:87: warning: Member type (typedef) of struct tenzor::dtype_traits< DType::Float32 > is not documented.
/home/lee/Projects/Tenzor/include/tenzor/core/dtype.hpp:89: warning: Member type (typedef) of struct tenzor::dtype_traits< DType::Float64 > is not documented.
/home/lee/Projects/Tenzor/include/tenzor/core/dtype.hpp:91: warning: Member type (typedef) of struct tenzor::dtype_traits< DType::Int32 > is not documented.
/home/lee/Projects/Tenzor/include/tenzor/core/dtype.hpp:93: warning: Member type (typedef) of struct tenzor::dtype_traits< DType::Int64 > is not documented.
/home/lee/Projects/Tenzor/include/tenzor/core/dtype.hpp:95: warning: Member type (typedef) of struct tenzor::dtype_traits< DType::UInt8 > is not documented.
/home/lee/Projects/Tenzor/include/tenzor/autograd/graph.hpp:13: warning: Member function (variable) of struct tenzor::GraphNode is not documented.
/home/lee/Projects/Tenzor/include/tenzor/autograd/graph.hpp:14: warning: Member next_nodes (variable) of struct tenzor::GraphNode is not documented.
/home/lee/Projects/Tenzor/include/tenzor/autograd/graph.hpp:15: warning: Member ref_count (variable) of struct tenzor::GraphNode is not documented.
/home/lee/Projects/Tenzor/include/tenzor/utils/logging.hpp:25: warning: Member log(LogLevel level, std::string_view message, const std::source_location &location=std::source_location::current()) -> void (function) of class tenzor::Logger is not documented.
/home/lee/Projects/Tenzor/include/tenzor/utils/logging.hpp:29: warning: Member debug(std::string_view message, const std::source_location &location=std::source_location::current()) -> void (function) of class tenzor::Logger is not documented.
/home/lee/Projects/Tenzor/include/tenzor/utils/logging.hpp:32: warning: Member info(std::string_view message, const std::source_location &location=std::source_location::current()) -> void (function) of class tenzor::Logger is not documented.
/home/lee/Projects/Tenzor/include/tenzor/utils/logging.hpp:35: warning: Member warning(std::string_view message, const std::source_location &location=std::source_location::current()) -> void (function) of class tenzor::Logger is not documented.
/home/lee/Projects/Tenzor/include/tenzor/utils/logging.hpp:38: warning: Member error(std::string_view message, const std::source_location &location=std::source_location::current()) -> void (function) of class tenzor::Logger is not documented.
/home/lee/Projects/Tenzor/include/tenzor/utils/logging.hpp:41: warning: Member fatal(std::string_view message, const std::source_location &location=std::source_location::current()) -> void (function) of class tenzor::Logger is not documented.
/home/lee/Projects/Tenzor/include/tenzor/utils/logging.hpp:45: warning: Member set_level(LogLevel level) -> void (function) of class tenzor::Logger is not documented.
/home/lee/Projects/Tenzor/include/tenzor/utils/logging.hpp:46: warning: Member get_level() const -> LogLevel (function) of class tenzor::Logger is not documented.
/home/lee/Projects/Tenzor/include/tenzor/utils/logging.hpp:48: warning: Member set_output_file(std::string_view path) -> void (function) of class tenzor::Logger is not documented.
/home/lee/Projects/Tenzor/include/tenzor/utils/logging.hpp:49: warning: Member enable_console(bool enable) -> void (function) of class tenzor::Logger is not documented.
/home/lee/Projects/Tenzor/include/tenzor/utils/logging.hpp:22: warning: Member instance() -> Logger & (function) of class tenzor::Logger is not documented.
/home/lee/Projects/Tenzor/include/tenzor/autograd/function.hpp:371: warning: Member LogSoftmaxBackward(int64_t dim) (function) of class tenzor::LogSoftmaxBackward is not documented.
/home/lee/Projects/Tenzor/include/tenzor/autograd/function.hpp:426: warning: Member MaxBackward(std::optional< int64_t > dim, bool keepdim) (function) of class tenzor::MaxBackward is not documented.
/home/lee/Projects/Tenzor/include/tenzor/autograd/function.hpp:304: warning: Member MeanBackward(std::optional< int64_t > dim, bool keepdim) (function) of class tenzor::MeanBackward is not documented.
/home/lee/Projects/Tenzor/include/tenzor/backend/registry.hpp:25: warning: Member register_kernel(std::string_view op_name, Device::Type device_type, KernelFunction kernel) -> void (function) of class tenzor::OperationRegistry is not documented.
/home/lee/Projects/Tenzor/include/tenzor/backend/registry.hpp:30: warning: Member dispatch(const std::string &op_name, std::span< const Tensor > inputs, const OpAttributes &attrs) -> std::vector< Tensor > (function) of class tenzor::OperationRegistry is not documented.
/home/lee/Projects/Tenzor/include/tenzor/backend/registry.hpp:35: warning: Member has_kernel(std::string_view op_name, Device::Type device_type) const -> bool (function) of class tenzor::OperationRegistry is not documented.
/home/lee/Projects/Tenzor/include/tenzor/backend/registry.hpp:38: warning: Member registered_operations() const -> std::vector< std::string > (function) of class tenzor::OperationRegistry is not documented.
/home/lee/Projects/Tenzor/include/tenzor/core/shape.hpp:15: warning: Member size_type (typedef) of class tenzor::Shape is not documented.
/home/lee/Projects/Tenzor/include/tenzor/core/shape.hpp:18: warning: Member Shape(std::vector< size_type > dims) (function) of class tenzor::Shape is not documented.
/home/lee/Projects/Tenzor/include/tenzor/core/shape.hpp:21: warning: Member operator[](size_t idx) const -> size_type (function) of class tenzor::Shape is not documented.
/home/lee/Projects/Tenzor/include/tenzor/core/shape.hpp:22: warning: Member at(size_t idx) const -> size_type (function) of class tenzor::Shape is not documented.
/home/lee/Projects/Tenzor/include/tenzor/core/shape.hpp:23: warning: Member size() const -> size_t (function) of class tenzor::Shape is not documented.
/home/lee/Projects/Tenzor/include/tenzor/core/shape.hpp:24: warning: Member data() const -> const size_type * (function) of class tenzor::Shape is not documented.
/home/lee/Projects/Tenzor/include/tenzor/core/shape.hpp:25: warning: Member begin() const (function) of class tenzor::Shape is not documented.
/home/lee/Projects/Tenzor/include/tenzor/core/shape.hpp:26: warning: Member end() const (function) of class tenzor::Shape is not documented.
/home/lee/Projects/Tenzor/include/tenzor/core/shape.hpp:29: warning: Member push_back(size_type dim) -> void (function) of class tenzor::Shape is not documented.
/home/lee/Projects/Tenzor/include/tenzor/core/shape.hpp:30: warning: Member resize(size_t n) -> void (function) of class tenzor::Shape is not documented.
/home/lee/Projects/Tenzor/include/tenzor/core/shape.hpp:33: warning: Member numel() const -> size_type (function) of class tenzor::Shape is not documented.
/home/lee/Projects/Tenzor/include/tenzor/core/shape.hpp:39: warning: Member operator==(const Shape &other) const -> bool (function) of class tenzor::Shape is not documented.
/home/lee/Projects/Tenzor/include/tenzor/parallel/atomic.hpp:29: warning: Member lock() -> void (function) of class tenzor::SpinLock is not documented.
/home/lee/Projects/Tenzor/include/tenzor/parallel/atomic.hpp:40: warning: Member unlock() -> void (function) of class tenzor::SpinLock is not documented.
/home/lee/Projects/Tenzor/include/tenzor/parallel/atomic.hpp:44: warning: Member try_lock() -> bool (function) of class tenzor::SpinLock is not documented.
/home/lee/Projects/Tenzor/include/tenzor/core/storage.hpp:15: warning: Member data() -> void *=0 (function) of class tenzor::Storage is not documented.
/home/lee/Projects/Tenzor/include/tenzor/core/storage.hpp:16: warning: Member data() const -> const void *=0 (function) of class tenzor::Storage is not documented.
/home/lee/Projects/Tenzor/include/tenzor/core/storage.hpp:17: warning: Member size_bytes() const -> size_t=0 (function) of class tenzor::Storage is not documented.
/home/lee/Projects/Tenzor/include/tenzor/core/storage.hpp:18: warning: Member device() const -> Device=0 (function) of class tenzor::Storage is not documented.
/home/lee/Projects/Tenzor/include/tenzor/core/storage.hpp:19: warning: Member ref_count() const -> int64_t=0 (function) of class tenzor::Storage is not documented.
/home/lee/Projects/Tenzor/include/tenzor/autograd/function.hpp:284: warning: Member SumBackward(std::optional< int64_t > dim, bool keepdim) (function) of class tenzor::SumBackward is not documented.
/home/lee/Projects/Tenzor/include/tenzor/core/tensor.hpp:666: warning: Member impl() const -> const std::shared_ptr< TensorImpl > & (function) of class tenzor::Tensor is not documented.
/home/lee/Projects/Tenzor/include/tenzor/parallel/threadpool.hpp:17: warning: Member ThreadPool(size_t num_threads=std::thread::hardware_concurrency()) (function) of class tenzor::ThreadPool is not documented.
/home/lee/Projects/Tenzor/include/tenzor/parallel/threadpool.hpp:25: warning: Member submit(F &&func, Args &&... args) -> std::future< std::invoke_result_t< F, Args... > > (function) of class tenzor::ThreadPool is not documented.
/home/lee/Projects/Tenzor/include/tenzor/parallel/threadpool.hpp:29: warning: Member parallel_for(int64_t begin, int64_t end, F &&func) -> void (function) of class tenzor::ThreadPool is not documented.
/home/lee/Projects/Tenzor/include/tenzor/parallel/threadpool.hpp:32: warning: Member num_threads() const -> size_t (function) of class tenzor::ThreadPool is not documented.
/home/lee/Projects/Tenzor/include/tenzor/parallel/threadpool.hpp:35: warning: Member active_threads() const -> size_t (function) of class tenzor::ThreadPool is not documented.
/home/lee/Projects/Tenzor/include/tenzor/nn/layers/pooling.hpp:41: warning: Member AdaptiveAvgPool2d(int64_t output_h, int64_t output_w) (function) of class tenzor::nn::AdaptiveAvgPool2d is not documented.
/home/lee/Projects/Tenzor/include/tenzor/nn/layers/pooling.hpp:44: warning: Member AdaptiveAvgPool2d(int64_t output_size) (function) of class tenzor::nn::AdaptiveAvgPool2d is not documented.
/home/lee/Projects/Tenzor/include/tenzor/nn/layers/dropout.hpp:33: warning: Member AlphaDropout(double p=0.5) (function) of class tenzor::nn::AlphaDropout is not documented.
/home/lee/Projects/Tenzor/include/tenzor/nn/layers/pooling.hpp:26: warning: Member AvgPool2d(int64_t kernel_size, int64_t stride=-1, int64_t padding=0) (function) of class tenzor::nn::AvgPool2d is not documented.
p...
Generating code for file include/tenzor/utils/config.hpp...
Generating code for file include/tenzor/utils/error.hpp...
Generating code for file include/tenzor/utils/logging.hpp...
Generating file documentation...
Generating docs for file include/tenzor/autograd/function.hpp...
Generating docs for file include/tenzor/autograd/variable.hpp...
Generating docs for file include/tenzor/core/device.hpp...
Generating docs for file include/tenzor/core/dtype.hpp...
Generating docs for file include/tenzor/core/tensor.hpp...
Generating docs for file include/tenzor/nn/module.hpp...
Generating page documentation...
Generating group documentation...
Generating class documentation...
Generating concept documentation...
Generating module documentation...
Generating namespace documentation...
Generating docs for compound std::hash< tenzor::Device >...
Generating docs for compound tenzor::AbsBackward...
Generating docs for compound tenzor::AddBackward...
Generating docs for compound tenzor::AutogradException...
Generating docs for compound tenzor::Backend...
Generating docs for compound tenzor::BackendException...
Generating docs for compound tenzor::BackendLoader...
Generating docs for compound tenzor::BackwardEngine...
Generating docs for compound tenzor::ClampBackward...
Generating docs for compound tenzor::ComputationGraph...
Generating docs for compound tenzor::Config...
Generating docs for compound tenzor::CPUStorage...
Generating docs for compound tenzor::Device...
Generating docs for compound tenzor::DeviceException...
Generating docs for compound tenzor::DeviceStorage...
Generating docs for compound tenzor::Dispatcher...
Generating docs for compound tenzor::DivBackward...
Generating docs for compound tenzor::dtype_traits< dt >...
Generating docs for compound tenzor::dtype_traits< DType::Bool >...
Generating docs for compound tenzor::dtype_traits< DType::Complex128 >...
Generating docs for compound tenzor::dtype_traits< DType::Complex64 >...
Generating docs for compound tenzor::dtype_traits< DType::Float32 >...
Generating docs for compound tenzor::dtype_traits< DType::Float64 >...
Generating docs for compound tenzor::dtype_traits< DType::Int32 >...
Generating docs for compound tenzor::dtype_traits< DType::Int64 >...
Generating docs for compound tenzor::dtype_traits< DType::UInt8 >...
Generating docs for compound tenzor::DTypeException...
Generating docs for compound tenzor::ExpBackward...
Generating docs for compound tenzor::Function...
Generating docs for compound tenzor::GraphNode...
Generating docs for compound tenzor::LogBackward...
Generating docs for compound tenzor::Logger...
Generating docs for compound tenzor::LogSoftmaxBackward...
Generating docs for compound tenzor::MatMulBackward...
Generating docs for compound tenzor::MaxBackward...
Generating docs for compound tenzor::MeanBackward...
Generating docs for compound tenzor::MemoryException...
Generating docs for compound tenzor::MulBackward...
Generating docs for compound tenzor::NegBackward...
Generating docs for compound tenzor::NoGradGuard...
Generating docs for compound tenzor::OperationRegistry...
Generating docs for compound tenzor::ReLUBackward...
Generating docs for compound tenzor::Shape...
Generating docs for compound tenzor::ShapeException...
Generating docs for compound tenzor::SpinLock...
Generating docs for compound tenzor::Storage...
Generating docs for compound tenzor::SubBackward...
Generating docs for compound tenzor::SumBackward...
Generating docs for compound tenzor::Tensor...
Generating docs for compound tenzor::TensorImpl...
Generating docs for compound tenzor::TenzorException...
Generating docs for compound tenzor::ThreadPool...
Generating docs for compound tenzor::Variable...
Generating docs for concept tenzor::ScalarType...
Generating docs for concept tenzor::IntegralType...
Generating docs for concept tenzor::FloatingType...
Generating docs for compound tenzor::nn::AdaptiveAvgPool2d...
Generating docs for compound tenzor::nn::AlphaDropout...
Generating docs for compound tenzor::nn::AvgPool2d...
Generating docs for compound tenzor::nn::BatchN/home/lee/Projects/Tenzor/include/tenzor/nn/layers/batchnorm.hpp:38: warning: Member BatchNorm1d(int64_t num_features, double eps=1e-5, double momentum=0.1, bool affine=true, bool track_running_stats=true) (function) of class tenzor::nn::BatchNorm1d is not documented.
/home/lee/Projects/Tenzor/include/tenzor/nn/layers/batchnorm.hpp:11: warning: Member BatchNorm2d(int64_t num_features, double eps=1e-5, double momentum=0.1, bool affine=true, bool track_running_stats=true) (function) of class tenzor::nn::BatchNorm2d is not documented.
/home/lee/Projects/Tenzor/include/tenzor/nn/loss/losses.hpp:46: warning: Member BCELoss(Reduction reduction=Reduction::Mean) (function) of class tenzor::nn::BCELoss is not documented.
/home/lee/Projects/Tenzor/include/tenzor/nn/loss/losses.hpp:48: warning: Member forward(const Variable &input, const Variable &target) -> Variable (function) of class tenzor::nn::BCELoss is not documented.
/home/lee/Projects/Tenzor/include/tenzor/nn/loss/losses.hpp:49: warning: Member operator()(const Variable &input, const Variable &target) -> Variable (function) of class tenzor::nn::BCELoss is not documented.
/home/lee/Projects/Tenzor/include/tenzor/nn/loss/losses.hpp:60: warning: Member BCEWithLogitsLoss(Reduction reduction=Reduction::Mean) (function) of class tenzor::nn::BCEWithLogitsLoss is not documented.
/home/lee/Projects/Tenzor/include/tenzor/nn/loss/losses.hpp:62: warning: Member forward(const Variable &input, const Variable &target) -> Variable (function) of class tenzor::nn::BCEWithLogitsLoss is not documented.
/home/lee/Projects/Tenzor/include/tenzor/nn/loss/losses.hpp:63: warning: Member operator()(const Variable &input, const Variable &target) -> Variable (function) of class tenzor::nn::BCEWithLogitsLoss is not documented.
/home/lee/Projects/Tenzor/include/tenzor/nn/layers/conv.hpp:38: warning: Member Conv1d(int64_t in_channels, int64_t out_channels, int64_t kernel_size, int64_t stride=1, int64_t padding=0, int64_t dilation=1, int64_t groups=1, bool bias=true) (function) of class tenzor::nn::Conv1d is not documented.
/home/lee/Projects/Tenzor/include/tenzor/nn/layers/conv.hpp:12: warning: Member Conv2d(int64_t in_channels, int64_t out_channels, int64_t kernel_size, int64_t stride=1, int64_t padding=0, int64_t dilation=1, int64_t groups=1, bool bias=true) (function) of class tenzor::nn::Conv2d is not documented.
/home/lee/Projects/Tenzor/include/tenzor/nn/layers/conv.hpp:67: warning: Member ConvTranspose2d(int64_t in_channels, int64_t out_channels, int64_t kernel_size, int64_t stride=1, int64_t padding=0, int64_t output_padding=0, int64_t groups=1, bool bias=true) (function) of class tenzor::nn::ConvTranspose2d is not documented.
/home/lee/Projects/Tenzor/include/tenzor/nn/loss/losses.hpp:32: warning: Member CrossEntropyLoss(Reduction reduction=Reduction::Mean) (function) of class tenzor::nn::CrossEntropyLoss is not documented.
/home/lee/Projects/Tenzor/include/tenzor/nn/loss/losses.hpp:34: warning: Member forward(const Variable &input, const Tensor &target) -> Variable (function) of class tenzor::nn::CrossEntropyLoss is not documented.
/home/lee/Projects/Tenzor/include/tenzor/nn/loss/losses.hpp:35: warning: Member operator()(const Variable &input, const Tensor &target) -> Variable (function) of class tenzor::nn::CrossEntropyLoss is not documented.
/home/lee/Projects/Tenzor/include/tenzor/nn/layers/dropout.hpp:11: warning: Member Dropout(double p=0.5) (function) of class tenzor::nn::Dropout is not documented.
/home/lee/Projects/Tenzor/include/tenzor/nn/layers/dropout.hpp:22: warning: Member Dropout2d(double p=0.5) (function) of class tenzor::nn::Dropout2d is not documented.
/home/lee/Projects/Tenzor/include/tenzor/nn/activations/activations.hpp:69: warning: Member ELU(double alpha=1.0) (function) of class tenzor::nn::ELU is not documented.
/home/lee/Projects/Tenzor/include/tenzor/nn/layers/flatten.hpp:11: warning: Member Flatten(int64_t start_dim=1, int64_t end_dim=-1) (function) of class tenzor::nn::Flatten is not documented.
/home/lee/Projects/Tenzor/include/tenzor/nn/layers/normalization.hpp:44: warning: Member GroupNorm(int64_t num_groups, int64_t num_channels, double eps=1e-5, bool affine=true) (function) of class tenzor::nn::GroupNorm is not documented.
/home/lee/Projects/Tenzor/include/tenzor/nn/loss/losses.hpp:88: warning: Member L1Loss(Reduction reduction=Reduction::Mean) (function) of class tenzor::nn::L1Loss is not documented.
/home/lee/Projects/Tenzor/include/tenzor/nn/loss/losses.hpp:90: warning: Member forward(const Variable &input, const Variable &target) -> Variable (function) of class tenzor::nn::L1Loss is not documented.
/home/lee/Projects/Tenzor/include/tenzor/nn/loss/losses.hpp:91: warning: Member operator()(const Variable &input, const Variable &target) -> Variable (function) of class tenzor::nn::L1Loss is not documented.
/home/lee/Projects/Tenzor/include/tenzor/nn/layers/normalization.hpp:17: warning: Member LayerNorm(std::vector< int64_t > normalized_shape, double eps=1e-5, bool elementwise_affine=true) (function) of class tenzor::nn::LayerNorm is not documented.
/home/lee/Projects/Tenzor/include/tenzor/nn/activations/activations.hpp:18: warning: Member LeakyReLU(double negative_slope=0.01) (function) of class tenzor::nn::LeakyReLU is not documented.
/home/lee/Projects/Tenzor/include/tenzor/nn/layers/linear.hpp:12: warning: Member Linear(int64_t in_features, int64_t out_features, bool bias=true) (function) of class tenzor::nn::Linear is not documented.
/home/lee/Projects/Tenzor/include/tenzor/nn/layers/linear.hpp:17: warning: Member weight() const -> const Variable & (function) of class tenzor::nn::Linear is not documented.
/home/lee/Projects/Tenzor/include/tenzor/nn/layers/linear.hpp:18: warning: Member bias() const -> const std::optional< Variable > & (function) of class tenzor::nn::Linear is not documented.
/home/lee/Projects/Tenzor/include/tenzor/nn/activations/activations.hpp:59: warning: Member LogSoftmax(int64_t dim=-1) (function) of class tenzor::nn::LogSoftmax is not documented.
/home/lee/Projects/Tenzor/include/tenzor/nn/layers/pooling.hpp:11: warning: Member MaxPool2d(int64_t kernel_size, int64_t stride=-1, int64_t padding=0) (function) of class tenzor::nn::MaxPool2d is not documented.
/home/lee/Projects/Tenzor/include/tenzor/nn/loss/losses.hpp:18: warning: Member MSELoss(Reduction reduction=Reduction::Mean) (function) of class tenzor::nn::MSELoss is not documented.
/home/lee/Projects/Tenzor/include/tenzor/nn/loss/losses.hpp:20: warning: Member forward(const Variable &input, const Variable &target) -> Variable (function) of class tenzor::nn::MSELoss is not documented.
/home/lee/Projects/Tenzor/include/tenzor/nn/loss/losses.hpp:21: warning: Member operator()(const Variable &input, const Variable &target) -> Variable (function) of class tenzor::nn::MSELoss is not documented.
/home/lee/Projects/Tenzor/include/tenzor/nn/loss/losses.hpp:74: warning: Member NLLLoss(Reduction reduction=Reduction::Mean) (function) of class tenzor::nn::NLLLoss is not documented.
/home/lee/Projects/Tenzor/include/tenzor/nn/loss/losses.hpp:76: warning: Member forward(const Variable &input, const Tensor &target) -> Variable (function) of class tenzor::nn::NLLLoss is not documented.
/home/lee/Projects/Tenzor/include/tenzor/nn/loss/losses.hpp:77: warning: Member operator()(const Variable &input, const Tensor &target) -> Variable (function) of class tenzor::nn::NLLLoss is not documented.
/home/lee/Projects/Tenzor/include/tenzor/nn/serialize.hpp:21: warning: Member save(const std::unordered_map< std::string, Tensor > &state_dict, const std::string &path) (function) of class tenzor::nn::Serializer is not documented.
/home/lee/Projects/Tenzor/include/tenzor/nn/serialize.hpp:25: warning: Member load(const std::string &path) -> std::unordered_map< std::string, Tensor > (function) of class tenzor::nn::Serializer is not documented.
/home/lee/Projects/Tenzor/include/tenzor/nn/serialize.hpp:28: warning: Member is_valid_file(const std::string &path) -> bool (function) of class tenzor::nn::Serializer is not documented.
/home/lee/Projects/Tenzor/include/tenzor/nn/loss/losses.hpp:102: warning: Member SmoothL1Loss(Reduction reduction=Reduction::Mean, double beta=1.0) (function) of class tenzor::nn::SmoothL1Loss is not documented.
/home/lee/Projects/Tenzor/include/tenzor/nn/loss/losses.hpp:104: warning: Member forward(const Variable &input, const Variable &target) -> Variable (function) of class tenzor::nn::SmoothL1Loss is not documented.
/home/lee/Projects/Tenzor/include/tenzor/nn/loss/losses.hpp:105: warning: Member operator()(const Variable &input, const Variable &target) -> Variable (function) of class tenzor::nn::SmoothL1Loss is not documented.
/home/lee/Projects/Tenzor/include/tenzor/nn/activations/activations.hpp:49: warning: Member Softmax(int64_t dim=-1) (function) of class tenzor::nn::Softmax is not documented.
/home/lee/Projects/Tenzor/include/tenzor/nn/optim/adam.hpp:11: warning: Member Adam(std::vector< Variable * > params, double lr=1e-3, double beta1=0.9, double beta2=0.999, double eps=1e-8, double weight_decay=0.0, bool amsgrad=false) (function) of class tenzor::optim::Adam is not documented.
/home/lee/Projects/Tenzor/include/tenzor/nn/optim/adam.hpp:19: warning: Member step() -> void override (function) of class tenzor::optim::Adam is not documented.
/home/lee/Projects/Tenzor/include/tenzor/nn/optim/adam.hpp:22: warning: Member set_lr(double lr) -> void (function) of class tenzor::optim::Adam is not documented.
/home/lee/Projects/Tenzor/include/tenzor/nn/optim/adam.hpp:23: warning: Member get_lr() const -> double (function) of class tenzor::optim::Adam is not documented.
/home/lee/Projects/Tenzor/include/tenzor/nn/optim/adam.hpp:26: warning: Member state_dict() const -> std::unordered_map< std::string, Tensor > override (function) of class tenzor::optim::Adam is not documented.
/home/lee/Projects/Tenzor/include/tenzor/nn/optim/adam.hpp:27: warning: Member load_state_dict(const std::unordered_map< std::string, Tensor > &state) -> void override (function) of class tenzor::optim::Adam is not documented.
/home/lee/Projects/Tenzor/include/tenzor/nn/optim/optimizer.hpp:21: warning: Member zero_grad() -> void (function) of class tenzor::optim::Optimizer is not documented.
/home/lee/Projects/Tenzor/include/tenzor/nn/optim/optimizer.hpp:24: warning: Member parameters() const -> const std::vector< Variable * > & (function) of class tenzor::optim::Optimizer is not documented.
/home/lee/Projects/Tenzor/include/tenzor/nn/optim/optimizer.hpp:31: warning: Member save_state(const std::string &path) const -> void (function) of class tenzor::optim::Optimizer is not documented.
/home/lee/Projects/Tenzor/include/tenzor/nn/optim/optimizer.hpp:32: warning: Member load_state(const std::string &path) -> void (function) of class tenzor::optim::Optimizer is not documented.
/home/lee/Projects/Tenzor/include/tenzor/nn/optim/optimizer.hpp:35: warning: Member Optimizer(std::vector< Variable * > params) (function) of class tenzor::optim::Optimizer is not documented.
/home/lee/Projects/Tenzor/include/tenzor/nn/optim/optimizer.hpp:37: warning: Member parameters_ (variable) of class tenzor::optim::Optimizer is not documented.
/home/lee/Projects/Tenzor/include/tenzor/nn/optim/adam.hpp:48: warning: Member AdamW(std::vector< Variable * > params, double lr=1e-3, double beta1=0.9, double beta2=0.999, double eps=1e-8, double weight_decay=0.01, bool amsgrad=false) (function) of class tenzor::optim::AdamW is not documented.
/home/lee/Projects/Tenzor/include/tenzor/nn/optim/adam.hpp:56: warning: Member step() -> void override (function) of class tenzor::optim::AdamW is not documented.
/home/lee/Projects/Tenzor/include/tenzor/nn/optim/adam.hpp:58: warning: Member set_lr(double lr) -> void (function) of class tenzor::optim::AdamW is not documented.
/home/lee/Projects/Tenzor/include/tenzor/nn/optim/adam.hpp:59: warning: Member get_lr() const -> double (function) of class tenzor::optim::AdamW is not documented.
/home/lee/Projects/Tenzor/include/tenzor/nn/optim/adam.hpp:62: warning: Member state_dict() const -> std::unordered_map< std::string, Tensor > override (function) of class tenzor::optim::AdamW is not documented.
/home/lee/Projects/Tenzor/include/tenzor/nn/optim/adam.hpp:63: warning: Member load_state_dict(const std::unordered_map< std::string, Tensor > &state) -> void override (function) of class tenzor::optim::AdamW is not documented.
/home/lee/Projects/Tenzor/include/tenzor/nn/optim/scheduler.hpp:122: warning: Member CosineAnnealingLR(SGD &optimizer, int T_max, double eta_min=0.0) (function) of class tenzor::optim::CosineAnnealingLR is not documented.
/home/lee/Projects/Tenzor/include/tenzor/nn/optim/scheduler.hpp:125: warning: Member CosineAnnealingLR(Adam &optimizer, int T_max, double eta_min=0.0) (function) of class tenzor::optim::CosineAnnealingLR is not documented.
/home/lee/Projects/Tenzor/include/tenzor/nn/optim/scheduler.hpp:128: warning: Member CosineAnnealingLR(AdamW &optimizer, int T_max, double eta_min=0.0) (function) of class tenzor::optim::CosineAnnealingLR is not documented.
/home/lee/Projects/Tenzor/include/tenzor/nn/optim/scheduler.hpp:130: warning: Member step() -> void override (function) of class tenzor::optim::CosineAnnealingLR is not documented.
/home/lee/Projects/Tenzor/include/tenzor/nn/optim/scheduler.hpp:131: warning: Member get_last_lr() const -> double override (function) of class tenzor::optim::CosineAnnealingLR is not documented.
/home/lee/Projects/Tenzor/include/tenzor/nn/optim/scheduler.hpp:134: warning: Member get_epoch() const -> int (function) of class tenzor::optim::CosineAnnealingLR is not documented.
/home/lee/Projects/Tenzor/include/tenzor/nn/optim/scheduler.hpp:28: warning: Member get_lr() const -> double (function) of class tenzor::optim::LRScheduler is not documented.
/home/lee/Projects/Tenzor/include/tenzor/nn/optim/scheduler.hpp:81: warning: Member ExponentialLR(SGD &optimizer, double gamma) (function) of class tenzor::optim::ExponentialLR is not documented.
/home/lee/Projects/Tenzor/include/tenzor/nn/optim/scheduler.hpp:84: warning: Member ExponentialLR(Adam &optimizer, double gamma) (function) of class tenzor::optim::ExponentialLR is not documented.
/home/lee/Projects/Tenzor/include/tenzor/nn/optim/scheduler.hpp:87: warning: Member ExponentialLR(AdamW &optimizer, double gamma) (function) of class tenzor::optim::ExponentialLR is not documented.
/home/lee/Projects/Tenzor/include/tenzor/nn/optim/scheduler.hpp:89: warning: Member step() -> void override (function) of class tenzor::optim::ExponentialLR is not documented.
/home/lee/Projects/Tenzor/include/tenzor/nn/optim/scheduler.hpp:90: warning: Member get_last_lr() const -> double override (function) of class tenzor::optim::ExponentialLR is not documented.
/home/lee/Projects/Tenzor/include/tenzor/nn/optim/scheduler.hpp:93: warning: Member get_epoch() const -> int (function) of class tenzor::optim::ExponentialLR is not documented.
/home/lee/Projects/Tenzor/include/tenzor/nn/optim/scheduler.hpp:22: warning: Member step() -> void=0 (function) of class tenzor::optim::LRScheduler is not documented.
/home/lee/Projects/Tenzor/include/tenzor/nn/optim/scheduler.hpp:25: warning: Member get_last_lr() const -> double=0 (function) of class tenzor::optim::LRScheduler is not documented.
/home/lee/Projects/Tenzor/include/tenzor/nn/optim/optimizer.hpp:18: warning: Member step() -> void=0 (function) of class tenzor::optim::Optimizer is not documented.
/home/lee/Projects/Tenzor/include/tenzor/nn/optim/optimizer.hpp:27: warning: Member state_dict() const -> std::unordered_map< std::string, Tensor >=0 (function) of class tenzor::optim::Optimizer is not documented.
/home/lee/Projects/Tenzor/include/tenzor/nn/optim/optimizer.hpp:28: warning: Member load_state_dict(const std::unordered_map< std::string, Tensor > &state) -> void=0 (function) of class tenzor::optim::Optimizer is not documented.
/home/lee/Projects/Tenzor/include/tenzor/nn/optim/optimizer.hpp:42: warning: Member params (variable) of struct tenzor::optim::ParamGroup is not documented.
/home/lee/Projects/Tenzor/include/tenzor/nn/optim/optimizer.hpp:43: warning: Member lr (variable) of struct tenzor::optim::ParamGroup is not documented.
/home/lee/Projects/Tenzor/include/tenzor/nn/optim/optimizer.hpp:44: warning: Member weight_decay (variable) of struct tenzor::optim::ParamGroup is not documented.
/home/lee/Projects/Tenzor/include/tenzor/nn/optim/sgd.hpp:11: warning: Member SGD(std::vector< Variable * > params, double lr, double momentum=0.0, double dampening=0.0, double weight_decay=0.0, bool nesterov=false) (function) of class tenzor::optim::SGD is not documented.
/home/lee/Projects/Tenzor/include/tenzor/nn/optim/sgd.hpp:18: warning: Member step() -> void override (function) of class tenzor::optim::SGD is not documented.
/home/lee/Projects/Tenzor/include/tenzor/nn/optim/sgd.hpp:21: warning: Member set_lr(double lr) -> void (function) of class tenzor::optim::SGD is not documented.
/home/lee/Projects/Tenzor/include/tenzor/nn/optim/sgd.hpp:22: warning: Member get_lr() const -> double (function) of class tenzor::optim::SGD is not documented.
/home/lee/Projects/Tenzor/include/tenzor/nn/optim/sgd.hpp:25: warning: Member state_dict() const -> std::unordered_map< std::string, Tensor > override (function) of class tenzor::optim::SGD is not documented.
/home/lee/Projects/Tenzor/include/tenzor/nn/optim/sgd.hpp:26: warning: Member load_state_dict(const std::unordered_map< std::string, Tensor > &state) -> void override (function) of class tenzor::optim::SGD is not documented.
/home/lee/Projects/Tenzor/include/tenzor/nn/optim/scheduler.hpp:39: warning: Member StepLR(SGD &optimizer, int step_size, double gamma=0.1) (function) of class tenzor::optim::StepLR is not documented.
/home/lee/Projects/Tenzor/include/tenzor/nn/optim/scheduler.hpp:42: warning: Member StepLR(Adam &optimizer, int step_size, double gamma=0.1) (function) of class tenzor::optim::StepLR is not documented.
/home/lee/Projects/Tenzor/include/tenzor/nn/optim/scheduler.hpp:45: warning: Member StepLR(AdamW &optimizer, int step_size, double gamma=0.1) (function) of class tenzor::optim::StepLR is not documented.
/home/lee/Projects/Tenzor/include/tenzor/nn/optim/scheduler.hpp:47: warning: Member step() -> void override (function) of class tenzor::optim::StepLR is not documented.
/home/lee/Projects/Tenzor/include/tenzor/nn/optim/scheduler.hpp:48: warning: Member get_last_lr() const -> double override (function) of class tenzor::optim::StepLR is not documented.
/home/lee/Projects/Tenzor/include/tenzor/nn/optim/scheduler.hpp:51: warning: Member get_epoch() const -> int (function) of class tenzor::optim::StepLR is not documented.
orm1d...
Generating docs for compound tenzor::nn::BatchNorm2d...
Generating docs for compound tenzor::nn::BCELoss...
Generating docs for compound tenzor::nn::BCEWithLogitsLoss...
Generating docs for compound tenzor::nn::Conv1d...
Generating docs for compound tenzor::nn::Conv2d...
Generating docs for compound tenzor::nn::ConvTranspose2d...
Generating docs for compound tenzor::nn::CrossEntropyLoss...
Generating docs for compound tenzor::nn::Dropout...
Generating docs for compound tenzor::nn::Dropout2d...
Generating docs for compound tenzor::nn::ELU...
Generating docs for compound tenzor::nn::Flatten...
Generating docs for compound tenzor::nn::GELU...
Generating docs for compound tenzor::nn::GroupNorm...
Generating docs for compound tenzor::nn::L1Loss...
Generating docs for compound tenzor::nn::LayerNorm...
Generating docs for compound tenzor::nn::LeakyReLU...
Generating docs for compound tenzor::nn::Linear...
Generating docs for compound tenzor::nn::LogSoftmax...
Generating docs for compound tenzor::nn::MaxPool2d...
Generating docs for compound tenzor::nn::Mish...
Generating docs for compound tenzor::nn::Module...
Generating docs for compound tenzor::nn::MSELoss...
Generating docs for compound tenzor::nn::NLLLoss...
Generating docs for compound tenzor::nn::ReLU...
Generating docs for compound tenzor::nn::SELU...
Generating docs for compound tenzor::nn::Sequential...
Generating docs for compound tenzor::nn::Serializer...
Generating docs for compound tenzor::nn::Sigmoid...
Generating docs for compound tenzor::nn::SmoothL1Loss...
Generating docs for compound tenzor::nn::Softmax...
Generating docs for compound tenzor::nn::Swish...
Generating docs for compound tenzor::nn::Tanh...
Generating docs for compound tenzor::optim::Adam...
Generating docs for compound tenzor::optim::AdamW...
Generating docs for compound tenzor::optim::CosineAnnealingLR...
Generating docs for compound tenzor::optim::ExponentialLR...
Generating docs for compound tenzor::optim::LRScheduler...
Generating docs for compound tenzor::optim::Optimizer...
Generating docs for compound tenzor::optim::ParamGroup...
Generating docs for compound tenzor::optim::SGD...
Generating docs for compound tenzor::optim::StepLR...
Generating graph info page...
Generating directory documentation...
Generating dependency graph for directory include/tenzor/nn/activations
Generating dependency graph for directory include/tenzor/autograd
Generating dependency graph for directory include/tenzor/backend
Generating dependency graph for directory include/tenzor/core
Generating dependency graph for directory include
Generating dependency graph for directory include/tenzor/nn/layers
Generating dependency graph for directory include/tenzor/nn/loss
Generating dependency graph for directory include/tenzor/nn
Generating dependency graph for directory include/tenzor/ops
Generating dependency graph for directory include/tenzor/nn/optim
Generating dependency graph for directory include/tenzor/parallel
Generating dependency graph for directory include/tenzor
Generating dependency graph for directory include/tenzor/utils
Generating index page...
Generating page index...
Generating topic index...
Generating module index...
Generating module member index...
Generating namespace index...
Generating namespace member index...
Generating concept index...
Generating annotated compound index...
Generating alphabetical compound index...
Generating hierarchical class index...
Generating graphical class hierarchy...
Generating member index...
Generating file index...
Generating file member index...
Generating example index...
finalizing index lists...
writing tag file...
Running plantuml with JAVA...
Running dot...
Generating dot graphs using 17 parallel threads...
Running dot for graph 1/193
Running dot for graph 2/193
Running dot for graph 3/193
Running dot for graph 4/193
Running dot for graph 5/193
Running dot for graph 6/193
Running dot for graph 7/193
Running dot for graph 8/193
Running dot for graph 9/193
Running dot for graph 10/193
Running dot for graph 11/193
Running dot for graph 12/193
Running dot for graph 13/193
Running dot for graph 14/193
Running dot for graph 15/193
Running dot for graph 16/193
Running dot for graph 17/193
Running dot for graph 18/193
Running dot for graph 19/193
Running dot for graph 20/193
Running dot for graph 21/193
Running dot for graph 22/193
Running dot for graph 23/193
Running dot for graph 24/193
Running dot for graph 25/193
Running dot for graph 26/193
Running dot for graph 27/193
Running dot for graph 28/193
Running dot for graph 29/193
Running dot for graph 30/193
Running dot for graph 31/193
Running dot for graph 32/193
Running dot for graph 33/193
Running dot for graph 34/193
Running dot for graph 35/193
Running dot for graph 36/193
Running dot for graph 37/193
Running dot for graph 38/193
Running dot for graph 39/193
Running dot for graph 40/193
Running dot for graph 41/193
Running dot for graph 42/193
Running dot for graph 43/193
Running dot for graph 44/193
Running dot for graph 45/193
Running dot for graph 46/193
Running dot for graph 47/193
Running dot for graph 48/193
Running dot for graph 49/193
Running dot for graph 50/193
Running dot for graph 51/193
Running dot for graph 52/193
Running dot for graph 53/193
Running dot for graph 54/193
Running dot for graph 55/193
Running dot for graph 56/193
Running dot for graph 57/193
Running dot for graph 58/193
Running dot for graph 59/193
Running dot for graph 60/193
Running dot for graph 61/193
Running dot for graph 62/193
Running dot for graph 63/193
Running dot for graph 64/193
Running dot for graph 65/193
Running dot for graph 66/193
Running dot for graph 67/193
Running dot for graph 68/193
Running dot for graph 69/193
Running dot for graph 70/193
Running dot for graph 71/193
Running dot for graph 72/193
Running dot for graph 73/193
Running dot for graph 74/193
Running dot for graph 75/193
Running dot for graph 76/193
Running dot for graph 77/193
Running dot for graph 78/193
Running dot for graph 79/193
Running dot for graph 80/193
Running dot for graph 81/193
Running dot for graph 82/193
Running dot for graph 83/193
Running dot for graph 84/193
Running dot for graph 85/193
Running dot for graph 86/193
Running dot for graph 87/193
Running dot for graph 88/193
Running dot for graph 89/193
Running dot for graph 90/193
Running dot for graph 91/193
Running dot for graph 92/193
Running dot for graph 93/193
Running dot for graph 94/193
Running dot for graph 95/193
Running dot for graph 96/193
Running dot for graph 97/193
Running dot for graph 98/193
Running dot for graph 99/193
Running dot for graph 100/193
Running dot for graph 101/193
Running dot for graph 102/193
Running dot for graph 103/193
Running dot for graph 104/193
Running dot for graph 105/193
Running dot for graph 106/193
Running dot for graph 107/193
Running dot for graph 108/193
Running dot for graph 109/193
Running dot for graph 110/193
Running dot for graph 111/193
Running dot for graph 112/193
Running dot for graph 113/193
Running dot for graph 114/193
Running dot for graph 115/193
Running dot for graph 116/193
Running dot for graph 117/193
Running dot for graph 118/193
Running dot for graph 119/193
Running dot for graph 120/193
Running dot for graph 121/193
Running dot for graph 122/193
Running dot for graph 123/193
Running dot for graph 124/193
Running dot for graph 125/193
Running dot for graph 126/193
Running dot for graph 127/193
Running dot for graph 128/193
Running dot for graph 129/193
Running dot for graph 130/193
Running dot for graph 131/193
Running dot for graph 132/193
Running dot for graph 133/193
Running dot for graph 134/193
Running dot for graph 135/193
Running dot for graph 136/193
Running dot for graph 137/193
Running dot for graph 138/193
Running dot for graph 139/193
Running dot for graph 140/193
Running dot for graph 141/193
Running dot for graph 142/193
Running dot for graph 143/193
Running dot for graph 144/193
Running dot for graph 145/193
Running dot for graph 146/193
Running dot for graph 147/193
Running dot for graph 148/193
Running dot for graph 149/193
Running dot for graph 150/193
Running dot for graph 151/193
Running dot for graph 152/193
Running dot for graph 153/193
Running dot for graph 154/193
Running dot for graph 155/193
Running dot for graph 156/193
Running dot for graph 157/193
Running dot for graph 158/193
Running dot for graph 159/193
Running dot for graph 160/193
Running dot for graph 161/193
Running dot for graph 162/193
Running dot for graph 163/193
Running dot for graph 164/193
Running dot for graph 165/193
Running dot for graph 166/193
Running dot for graph 167/193
Running dot for graph 168/193
Running dot for graph 169/193
Running dot for graph 170/193
Running dot for graph 171/193
Running dot for graph 172/193
Running dot for graph 173/193
Running dot for graph 174/193
Running dot for graph 175/193
Running dot for graph 176/193
Running dot for graph 177/193
Running dot for graph 178/193
Running dot for graph 179/193
Running dot for graph 180/193
Running dot for graph 181/193
Running dot for graph 182/193
Running dot for graph 183/193
Running dot for graph 184/193
Running dot for graph 185/193
Running dot for graph 186/193
Running dot for graph 187/193
Running dot for graph 188/193
Running dot for graph 189/193
Running dot for graph 190/193
Running dot for graph 191/193
Running dot for graph 192/193
Running dot for graph 193/193
Patching output file 1/85
Patching output file 2/85
Patching output file 3/85
Patching output file 4/85
Patching output file 5/85
Patching output file 6/85
Patching output file 7/85
Patching output file 8/85
Patching output file 9/85
Patching output file 10/85
Patching output file 11/85
Patching output file 12/85
Patching output file 13/85
Patching output file 14/85
Patching output file 15/85
Patching output file 16/85
Patching output file 17/85
Patching output file 18/85
Patching output file 19/85
Patching output file 20/85
Patching output file 21/85
Patching output file 22/85
Patching output file 23/85
Patching output file 24/85
Patching output file 25/85
Patching output file 26/85
Patching output file 27/85
Patching output file 28/85
Patching output file 29/85
Patching output file 30/85
Patching output file 31/85
Patching output file 32/85
Patching output file 33/85
Patching output file 34/85
Patching output file 35/85
Patching output file 36/85
Patching output file 37/85
Patching output file 38/85
Patching output file 39/85
Patching output file 40/85
Patching output file 41/85
Patching output file 42/85
Patching output file 43/85
Patching output file 44/85
Patching output file 45/85
Patching output file 46/85
Patching output file 47/85
Patching output file 48/85
Patching output file 49/85
Patching output file 50/85
Patching output file 51/85
Patching output file 52/85
Patching output file 53/85
Patching output file 54/85
Patching output file 55/85
Patching output file 56/85
Patching output file 57/85
Patching output file 58/85
Patching output file 59/85
Patching output file 60/85
Patching output file 61/85
Patching output file 62/85
Patching output file 63/85
Patching output file 64/85
Patching output file 65/85
Patching output file 66/85
Patching output file 67/85
Patching output file 68/85
Patching output file 69/85
Patching output file 70/85
Patching output file 71/85
Patching output file 72/85
Patching output file 73/85
Patching output file 74/85
Patching output file 75/85
Patching output file 76/85
Patching output file 77/85
Patching output file 78/85
Patching output file 79/85
Patching output file 80/85
Patching output file 81/85
Patching output file 82/85
Patching output file 83/85
Patching output file 84/85
Patching output file 85/85
type lookup cache used 826/65536 hits=4495 misses=1399
symbol lookup cache used 2342/65536 hits=13747 misses=2342
finished...
