609 - AllBackends/InPlaceOpsTest.InPlaceAddition/"oneapi" (Failed)
        613 - AllBackends/InPlaceOpsTest.InPlaceMultiplication/"oneapi" (Failed)
        617 - AllBackends/InPlaceOpsTest.InPlaceSubtraction/"oneapi" (Failed)
        621 - AllBackends/InPlaceOpsTest.InPlaceDivision/"oneapi" (Failed)
        689 - AllBackends/AutogradTransformBackendTest.ReshapeBackwardPass/"oneapi" (Failed)
        693 - AllBackends/AutogradTransformBackendTest.ReshapeChainedOperations/"oneapi" (Failed)
        701 - AllBackends/AutogradTransformBackendTest.PermuteBackwardPass/"oneapi" (Failed)
        705 - AllBackends/AutogradTransformBackendTest.PermuteTranspose/"oneapi" (Failed)
        709 - AllBackends/AutogradTransformBackendTest.PermuteWithSum/"oneapi" (Failed)
        713 - AllBackends/AutogradTransformBackendTest.ReshapeAndPermuteCombined/"oneapi" (Failed)
        725 - AllBackends/AutogradTransformBackendTest.GradientCorrectness/"oneapi" (Failed)
        729 - AllBackends/AutogradTransformBackendTest.MultipleReshapes/"oneapi" (Failed)
        733 - AllBackends/AutogradTransformBackendTest.MultiplePermutes/"oneapi" (Failed)
        785 - AllBackends/TransformTest.View_SharesStorage/"oneapi" (Failed)
        985 - AllBackends/LossTest.BCELossBasic/"oneapi" (Failed)
        989 - AllBackends/LossTest.BCELossPerfectPrediction/"oneapi" (Failed)
        993 - AllBackends/LossTest.BCELossMixedTargets/"oneapi" (Failed)
        1029 - AllBackends/LossTest.BCELossClass/"oneapi" (Failed)
        1045 - AllBackends/LossTest.BCELossGradientRequired/"oneapi" (Failed)
        1337 - AllBackends/NNTest.MaxPool2d/"oneapi" (Subprocess aborted)
        1345 - AllBackends/TrainingTest.SimpleOptimization/"oneapi" (Failed)
        1349 - AllBackends/TrainingTest.MultiStepTraining/"oneapi" (Failed)
        1353 - AllBackends/TrainingTest.AdamOptimizer/"oneapi" (Failed)
        1361 - AllBackends/TrainingTest.GradientAccumulation/"oneapi" (Failed)
        1365 - AllBackends/TrainingTest.SimpleMLP_Training/"oneapi" (Failed)
        1369 - AllBackends/TrainingTest.CrossEntropyLoss/"oneapi" (Failed)
        1373 - AllBackends/TrainingTest.ParameterUpdate/"oneapi" (Failed)
        1526 - AllBackends/Conv2dBackendTest.GroupsDepthwise/"oneapi" (Failed)
        1530 - AllBackends/Conv2dBackendTest.Groups2/"oneapi" (Failed)
        1534 - AllBackends/Conv2dBackendTest.Groups4/"oneapi" (Failed)
        1582 - AllBackends/Conv2dBackendTest.CombinedAllParameters/"oneapi" (Failed)
        1586 - AllBackends/Conv2dBackendTest.ConsistentOutput/"oneapi" (Failed)
        1602 - AllBackends/Conv2dBackendTest.BackwardPassExecutes/"oneapi" (Failed)
        1606 - AllBackends/Conv2dBackendTest.GradientNonZero/"oneapi" (Failed)
        1654 - AllBackends/Conv2dBackendTest.MobileNetDepthwiseSeparable/"oneapi" (Failed)
        1669 - AllBackendsAllDTypes/Conv2dMultiDTypeTest.ForwardShapeBasic/oneapi_float64 (Failed)
        1670 - AllBackendsAllDTypes/Conv2dMultiDTypeTest.ForwardShapeBasic/oneapi_float16 (Failed)
        1681 - AllBackendsAllDTypes/Conv2dMultiDTypeTest.ForwardShapeSingleBatch/oneapi_float64 (Failed)
        1682 - AllBackendsAllDTypes/Conv2dMultiDTypeTest.ForwardShapeSingleBatch/oneapi_float16 (Failed)
        1693 - AllBackendsAllDTypes/Conv2dMultiDTypeTest.ForwardShapeMultiBatch/oneapi_float64 (Failed)
        1694 - AllBackendsAllDTypes/Conv2dMultiDTypeTest.ForwardShapeMultiBatch/oneapi_float16 (Failed)
        1705 - AllBackendsAllDTypes/Conv2dMultiDTypeTest.KernelSize1x1/oneapi_float64 (Failed)
        1706 - AllBackendsAllDTypes/Conv2dMultiDTypeTest.KernelSize1x1/oneapi_float16 (Failed)
        1717 - AllBackendsAllDTypes/Conv2dMultiDTypeTest.KernelSize3x3/oneapi_float64 (Failed)
        1718 - AllBackendsAllDTypes/Conv2dMultiDTypeTest.KernelSize3x3/oneapi_float16 (Failed)
        1729 - AllBackendsAllDTypes/Conv2dMultiDTypeTest.KernelSize5x5/oneapi_float64 (Failed)
        1730 - AllBackendsAllDTypes/Conv2dMultiDTypeTest.KernelSize5x5/oneapi_float16 (Failed)
        1741 - AllBackendsAllDTypes/Conv2dMultiDTypeTest.KernelSize7x7/oneapi_float64 (Failed)
        1742 - AllBackendsAllDTypes/Conv2dMultiDTypeTest.KernelSize7x7/oneapi_float16 (Failed)
        1753 - AllBackendsAllDTypes/Conv2dMultiDTypeTest.Stride1/oneapi_float64 (Failed)
        1754 - AllBackendsAllDTypes/Conv2dMultiDTypeTest.Stride1/oneapi_float16 (Failed)
        1765 - AllBackendsAllDTypes/Conv2dMultiDTypeTest.Stride2/oneapi_float64 (Failed)
        1766 - AllBackendsAllDTypes/Conv2dMultiDTypeTest.Stride2/oneapi_float16 (Failed)
        1777 - AllBackendsAllDTypes/Conv2dMultiDTypeTest.Stride3/oneapi_float64 (Failed)
        1778 - AllBackendsAllDTypes/Conv2dMultiDTypeTest.Stride3/oneapi_float16 (Failed)
        1789 - AllBackendsAllDTypes/Conv2dMultiDTypeTest.Stride4/oneapi_float64 (Failed)
        1790 - AllBackendsAllDTypes/Conv2dMultiDTypeTest.Stride4/oneapi_float16 (Failed)
        1801 - AllBackendsAllDTypes/Conv2dMultiDTypeTest.Padding0/oneapi_float64 (Failed)
        1802 - AllBackendsAllDTypes/Conv2dMultiDTypeTest.Padding0/oneapi_float16 (Failed)
        1813 - AllBackendsAllDTypes/Conv2dMultiDTypeTest.Padding1/oneapi_float64 (Failed)
        1814 - AllBackendsAllDTypes/Conv2dMultiDTypeTest.Padding1/oneapi_float16 (Failed)
        1825 - AllBackendsAllDTypes/Conv2dMultiDTypeTest.Padding2/oneapi_float64 (Failed)
        1826 - AllBackendsAllDTypes/Conv2dMultiDTypeTest.Padding2/oneapi_float16 (Failed)
        1837 - AllBackendsAllDTypes/Conv2dMultiDTypeTest.PaddingSamePadding/oneapi_float64 (Failed)
        1838 - AllBackendsAllDTypes/Conv2dMultiDTypeTest.PaddingSamePadding/oneapi_float16 (Failed)
        1849 - AllBackendsAllDTypes/Conv2dMultiDTypeTest.Dilation1/oneapi_float64 (Failed)
        1850 - AllBackendsAllDTypes/Conv2dMultiDTypeTest.Dilation1/oneapi_float16 (Failed)
        1861 - AllBackendsAllDTypes/Conv2dMultiDTypeTest.Dilation2/oneapi_float64 (Failed)
        1862 - AllBackendsAllDTypes/Conv2dMultiDTypeTest.Dilation2/oneapi_float16 (Failed)
        1873 - AllBackendsAllDTypes/Conv2dMultiDTypeTest.Dilation3/oneapi_float64 (Failed)
        1874 - AllBackendsAllDTypes/Conv2dMultiDTypeTest.Dilation3/oneapi_float16 (Failed)
        1885 - AllBackendsAllDTypes/Conv2dMultiDTypeTest.DilationWithPadding/oneapi_float64 (Failed)
        1886 - AllBackendsAllDTypes/Conv2dMultiDTypeTest.DilationWithPadding/oneapi_float16 (Failed)
        1897 - AllBackendsAllDTypes/Conv2dMultiDTypeTest.Groups1Standard/oneapi_float64 (Failed)
        1898 - AllBackendsAllDTypes/Conv2dMultiDTypeTest.Groups1Standard/oneapi_float16 (Failed)
        1908 - AllBackendsAllDTypes/Conv2dMultiDTypeTest.GroupsDepthwise/oneapi_float32 (Failed)
        1909 - AllBackendsAllDTypes/Conv2dMultiDTypeTest.GroupsDepthwise/oneapi_float64 (Failed)
        1910 - AllBackendsAllDTypes/Conv2dMultiDTypeTest.GroupsDepthwise/oneapi_float16 (Failed)
        1920 - AllBackendsAllDTypes/Conv2dMultiDTypeTest.Groups2/oneapi_float32 (Failed)
        1921 - AllBackendsAllDTypes/Conv2dMultiDTypeTest.Groups2/oneapi_float64 (Failed)
        1922 - AllBackendsAllDTypes/Conv2dMultiDTypeTest.Groups2/oneapi_float16 (Failed)
        1932 - AllBackendsAllDTypes/Conv2dMultiDTypeTest.Groups4/oneapi_float32 (Failed)
        1933 - AllBackendsAllDTypes/Conv2dMultiDTypeTest.Groups4/oneapi_float64 (Failed)
        1934 - AllBackendsAllDTypes/Conv2dMultiDTypeTest.Groups4/oneapi_float16 (Failed)
        1969 - AllBackendsAllDTypes/Conv2dMultiDTypeTest.BiasEffect/oneapi_float64 (Failed)
        1970 - AllBackendsAllDTypes/Conv2dMultiDTypeTest.BiasEffect/oneapi_float16 (Failed)
        2005 - AllBackendsAllDTypes/Conv2dMultiDTypeTest.EdgeCase1x1Image/oneapi_float64 (Failed)
        2006 - AllBackendsAllDTypes/Conv2dMultiDTypeTest.EdgeCase1x1Image/oneapi_float16 (Failed)
        2017 - AllBackendsAllDTypes/Conv2dMultiDTypeTest.EdgeCaseLargeImage/oneapi_float64 (Failed)
        2018 - AllBackendsAllDTypes/Conv2dMultiDTypeTest.EdgeCaseLargeImage/oneapi_float16 (Failed)
        2029 - AllBackendsAllDTypes/Conv2dMultiDTypeTest.EdgeCaseVeryLargeBatch/oneapi_float64 (Failed)
        2030 - AllBackendsAllDTypes/Conv2dMultiDTypeTest.EdgeCaseVeryLargeBatch/oneapi_float16 (Failed)
        2041 - AllBackendsAllDTypes/Conv2dMultiDTypeTest.EdgeCaseSingleChannel/oneapi_float64 (Failed)
        2042 - AllBackendsAllDTypes/Conv2dMultiDTypeTest.EdgeCaseSingleChannel/oneapi_float16 (Failed)
        2053 - AllBackendsAllDTypes/Conv2dMultiDTypeTest.EdgeCaseManyChannels/oneapi_float64 (Failed)
        2054 - AllBackendsAllDTypes/Conv2dMultiDTypeTest.EdgeCaseManyChannels/oneapi_float16 (Failed)
        2065 - AllBackendsAllDTypes/Conv2dMultiDTypeTest.CombinedStrideAndPadding/oneapi_float64 (Failed)
        2066 - AllBackendsAllDTypes/Conv2dMultiDTypeTest.CombinedStrideAndPadding/oneapi_float16 (Failed)
        2076 - AllBackendsAllDTypes/Conv2dMultiDTypeTest.CombinedAllParameters/oneapi_float32 (Failed)
        2077 - AllBackendsAllDTypes/Conv2dMultiDTypeTest.CombinedAllParameters/oneapi_float64 (Failed)
        2078 - AllBackendsAllDTypes/Conv2dMultiDTypeTest.CombinedAllParameters/oneapi_float16 (Failed)
        2088 - AllBackendsAllDTypes/Conv2dMultiDTypeTest.ConsistentOutput/oneapi_float32 (Failed)
        2089 - AllBackendsAllDTypes/Conv2dMultiDTypeTest.ConsistentOutput/oneapi_float64 (Failed)
        2090 - AllBackendsAllDTypes/Conv2dMultiDTypeTest.ConsistentOutput/oneapi_float16 (Failed)
        2101 - AllBackendsAllDTypes/Conv2dMultiDTypeTest.DifferentInputsSameSize/oneapi_float64 (Failed)
        2102 - AllBackendsAllDTypes/Conv2dMultiDTypeTest.DifferentInputsSameSize/oneapi_float16 (Failed)
        2113 - AllBackendsAllDTypes/Conv2dMultiDTypeTest.RequiresGrad/oneapi_float64 (Failed)
        2114 - AllBackendsAllDTypes/Conv2dMultiDTypeTest.RequiresGrad/oneapi_float16 (Failed)
        2125 - AllBackendsAllDTypes/Conv2dMultiDTypeTest.NoGradWhenInputNoGrad/oneapi_float64 (Failed)
        2126 - AllBackendsAllDTypes/Conv2dMultiDTypeTest.NoGradWhenInputNoGrad/oneapi_float16 (Failed)
        2136 - AllBackendsAllDTypes/Conv2dMultiDTypeTest.BackwardPassExecutes/oneapi_float32 (Failed)
        2137 - AllBackendsAllDTypes/Conv2dMultiDTypeTest.BackwardPassExecutes/oneapi_float64 (Failed)
        2138 - AllBackendsAllDTypes/Conv2dMultiDTypeTest.BackwardPassExecutes/oneapi_float16 (Failed)
        2148 - AllBackendsAllDTypes/Conv2dMultiDTypeTest.GradientNonZero/oneapi_float32 (Failed)
        2149 - AllBackendsAllDTypes/Conv2dMultiDTypeTest.GradientNonZero/oneapi_float64 (Failed)
        2150 - AllBackendsAllDTypes/Conv2dMultiDTypeTest.GradientNonZero/oneapi_float16 (Failed)
        2185 - AllBackendsAllDTypes/Conv2dMultiDTypeTest.BottleneckConfiguration/oneapi_float64 (Failed)
        2186 - AllBackendsAllDTypes/Conv2dMultiDTypeTest.BottleneckConfiguration/oneapi_float16 (Failed)
        2197 - AllBackendsAllDTypes/Conv2dMultiDTypeTest.ResidualConnection/oneapi_float64 (Failed)
        2198 - AllBackendsAllDTypes/Conv2dMultiDTypeTest.ResidualConnection/oneapi_float16 (Failed)
        2209 - AllBackendsAllDTypes/Conv2dMultiDTypeTest.MemoryEfficiencySmall/oneapi_float64 (Failed)
        2210 - AllBackendsAllDTypes/Conv2dMultiDTypeTest.MemoryEfficiencySmall/oneapi_float16 (Failed)
        2221 - AllBackendsAllDTypes/Conv2dMultiDTypeTest.MemoryEfficiencyLarge/oneapi_float64 (Failed)
        2222 - AllBackendsAllDTypes/Conv2dMultiDTypeTest.MemoryEfficiencyLarge/oneapi_float16 (Failed)
        2234 - AllBackendsAllDTypes/Conv2dMultiDTypeTest.InvalidInputDimensions/oneapi_float16 (Failed)
        2246 - AllBackendsAllDTypes/Conv2dMultiDTypeTest.InvalidChannelCount/oneapi_float16 (Failed)
        2269 - AllBackendsAllDTypes/Conv2dMultiDTypeTest.VGGStyleBlock/oneapi_float64 (Failed)
        2270 - AllBackendsAllDTypes/Conv2dMultiDTypeTest.VGGStyleBlock/oneapi_float16 (Failed)
        2281 - AllBackendsAllDTypes/Conv2dMultiDTypeTest.InceptionStyleBranch/oneapi_float64 (Failed)
        2282 - AllBackendsAllDTypes/Conv2dMultiDTypeTest.InceptionStyleBranch/oneapi_float16 (Failed)
        2292 - AllBackendsAllDTypes/Conv2dMultiDTypeTest.MobileNetDepthwiseSeparable/oneapi_float32 (Failed)
        2293 - AllBackendsAllDTypes/Conv2dMultiDTypeTest.MobileNetDepthwiseSeparable/oneapi_float64 (Failed)
        2294 - AllBackendsAllDTypes/Conv2dMultiDTypeTest.MobileNetDepthwiseSeparable/oneapi_float16 (Failed)
        2305 - AllBackendsAllDTypes/Conv2dMultiDTypeTest.ResNetBottleneck/oneapi_float64 (Failed)
        2306 - AllBackendsAllDTypes/Conv2dMultiDTypeTest.ResNetBottleneck/oneapi_float16 (Failed)
        2317 - AllBackendsAllDTypes/Conv2dMultiDTypeTest.DTypePreservationForward/oneapi_float64 (Failed)
        2318 - AllBackendsAllDTypes/Conv2dMultiDTypeTest.DTypePreservationForward/oneapi_float16 (Failed)
        2328 - AllBackendsAllDTypes/Conv2dMultiDTypeTest.DTypePreservationBackward/oneapi_float32 (Failed)
        2329 - AllBackendsAllDTypes/Conv2dMultiDTypeTest.DTypePreservationBackward/oneapi_float64 (Failed)
        2330 - AllBackendsAllDTypes/Conv2dMultiDTypeTest.DTypePreservationBackward/oneapi_float16 (Failed)
        2693 - AllBackends/RNNTestFixture.BasicForward/"oneapi" (Failed)
        2697 - AllBackends/RNNTestFixture.MultiLayer/"oneapi" (Failed)
        2701 - AllBackends/RNNTestFixture.BatchFirst/"oneapi" (Failed)
        2705 - AllBackends/RNNTestFixture.Bidirectional/"oneapi" (Failed)
        2709 - AllBackends/RNNTestFixture.BidirectionalMultiLayer/"oneapi" (Failed)
        2713 - AllBackends/RNNTestFixture.WithDropout/"oneapi" (Failed)
        2717 - AllBackends/RNNTestFixture.InitialHiddenState/"oneapi" (Failed)
        2721 - AllBackends/RNNTestFixture.SequenceLengthVariation/"oneapi" (Failed)
        2725 - AllBackends/RNNTestFixture.BatchSizeVariation/"oneapi" (Failed)
        2733 - AllBackends/RNNTestFixture.OutputConsistency/"oneapi" (Failed)
        2737 - AllBackends/RNNTestFixture.GradientFlow/"oneapi" (Failed)
        2749 - AllBackends/RNNTestFixture.LargeHidden/"oneapi" (Failed)
        2769 - AllBackendsAllDTypes/RNNMultiDTypeTest.RNNCellBasicForward/oneapi_float16 (Failed)
        2781 - AllBackendsAllDTypes/RNNMultiDTypeTest.RNNCellReLUActivation/oneapi_float16 (Failed)
        2793 - AllBackendsAllDTypes/RNNMultiDTypeTest.RNNCellNoInitialHidden/oneapi_float16 (Failed)
        2805 - AllBackendsAllDTypes/RNNMultiDTypeTest.RNNCellNoBias/oneapi_float16 (Failed)
        2827 - AllBackendsAllDTypes/RNNMultiDTypeTest.RNNBasicForward/oneapi_float32 (Failed)
        2828 - AllBackendsAllDTypes/RNNMultiDTypeTest.RNNBasicForward/oneapi_float64 (Failed)
        2829 - AllBackendsAllDTypes/RNNMultiDTypeTest.RNNBasicForward/oneapi_float16 (Failed)
        2839 - AllBackendsAllDTypes/RNNMultiDTypeTest.RNNMultiLayer/oneapi_float32 (Failed)
        2840 - AllBackendsAllDTypes/RNNMultiDTypeTest.RNNMultiLayer/oneapi_float64 (Failed)
        2841 - AllBackendsAllDTypes/RNNMultiDTypeTest.RNNMultiLayer/oneapi_float16 (Failed)
        2851 - AllBackendsAllDTypes/RNNMultiDTypeTest.RNNBatchFirst/oneapi_float32 (Failed)
        2852 - AllBackendsAllDTypes/RNNMultiDTypeTest.RNNBatchFirst/oneapi_float64 (Failed)
        2853 - AllBackendsAllDTypes/RNNMultiDTypeTest.RNNBatchFirst/oneapi_float16 (Failed)
        2863 - AllBackendsAllDTypes/RNNMultiDTypeTest.RNNBidirectional/oneapi_float32 (Failed)
        2864 - AllBackendsAllDTypes/RNNMultiDTypeTest.RNNBidirectional/oneapi_float64 (Failed)
        2865 - AllBackendsAllDTypes/RNNMultiDTypeTest.RNNBidirectional/oneapi_float16 (Failed)
        2875 - AllBackendsAllDTypes/RNNMultiDTypeTest.RNNBidirectionalMultiLayer/oneapi_float32 (Failed)
        2876 - AllBackendsAllDTypes/RNNMultiDTypeTest.RNNBidirectionalMultiLayer/oneapi_float64 (Failed)
        2877 - AllBackendsAllDTypes/RNNMultiDTypeTest.RNNBidirectionalMultiLayer/oneapi_float16 (Failed)
        2887 - AllBackendsAllDTypes/RNNMultiDTypeTest.RNNWithDropout/oneapi_float32 (Failed)
        2888 - AllBackendsAllDTypes/RNNMultiDTypeTest.RNNWithDropout/oneapi_float64 (Failed)
        2889 - AllBackendsAllDTypes/RNNMultiDTypeTest.RNNWithDropout/oneapi_float16 (Failed)
        2899 - AllBackendsAllDTypes/RNNMultiDTypeTest.RNNInitialHiddenState/oneapi_float32 (Failed)
        2900 - AllBackendsAllDTypes/RNNMultiDTypeTest.RNNInitialHiddenState/oneapi_float64 (Failed)
        2901 - AllBackendsAllDTypes/RNNMultiDTypeTest.RNNInitialHiddenState/oneapi_float16 (Failed)
        2911 - AllBackendsAllDTypes/RNNMultiDTypeTest.RNNSequenceLengthVariation/oneapi_float32 (Failed)
        2912 - AllBackendsAllDTypes/RNNMultiDTypeTest.RNNSequenceLengthVariation/oneapi_float64 (Failed)
        2913 - AllBackendsAllDTypes/RNNMultiDTypeTest.RNNSequenceLengthVariation/oneapi_float16 (Failed)
        2923 - AllBackendsAllDTypes/RNNMultiDTypeTest.RNNBatchSizeVariation/oneapi_float32 (Failed)
        2924 - AllBackendsAllDTypes/RNNMultiDTypeTest.RNNBatchSizeVariation/oneapi_float64 (Failed)
        2925 - AllBackendsAllDTypes/RNNMultiDTypeTest.RNNBatchSizeVariation/oneapi_float16 (Failed)
        2937 - AllBackendsAllDTypes/RNNMultiDTypeTest.RNNSingleTimestep/oneapi_float16 (Failed)
        2947 - AllBackendsAllDTypes/RNNMultiDTypeTest.RNNOutputConsistency/oneapi_float32 (Failed)
        2948 - AllBackendsAllDTypes/RNNMultiDTypeTest.RNNOutputConsistency/oneapi_float64 (Failed)
        2949 - AllBackendsAllDTypes/RNNMultiDTypeTest.RNNOutputConsistency/oneapi_float16 (Failed)
        2959 - AllBackendsAllDTypes/RNNMultiDTypeTest.RNNGradientFlow/oneapi_float32 (Failed)
        2960 - AllBackendsAllDTypes/RNNMultiDTypeTest.RNNGradientFlow/oneapi_float64 (Failed)
        2961 - AllBackendsAllDTypes/RNNMultiDTypeTest.RNNGradientFlow/oneapi_float16 (Failed)
        2995 - AllBackendsAllDTypes/RNNMultiDTypeTest.RNNLargeHidden/oneapi_float32 (Failed)
        2996 - AllBackendsAllDTypes/RNNMultiDTypeTest.RNNLargeHidden/oneapi_float64 (Failed)
        2997 - AllBackendsAllDTypes/RNNMultiDTypeTest.RNNLargeHidden/oneapi_float16 (Failed)
        3041 - AllBackends/LSTMTestFixture.BasicForward/"oneapi" (Failed)
        3045 - AllBackends/LSTMTestFixture.MultiLayer/"oneapi" (Failed)
        3049 - AllBackends/LSTMTestFixture.BatchFirst/"oneapi" (Failed)
        3053 - AllBackends/LSTMTestFixture.Bidirectional/"oneapi" (Failed)
        3057 - AllBackends/LSTMTestFixture.BidirectionalMultiLayer/"oneapi" (Failed)
        3061 - AllBackends/LSTMTestFixture.WithDropout/"oneapi" (Failed)
        3065 - AllBackends/LSTMTestFixture.InitialStates/"oneapi" (Failed)
        3069 - AllBackends/LSTMTestFixture.SequenceLengthVariation/"oneapi" (Failed)
        3073 - AllBackends/LSTMTestFixture.BatchSizeVariation/"oneapi" (Failed)
        3081 - AllBackends/LSTMTestFixture.OutputConsistency/"oneapi" (Failed)
        3085 - AllBackends/LSTMTestFixture.GradientFlow/"oneapi" (Failed)
        3097 - AllBackends/LSTMTestFixture.LargeHidden/"oneapi" (Failed)
        3101 - AllBackends/LSTMTestFixture.VeryDeepNetwork/"oneapi" (Failed)
        3105 - AllBackends/LSTMTestFixture.LongSequence/"oneapi" (Failed)
        3117 - AllBackends/LSTMTestFixture.CellStateMemory/"oneapi" (Failed)
        3121 - AllBackends/LSTMTestFixture.BatchFirstBidirectional/"oneapi" (Failed)
        3141 - AllBackendsAllDTypes/LSTMMultiDTypeTest.LSTMBasicForward/oneapi_float32 (Failed)
        3145 - AllBackendsAllDTypes/LSTMMultiDTypeTest.LSTMMultiLayer/oneapi_float32 (Failed)
        3149 - AllBackendsAllDTypes/LSTMMultiDTypeTest.LSTMBatchFirst/oneapi_float32 (Failed)
        3153 - AllBackendsAllDTypes/LSTMMultiDTypeTest.LSTMBidirectional/oneapi_float32 (Failed)
        3157 - AllBackendsAllDTypes/LSTMMultiDTypeTest.LSTMBidirectionalMultiLayer/oneapi_float32 (Failed)
        3161 - AllBackendsAllDTypes/LSTMMultiDTypeTest.LSTMWithDropout/oneapi_float32 (Failed)
        3165 - AllBackendsAllDTypes/LSTMMultiDTypeTest.LSTMInitialStates/oneapi_float32 (Failed)
        3169 - AllBackendsAllDTypes/LSTMMultiDTypeTest.LSTMSequenceLengthVariation/oneapi_float32 (Failed)
        3173 - AllBackendsAllDTypes/LSTMMultiDTypeTest.LSTMBatchSizeVariation/oneapi_float32 (Failed)
        3181 - AllBackendsAllDTypes/LSTMMultiDTypeTest.LSTMOutputConsistency/oneapi_float32 (Failed)
        3185 - AllBackendsAllDTypes/LSTMMultiDTypeTest.LSTMGradientFlow/oneapi_float32 (Failed)
        3197 - AllBackendsAllDTypes/LSTMMultiDTypeTest.LSTMLargeHidden/oneapi_float32 (Failed)
        3201 - AllBackendsAllDTypes/LSTMMultiDTypeTest.LSTMVeryDeepNetwork/oneapi_float32 (Failed)
        3205 - AllBackendsAllDTypes/LSTMMultiDTypeTest.LSTMLongSequence/oneapi_float32 (Failed)
        3217 - AllBackendsAllDTypes/LSTMMultiDTypeTest.LSTMCellStateMemory/oneapi_float32 (Failed)
        3221 - AllBackendsAllDTypes/LSTMMultiDTypeTest.LSTMBatchFirstBidirectional/oneapi_float32 (Failed)
        3245 - AllBackends/GRUTest.BasicForward/"oneapi" (Failed)
        3249 - AllBackends/GRUTest.MultiLayer/"oneapi" (Failed)
        3253 - AllBackends/GRUTest.BatchFirst/"oneapi" (Failed)
        3257 - AllBackends/GRUTest.Bidirectional/"oneapi" (Failed)
        3261 - AllBackends/GRUTest.BidirectionalMultiLayer/"oneapi" (Failed)
        3265 - AllBackends/GRUTest.WithDropout/"oneapi" (Failed)
        3269 - AllBackends/GRUTest.InitialHiddenState/"oneapi" (Failed)
        3273 - AllBackends/GRUTest.SequenceLengthVariation/"oneapi" (Failed)
        3277 - AllBackends/GRUTest.BatchSizeVariation/"oneapi" (Failed)
        3285 - AllBackends/GRUTest.OutputConsistency/"oneapi" (Failed)
        3289 - AllBackends/GRUTest.GradientFlow/"oneapi" (Failed)
        3301 - AllBackends/GRUTest.LargeHidden/"oneapi" (Failed)
        3305 - AllBackends/GRUTest.VeryDeepNetwork/"oneapi" (Failed)
        3309 - AllBackends/GRUTest.LongSequence/"oneapi" (Failed)
        3321 - AllBackends/GRUTest.GateOutputRanges/"oneapi" (Failed)
        3325 - AllBackends/GRUTest.BatchFirstBidirectional/"oneapi" (Failed)
        3329 - AllBackends/GRUTest.ComparisonWithLSTM/"oneapi" (Failed)
        3333 - AllBackends/GRUTest.MemoryEfficiency/"oneapi" (Failed)
        3380 - AllBackendsAllDTypes/GRUMultiDTypeTest.BasicForward/oneapi_float32 (Failed)
        3381 - AllBackendsAllDTypes/GRUMultiDTypeTest.BasicForward/oneapi_float64 (Failed)
        3388 - AllBackendsAllDTypes/GRUMultiDTypeTest.MultiLayer/oneapi_float32 (Failed)
        3389 - AllBackendsAllDTypes/GRUMultiDTypeTest.MultiLayer/oneapi_float64 (Failed)
        3396 - AllBackendsAllDTypes/GRUMultiDTypeTest.BatchFirst/oneapi_float32 (Failed)
        3397 - AllBackendsAllDTypes/GRUMultiDTypeTest.BatchFirst/oneapi_float64 (Failed)
        3404 - AllBackendsAllDTypes/GRUMultiDTypeTest.Bidirectional/oneapi_float32 (Failed)
        3405 - AllBackendsAllDTypes/GRUMultiDTypeTest.Bidirectional/oneapi_float64 (Failed)
        3412 - AllBackendsAllDTypes/GRUMultiDTypeTest.BidirectionalMultiLayer/oneapi_float32 (Failed)
        3413 - AllBackendsAllDTypes/GRUMultiDTypeTest.BidirectionalMultiLayer/oneapi_float64 (Failed)
        3420 - AllBackendsAllDTypes/GRUMultiDTypeTest.WithDropout/oneapi_float32 (Failed)
        3421 - AllBackendsAllDTypes/GRUMultiDTypeTest.WithDropout/oneapi_float64 (Failed)
        3428 - AllBackendsAllDTypes/GRUMultiDTypeTest.InitialHiddenState/oneapi_float32 (Failed)
        3429 - AllBackendsAllDTypes/GRUMultiDTypeTest.InitialHiddenState/oneapi_float64 (Failed)
        3436 - AllBackendsAllDTypes/GRUMultiDTypeTest.SequenceLengthVariation/oneapi_float32 (Failed)
        3437 - AllBackendsAllDTypes/GRUMultiDTypeTest.SequenceLengthVariation/oneapi_float64 (Failed)
        3444 - AllBackendsAllDTypes/GRUMultiDTypeTest.BatchSizeVariation/oneapi_float32 (Failed)
        3445 - AllBackendsAllDTypes/GRUMultiDTypeTest.BatchSizeVariation/oneapi_float64 (Failed)
        3460 - AllBackendsAllDTypes/GRUMultiDTypeTest.OutputConsistency/oneapi_float32 (Failed)
        3461 - AllBackendsAllDTypes/GRUMultiDTypeTest.OutputConsistency/oneapi_float64 (Failed)
        3468 - AllBackendsAllDTypes/GRUMultiDTypeTest.GradientFlow/oneapi_float32 (Failed)
        3469 - AllBackendsAllDTypes/GRUMultiDTypeTest.GradientFlow/oneapi_float64 (Failed)
        3492 - AllBackendsAllDTypes/GRUMultiDTypeTest.LargeHidden/oneapi_float32 (Failed)
        3493 - AllBackendsAllDTypes/GRUMultiDTypeTest.LargeHidden/oneapi_float64 (Failed)
        3500 - AllBackendsAllDTypes/GRUMultiDTypeTest.VeryDeepNetwork/oneapi_float32 (Failed)
        3501 - AllBackendsAllDTypes/GRUMultiDTypeTest.VeryDeepNetwork/oneapi_float64 (Failed)
        3508 - AllBackendsAllDTypes/GRUMultiDTypeTest.LongSequence/oneapi_float32 (Failed)
        3509 - AllBackendsAllDTypes/GRUMultiDTypeTest.LongSequence/oneapi_float64 (Failed)
        3532 - AllBackendsAllDTypes/GRUMultiDTypeTest.GateOutputRanges/oneapi_float32 (Failed)
        3533 - AllBackendsAllDTypes/GRUMultiDTypeTest.GateOutputRanges/oneapi_float64 (Failed)
        3540 - AllBackendsAllDTypes/GRUMultiDTypeTest.BatchFirstBidirectional/oneapi_float32 (Failed)
        3541 - AllBackendsAllDTypes/GRUMultiDTypeTest.BatchFirstBidirectional/oneapi_float64 (Failed)
        3548 - AllBackendsAllDTypes/GRUMultiDTypeTest.ComparisonWithLSTM/oneapi_float32 (Failed)
        3549 - AllBackendsAllDTypes/GRUMultiDTypeTest.ComparisonWithLSTM/oneapi_float64 (Failed)
        3556 - AllBackendsAllDTypes/GRUMultiDTypeTest.MemoryEfficiency/oneapi_float32 (Failed)
        3557 - AllBackendsAllDTypes/GRUMultiDTypeTest.MemoryEfficiency/oneapi_float64 (Failed)
        3564 - AllBackendsAllDTypes/GRUMultiDTypeTest.NumericalPrecision/oneapi_float32 (Failed)
        3565 - AllBackendsAllDTypes/GRUMultiDTypeTest.NumericalPrecision/oneapi_float64 (Failed)
        3572 - AllBackendsAllDTypes/GRUMultiDTypeTest.CrossDTypeConsistency/oneapi_float32 (Failed)
        3573 - AllBackendsAllDTypes/GRUMultiDTypeTest.CrossDTypeConsistency/oneapi_float64 (Failed)
        3824 - AllBackendsAllDTypes/AttentionIntegrationMultiDTypeTest.Deterministic/oneapi_float32 (Failed)
        3825 - AllBackendsAllDTypes/AttentionIntegrationMultiDTypeTest.Deterministic/oneapi_float64 (Failed)
        3853 - AllBackends/TransformerEncoderLayerTest.ForwardShape/"oneapi" (Failed)
        3857 - AllBackends/TransformerEncoderLayerTest.BatchFirstFalse/"oneapi" (Failed)
        3861 - AllBackends/TransformerEncoderLayerTest.WithMask/"oneapi" (Failed)
        3865 - AllBackends/TransformerEncoderLayerTest.GeLUActivation/"oneapi" (Failed)
        3873 - AllBackends/TransformerEncoderTest.ForwardShape/"oneapi" (Failed)
        3877 - AllBackends/TransformerEncoderTest.MultipleLayersProcessing/"oneapi" (Failed)
        3881 - AllBackends/TransformerEncoderTest.WithNormalization/"oneapi" (Failed)
        3889 - AllBackends/TransformerDecoderLayerTest.ForwardShape/"oneapi" (Failed)
        3893 - AllBackends/TransformerDecoderLayerTest.WithCausalMask/"oneapi" (Failed)
        3905 - AllBackends/TransformerDecoderTest.ForwardShape/"oneapi" (Failed)
        3909 - AllBackends/TransformerDecoderTest.MultipleLayersProcessing/"oneapi" (Failed)
        3917 - AllBackends/TransformerTest.ForwardShape/"oneapi" (Failed)
        3921 - AllBackends/TransformerTest.WithMasks/"oneapi" (Failed)
        3929 - AllBackends/TransformerTest.BERTConfig/"oneapi" (Failed)
        3933 - AllBackends/TransformerTest.GPTLikeConfig/"oneapi" (Failed)
        3937 - AllBackends/TransformerIntegrationTest.ForwardBackward/"oneapi" (Failed)
        3949 - AllBackends/TransformerIntegrationTest.SmallModelOverfit/"oneapi" (Failed)
        3953 - AllBackends/TransformerIntegrationTest.DifferentSequenceLengths/"oneapi" (Failed)
        3977 - AllBackendsAllDTypes/PositionalEncodingMultiDTypeTest.ForwardShape/oneapi_float16 (Failed)
        3989 - AllBackendsAllDTypes/PositionalEncodingMultiDTypeTest.ExceedsMaxLen/oneapi_float16 (Failed)
        4001 - AllBackendsAllDTypes/PositionalEncodingMultiDTypeTest.WithDropout/oneapi_float16 (Failed)
        4035 - AllBackendsAllDTypes/TransformerEncoderLayerMultiDTypeTest.ForwardShape/oneapi_float32 (Failed)
        4036 - AllBackendsAllDTypes/TransformerEncoderLayerMultiDTypeTest.ForwardShape/oneapi_float64 (Failed)
        4037 - AllBackendsAllDTypes/TransformerEncoderLayerMultiDTypeTest.ForwardShape/oneapi_float16 (Failed)
        4047 - AllBackendsAllDTypes/TransformerEncoderLayerMultiDTypeTest.BatchFirstFalse/oneapi_float32 (Failed)
        4048 - AllBackendsAllDTypes/TransformerEncoderLayerMultiDTypeTest.BatchFirstFalse/oneapi_float64 (Failed)
        4049 - AllBackendsAllDTypes/TransformerEncoderLayerMultiDTypeTest.BatchFirstFalse/oneapi_float16 (Failed)
        4059 - AllBackendsAllDTypes/TransformerEncoderLayerMultiDTypeTest.WithMask/oneapi_float32 (Failed)
        4060 - AllBackendsAllDTypes/TransformerEncoderLayerMultiDTypeTest.WithMask/oneapi_float64 (Failed)
        4061 - AllBackendsAllDTypes/TransformerEncoderLayerMultiDTypeTest.WithMask/oneapi_float16 (Failed)
        4071 - AllBackendsAllDTypes/TransformerEncoderLayerMultiDTypeTest.GeLUActivation/oneapi_float32 (Failed)
        4072 - AllBackendsAllDTypes/TransformerEncoderLayerMultiDTypeTest.GeLUActivation/oneapi_float64 (Failed)
        4073 - AllBackendsAllDTypes/TransformerEncoderLayerMultiDTypeTest.GeLUActivation/oneapi_float16 (Failed)
        4095 - AllBackendsAllDTypes/TransformerEncoderMultiDTypeTest.ForwardShape/oneapi_float32 (Failed)
        4096 - AllBackendsAllDTypes/TransformerEncoderMultiDTypeTest.ForwardShape/oneapi_float64 (Failed)
        4097 - AllBackendsAllDTypes/TransformerEncoderMultiDTypeTest.ForwardShape/oneapi_float16 (Failed)
        4107 - AllBackendsAllDTypes/TransformerEncoderMultiDTypeTest.MultipleLayersProcessing/oneapi_float32 (Failed)
        4108 - AllBackendsAllDTypes/TransformerEncoderMultiDTypeTest.MultipleLayersProcessing/oneapi_float64 (Failed)
        4109 - AllBackendsAllDTypes/TransformerEncoderMultiDTypeTest.MultipleLayersProcessing/oneapi_float16 (Failed)
        4119 - AllBackendsAllDTypes/TransformerEncoderMultiDTypeTest.WithNormalization/oneapi_float32 (Failed)
        4120 - AllBackendsAllDTypes/TransformerEncoderMultiDTypeTest.WithNormalization/oneapi_float64 (Failed)
        4121 - AllBackendsAllDTypes/TransformerEncoderMultiDTypeTest.WithNormalization/oneapi_float16 (Failed)
        4143 - AllBackendsAllDTypes/TransformerDecoderLayerMultiDTypeTest.ForwardShape/oneapi_float32 (Failed)
        4144 - AllBackendsAllDTypes/TransformerDecoderLayerMultiDTypeTest.ForwardShape/oneapi_float64 (Failed)
        4145 - AllBackendsAllDTypes/TransformerDecoderLayerMultiDTypeTest.ForwardShape/oneapi_float16 (Failed)
        4155 - AllBackendsAllDTypes/TransformerDecoderLayerMultiDTypeTest.WithCausalMask/oneapi_float32 (Failed)
        4156 - AllBackendsAllDTypes/TransformerDecoderLayerMultiDTypeTest.WithCausalMask/oneapi_float64 (Failed)
        4157 - AllBackendsAllDTypes/TransformerDecoderLayerMultiDTypeTest.WithCausalMask/oneapi_float16 (Failed)
        4169 - AllBackendsAllDTypes/TransformerDecoderLayerMultiDTypeTest.InvalidSingleInputForward/oneapi_float16 (Failed)
        4191 - AllBackendsAllDTypes/TransformerDecoderMultiDTypeTest.ForwardShape/oneapi_float32 (Failed)
        4192 - AllBackendsAllDTypes/TransformerDecoderMultiDTypeTest.ForwardShape/oneapi_float64 (Failed)
        4193 - AllBackendsAllDTypes/TransformerDecoderMultiDTypeTest.ForwardShape/oneapi_float16 (Failed)
        4203 - AllBackendsAllDTypes/TransformerDecoderMultiDTypeTest.MultipleLayersProcessing/oneapi_float32 (Failed)
        4204 - AllBackendsAllDTypes/TransformerDecoderMultiDTypeTest.MultipleLayersProcessing/oneapi_float64 (Failed)
        4205 - AllBackendsAllDTypes/TransformerDecoderMultiDTypeTest.MultipleLayersProcessing/oneapi_float16 (Failed)
        4227 - AllBackendsAllDTypes/TransformerMultiDTypeTest.ForwardShape/oneapi_float32 (Failed)
        4228 - AllBackendsAllDTypes/TransformerMultiDTypeTest.ForwardShape/oneapi_float64 (Failed)
        4229 - AllBackendsAllDTypes/TransformerMultiDTypeTest.ForwardShape/oneapi_float16 (Failed)
        4239 - AllBackendsAllDTypes/TransformerMultiDTypeTest.WithMasks/oneapi_float32 (Failed)
        4240 - AllBackendsAllDTypes/TransformerMultiDTypeTest.WithMasks/oneapi_float64 (Failed)
        4241 - AllBackendsAllDTypes/TransformerMultiDTypeTest.WithMasks/oneapi_float16 (Failed)
        4253 - AllBackendsAllDTypes/TransformerMultiDTypeTest.InvalidSingleInputForward/oneapi_float16 (Failed)
        4263 - AllBackendsAllDTypes/TransformerMultiDTypeTest.BERTConfig/oneapi_float32 (Failed)
        4264 - AllBackendsAllDTypes/TransformerMultiDTypeTest.BERTConfig/oneapi_float64 (Failed)
        4265 - AllBackendsAllDTypes/TransformerMultiDTypeTest.BERTConfig/oneapi_float16 (Failed)
        4275 - AllBackendsAllDTypes/TransformerMultiDTypeTest.GPTLikeConfig/oneapi_float32 (Failed)
        4276 - AllBackendsAllDTypes/TransformerMultiDTypeTest.GPTLikeConfig/oneapi_float64 (Failed)
        4277 - AllBackendsAllDTypes/TransformerMultiDTypeTest.GPTLikeConfig/oneapi_float16 (Failed)
        4287 - AllBackendsAllDTypes/TransformerIntegrationMultiDTypeTest.ForwardBackward/oneapi_float32 (Failed)
        4288 - AllBackendsAllDTypes/TransformerIntegrationMultiDTypeTest.ForwardBackward/oneapi_float64 (Failed)
        4289 - AllBackendsAllDTypes/TransformerIntegrationMultiDTypeTest.ForwardBackward/oneapi_float16 (Failed)
        4323 - AllBackendsAllDTypes/TransformerIntegrationMultiDTypeTest.SmallModelConsistency/oneapi_float32 (Failed)
        4324 - AllBackendsAllDTypes/TransformerIntegrationMultiDTypeTest.SmallModelConsistency/oneapi_float64 (Failed)
        4325 - AllBackendsAllDTypes/TransformerIntegrationMultiDTypeTest.SmallModelConsistency/oneapi_float16 (Failed)
        4335 - AllBackendsAllDTypes/TransformerIntegrationMultiDTypeTest.DifferentSequenceLengths/oneapi_float32 (Failed)
        4336 - AllBackendsAllDTypes/TransformerIntegrationMultiDTypeTest.DifferentSequenceLengths/oneapi_float64 (Failed)
        4337 - AllBackendsAllDTypes/TransformerIntegrationMultiDTypeTest.DifferentSequenceLengths/oneapi_float16 (Failed)
        4347 - AllBackendsAllDTypes/TransformerIntegrationMultiDTypeTest.DTypePrecisionComparison/oneapi_float32 (Failed)
        4348 - AllBackendsAllDTypes/TransformerIntegrationMultiDTypeTest.DTypePrecisionComparison/oneapi_float64 (Failed)
        4349 - AllBackendsAllDTypes/TransformerIntegrationMultiDTypeTest.DTypePrecisionComparison/oneapi_float16 (Failed)
        5192 - AllBackendsAllDTypes/DTypeEdgeCaseTest.Int8Overflow/oneapi_int8 (Failed)
        5224 - AllBackendsAllDTypes/DTypeEdgeCaseTest.Int8Underflow/oneapi_int8 (Failed)
        5259 - AllBackendsAllDTypes/DTypeEdgeCaseTest.UInt8Overflow/oneapi_uint8 (Failed)
        5289 - AllBackendsAllDTypes/DTypeEdgeCaseTest.Int32Overflow/oneapi_int32 (Failed)
        5322 - AllBackendsAllDTypes/DTypeEdgeCaseTest.Int64Overflow/oneapi_int64 (Failed)
        5655 - AllBackends/ComparisonOpsTest.BoolComparisons/"oneapi" (Failed)
        5678 - AllBackendsAllDTypes/TensorMultiDTypeTest.ZerosCreation/oneapi_uint8 (Failed)
        5679 - AllBackendsAllDTypes/TensorMultiDTypeTest.ZerosCreation/oneapi_bool (Failed)
        5708 - AllBackendsAllDTypes/TensorMultiDTypeTest.OnesCreation/oneapi_uint8 (Failed)
        5709 - AllBackendsAllDTypes/TensorMultiDTypeTest.OnesCreation/oneapi_bool (Failed)
        5738 - AllBackendsAllDTypes/TensorMultiDTypeTest.FullCreation/oneapi_uint8 (Failed)
        5739 - AllBackendsAllDTypes/TensorMultiDTypeTest.FullCreation/oneapi_bool (Failed)
        5768 - AllBackendsAllDTypes/TensorMultiDTypeTest.Reshape/oneapi_uint8 (Failed)
        5769 - AllBackendsAllDTypes/TensorMultiDTypeTest.Reshape/oneapi_bool (Failed)
        5798 - AllBackendsAllDTypes/TensorMultiDTypeTest.ReshapeChain/oneapi_uint8 (Failed)
        5799 - AllBackendsAllDTypes/TensorMultiDTypeTest.ReshapeChain/oneapi_bool (Failed)
        5828 - AllBackendsAllDTypes/TensorMultiDTypeTest.Transpose/oneapi_uint8 (Failed)
        5829 - AllBackendsAllDTypes/TensorMultiDTypeTest.Transpose/oneapi_bool (Failed)
        5858 - AllBackendsAllDTypes/TensorMultiDTypeTest.TransposeMultiDim/oneapi_uint8 (Failed)
        5859 - AllBackendsAllDTypes/TensorMultiDTypeTest.TransposeMultiDim/oneapi_bool (Failed)
        5888 - AllBackendsAllDTypes/TensorMultiDTypeTest.DeviceProperty/oneapi_uint8 (Failed)
        5889 - AllBackendsAllDTypes/TensorMultiDTypeTest.DeviceProperty/oneapi_bool (Failed)
        5918 - AllBackendsAllDTypes/TensorMultiDTypeTest.DeviceTransfer/oneapi_uint8 (Failed)
        5919 - AllBackendsAllDTypes/TensorMultiDTypeTest.DeviceTransfer/oneapi_bool (Failed)
        5948 - AllBackendsAllDTypes/TensorMultiDTypeTest.RoundTripTransfer/oneapi_uint8 (Failed)
        5949 - AllBackendsAllDTypes/TensorMultiDTypeTest.RoundTripTransfer/oneapi_bool (Failed)
        5978 - AllBackendsAllDTypes/TensorMultiDTypeTest.BasicIndexing/oneapi_uint8 (Failed)
        5979 - AllBackendsAllDTypes/TensorMultiDTypeTest.BasicIndexing/oneapi_bool (Failed)
        6008 - AllBackendsAllDTypes/TensorMultiDTypeTest.ContiguityCheck/oneapi_uint8 (Failed)
        6009 - AllBackendsAllDTypes/TensorMultiDTypeTest.ContiguityCheck/oneapi_bool (Failed)
        6098 - AllBackendsAllDTypes/TensorMultiDTypeTest.UInt8Range/oneapi_uint8 (Failed)
        6129 - AllBackendsAllDTypes/TensorMultiDTypeTest.BooleanValues/oneapi_bool (Failed)
        6263 - AllBackendsAllDTypes/BroadcastingMultiDTypeTest.AddNoBroadcast_SameShape/oneapi_int32 (Failed)
        6283 - AllBackendsAllDTypes/OpsMultiDTypeTest.Zeros/oneapi_bool (Failed)
        6303 - AllBackendsAllDTypes/OpsMultiDTypeTest.Ones/oneapi_bool (Failed)
        7337 - AllBackendsFloatDTypes/LossMultiDTypeTest.BCELossBasic/oneapi_float32 (Failed)
        7338 - AllBackendsFloatDTypes/LossMultiDTypeTest.BCELossBasic/oneapi_float64 (Failed)
        7345 - AllBackendsFloatDTypes/LossMultiDTypeTest.BCELossPerfectPrediction/oneapi_float32 (Failed)
        7346 - AllBackendsFloatDTypes/LossMultiDTypeTest.BCELossPerfectPrediction/oneapi_float64 (Failed)
        7353 - AllBackendsFloatDTypes/LossMultiDTypeTest.BCELossMixedTargets/oneapi_float32 (Failed)
        7354 - AllBackendsFloatDTypes/LossMultiDTypeTest.BCELossMixedTargets/oneapi_float64 (Failed)
        7402 - AllBackendsFloatDTypes/LossMultiDTypeTest.CrossEntropyBasic/oneapi_float64 (Failed)
        7410 - AllBackendsFloatDTypes/LossMultiDTypeTest.CrossEntropyUniformLogits/oneapi_float64 (Failed)
        7433 - AllBackendsFloatDTypes/LossMultiDTypeTest.BCELossClass/oneapi_float32 (Failed)
        7434 - AllBackendsFloatDTypes/LossMultiDTypeTest.BCELossClass/oneapi_float64 (Failed)
        7450 - AllBackendsFloatDTypes/LossMultiDTypeTest.CrossEntropyLossClass/oneapi_float64 (Failed)
        7465 - AllBackendsFloatDTypes/LossMultiDTypeTest.BCELossGradientRequired/oneapi_float32 (Failed)
        7466 - AllBackendsFloatDTypes/LossMultiDTypeTest.BCELossGradientRequired/oneapi_float64 (Failed)
        8569 - SwinMultiDType/SwinMultiDTypeTest.SwinTinyForwardShape/oneapi_float32 (Failed)
        8570 - SwinMultiDType/SwinMultiDTypeTest.SwinTinyForwardShape/oneapi_float64 (Failed)
        8571 - SwinMultiDType/SwinMultiDTypeTest.SwinTinyForwardShape/oneapi_float16 (Failed)
        8581 - SwinMultiDType/SwinMultiDTypeTest.SwinTinyGradientFlow/oneapi_float32 (Failed)
        8582 - SwinMultiDType/SwinMultiDTypeTest.SwinTinyGradientFlow/oneapi_float64 (Failed)
        8583 - SwinMultiDType/SwinMultiDTypeTest.SwinTinyGradientFlow/oneapi_float16 (Failed)
        8605 - SwinMultiDType/SwinMultiDTypeTest.SwinTinyBatchSizeOne/oneapi_float32 (Failed)
        8606 - SwinMultiDType/SwinMultiDTypeTest.SwinTinyBatchSizeOne/oneapi_float64 (Failed)
        8607 - SwinMultiDType/SwinMultiDTypeTest.SwinTinyBatchSizeOne/oneapi_float16 (Failed)
        8617 - SwinMultiDType/SwinMultiDTypeTest.SwinTinyCustomClasses/oneapi_float32 (Failed)
        8618 - SwinMultiDType/SwinMultiDTypeTest.SwinTinyCustomClasses/oneapi_float64 (Failed)
        8619 - SwinMultiDType/SwinMultiDTypeTest.SwinTinyCustomClasses/oneapi_float16 (Failed)
        8629 - SwinMultiDType/SwinMultiDTypeTest.SwinSmallForwardShape/oneapi_float32 (Failed)
        8630 - SwinMultiDType/SwinMultiDTypeTest.SwinSmallForwardShape/oneapi_float64 (Failed)
        8631 - SwinMultiDType/SwinMultiDTypeTest.SwinSmallForwardShape/oneapi_float16 (Failed)
        8641 - SwinMultiDType/SwinMultiDTypeTest.SwinSmallGradientFlow/oneapi_float32 (Failed)
        8642 - SwinMultiDType/SwinMultiDTypeTest.SwinSmallGradientFlow/oneapi_float64 (Failed)
        8643 - SwinMultiDType/SwinMultiDTypeTest.SwinSmallGradientFlow/oneapi_float16 (Failed)
        8665 - SwinMultiDType/SwinMultiDTypeTest.SwinBaseForwardShape/oneapi_float32 (Failed)
        8666 - SwinMultiDType/SwinMultiDTypeTest.SwinBaseForwardShape/oneapi_float64 (Failed)
        8667 - SwinMultiDType/SwinMultiDTypeTest.SwinBaseForwardShape/oneapi_float16 (Failed)
        8677 - SwinMultiDType/SwinMultiDTypeTest.SwinBaseGradientFlow/oneapi_float32 (Failed)
        8678 - SwinMultiDType/SwinMultiDTypeTest.SwinBaseGradientFlow/oneapi_float64 (Failed)
        8679 - SwinMultiDType/SwinMultiDTypeTest.SwinBaseGradientFlow/oneapi_float16 (Failed)
        8701 - SwinMultiDType/SwinMultiDTypeTest.SwinLargeForwardShape/oneapi_float32 (Failed)
        8702 - SwinMultiDType/SwinMultiDTypeTest.SwinLargeForwardShape/oneapi_float64 (Failed)
        8703 - SwinMultiDType/SwinMultiDTypeTest.SwinLargeForwardShape/oneapi_float16 (Failed)
        8713 - SwinMultiDType/SwinMultiDTypeTest.SwinLargeGradientFlow/oneapi_float32 (Failed)
        8714 - SwinMultiDType/SwinMultiDTypeTest.SwinLargeGradientFlow/oneapi_float64 (Failed)
        8715 - SwinMultiDType/SwinMultiDTypeTest.SwinLargeGradientFlow/oneapi_float16 (Failed)
        8737 - SwinMultiDType/SwinMultiDTypeTest.SwinTinyImageSize384/oneapi_float32 (Failed)
        8738 - SwinMultiDType/SwinMultiDTypeTest.SwinTinyImageSize384/oneapi_float64 (Failed)
        8739 - SwinMultiDType/SwinMultiDTypeTest.SwinTinyImageSize384/oneapi_float16 (Failed)
        8749 - SwinMultiDType/SwinMultiDTypeTest.SwinTinyImageSize448/oneapi_float32 (Failed)
        8750 - SwinMultiDType/SwinMultiDTypeTest.SwinTinyImageSize448/oneapi_float64 (Failed)
        8751 - SwinMultiDType/SwinMultiDTypeTest.SwinTinyImageSize448/oneapi_float16 (Failed)
        8761 - SwinMultiDType/SwinMultiDTypeTest.SwinSmallImageSize448/oneapi_float32 (Failed)
        8762 - SwinMultiDType/SwinMultiDTypeTest.SwinSmallImageSize448/oneapi_float64 (Failed)
        8763 - SwinMultiDType/SwinMultiDTypeTest.SwinSmallImageSize448/oneapi_float16 (Failed)
        8773 - SwinMultiDType/SwinMultiDTypeTest.SwinBaseImageSize560/oneapi_float32 (Failed)
        8774 - SwinMultiDType/SwinMultiDTypeTest.SwinBaseImageSize560/oneapi_float64 (Failed)
        8775 - SwinMultiDType/SwinMultiDTypeTest.SwinBaseImageSize560/oneapi_float16 (Failed)
        8785 - SwinMultiDType/SwinMultiDTypeTest.SwinTinyPatchMergingFeatures/oneapi_float32 (Failed)
        8786 - SwinMultiDType/SwinMultiDTypeTest.SwinTinyPatchMergingFeatures/oneapi_float64 (Failed)
        8787 - SwinMultiDType/SwinMultiDTypeTest.SwinTinyPatchMergingFeatures/oneapi_float16 (Failed)
        8797 - SwinMultiDType/SwinMultiDTypeTest.SwinSmallPatchMergingConsistency/oneapi_float32 (Failed)
        8798 - SwinMultiDType/SwinMultiDTypeTest.SwinSmallPatchMergingConsistency/oneapi_float64 (Failed)
        8799 - SwinMultiDType/SwinMultiDTypeTest.SwinSmallPatchMergingConsistency/oneapi_float16 (Failed)
        8809 - SwinMultiDType/SwinMultiDTypeTest.SwinTinyShiftedWindowGradients/oneapi_float32 (Failed)
        8810 - SwinMultiDType/SwinMultiDTypeTest.SwinTinyShiftedWindowGradients/oneapi_float64 (Failed)
        8811 - SwinMultiDType/SwinMultiDTypeTest.SwinTinyShiftedWindowGradients/oneapi_float16 (Failed)
        8821 - SwinMultiDType/SwinMultiDTypeTest.SwinBaseShiftedWindowAttention/oneapi_float32 (Failed)
        8822 - SwinMultiDType/SwinMultiDTypeTest.SwinBaseShiftedWindowAttention/oneapi_float64 (Failed)
        8823 - SwinMultiDType/SwinMultiDTypeTest.SwinBaseShiftedWindowAttention/oneapi_float16 (Failed)
        8833 - SwinMultiDType/SwinMultiDTypeTest.SwinTinyHierarchicalFeatures/oneapi_float32 (Failed)
        8834 - SwinMultiDType/SwinMultiDTypeTest.SwinTinyHierarchicalFeatures/oneapi_float64 (Failed)
        8835 - SwinMultiDType/SwinMultiDTypeTest.SwinTinyHierarchicalFeatures/oneapi_float16 (Failed)
        8845 - SwinMultiDType/SwinMultiDTypeTest.SwinSmallHierarchicalGradients/oneapi_float32 (Failed)
        8846 - SwinMultiDType/SwinMultiDTypeTest.SwinSmallHierarchicalGradients/oneapi_float64 (Failed)
        8847 - SwinMultiDType/SwinMultiDTypeTest.SwinSmallHierarchicalGradients/oneapi_float16 (Failed)
        8857 - SwinMultiDType/SwinMultiDTypeTest.SwinBaseHierarchicalFeatureExtraction/oneapi_float32 (Failed)
        8858 - SwinMultiDType/SwinMultiDTypeTest.SwinBaseHierarchicalFeatureExtraction/oneapi_float64 (Failed)
        8859 - SwinMultiDType/SwinMultiDTypeTest.SwinBaseHierarchicalFeatureExtraction/oneapi_float16 (Failed)
        8869 - SwinMultiDType/SwinMultiDTypeTest.SwinLargeHierarchicalMultiScale/oneapi_float32 (Failed)
        8870 - SwinMultiDType/SwinMultiDTypeTest.SwinLargeHierarchicalMultiScale/oneapi_float64 (Failed)
        8871 - SwinMultiDType/SwinMultiDTypeTest.SwinLargeHierarchicalMultiScale/oneapi_float16 (Failed)
        8893 - SwinMultiDType/SwinMultiDTypeTest.VariantOutputConsistency/oneapi_float32 (Failed)
        8894 - SwinMultiDType/SwinMultiDTypeTest.VariantOutputConsistency/oneapi_float64 (Failed)
        8895 - SwinMultiDType/SwinMultiDTypeTest.VariantOutputConsistency/oneapi_float16 (Failed)
        8905 - SwinMultiDType/SwinMultiDTypeTest.SwinTinyMinimalBatch/oneapi_float32 (Failed)
        8906 - SwinMultiDType/SwinMultiDTypeTest.SwinTinyMinimalBatch/oneapi_float64 (Failed)
        8907 - SwinMultiDType/SwinMultiDTypeTest.SwinTinyMinimalBatch/oneapi_float16 (Failed)
        8917 - SwinMultiDType/SwinMultiDTypeTest.SwinSmallLargeBatch/oneapi_float32 (Failed)
        8918 - SwinMultiDType/SwinMultiDTypeTest.SwinSmallLargeBatch/oneapi_float64 (Failed)
        8919 - SwinMultiDType/SwinMultiDTypeTest.SwinSmallLargeBatch/oneapi_float16 (Failed)
        8929 - SwinMultiDType/SwinMultiDTypeTest.SwinBaseNumericalStability/oneapi_float32 (Failed)
        8930 - SwinMultiDType/SwinMultiDTypeTest.SwinBaseNumericalStability/oneapi_float64 (Failed)
        8931 - SwinMultiDType/SwinMultiDTypeTest.SwinBaseNumericalStability/oneapi_float16 (Failed)
        8941 - SwinMultiDType/SwinMultiDTypeTest.SwinLargeTrainEvalModeConsistency/oneapi_float32 (Failed)
        8942 - SwinMultiDType/SwinMultiDTypeTest.SwinLargeTrainEvalModeConsistency/oneapi_float64 (Failed)
        8943 - SwinMultiDType/SwinMultiDTypeTest.SwinLargeTrainEvalModeConsistency/oneapi_float16 (Failed)
        8953 - SwinMultiDType/SwinMultiDTypeTest.SwinTinyDTypePreservation/oneapi_float32 (Failed)
        8954 - SwinMultiDType/SwinMultiDTypeTest.SwinTinyDTypePreservation/oneapi_float64 (Failed)
        8955 - SwinMultiDType/SwinMultiDTypeTest.SwinTinyDTypePreservation/oneapi_float16 (Failed)
        8965 - SwinMultiDType/SwinMultiDTypeTest.SwinSmallGradientDTypeConsistency/oneapi_float32 (Failed)
        8966 - SwinMultiDType/SwinMultiDTypeTest.SwinSmallGradientDTypeConsistency/oneapi_float64 (Failed)
        8967 - SwinMultiDType/SwinMultiDTypeTest.SwinSmallGradientDTypeConsistency/oneapi_float16 (Failed)
        9360 - AllBackends/AcceleratorTrainingTest.SimpleCNN_MNIST/"oneapi" (Failed)
        9364 - AllBackends/AcceleratorTrainingTest.MLP_Training/"oneapi" (Failed)
        9368 - AllBackends/AcceleratorTrainingTest.CompleteTrainingLoop/"oneapi" (Failed)
        9372 - AllBackends/AcceleratorTrainingTest.GradientFlowVerification/"oneapi" (Failed)
        9376 - AllBackends/AcceleratorTrainingTest.BatchSizeScaling/"oneapi" (Failed)
        9380 - AllBackends/AcceleratorTrainingTest.MultiEpochTrainingWithValidation/"oneapi" (Failed)
        9590 - AllBackends/GradCheckBackendTest.QuadraticFunction/"oneapi" (Failed)
        9594 - AllBackends/GradCheckBackendTest.LinearFunction/"oneapi" (Failed)
        9598 - AllBackends/GradCheckBackendTest.SumReduction/"oneapi" (Failed)
        9602 - AllBackends/GradCheckBackendTest.ElementWiseOps/"oneapi" (Failed)
        9606 - AllBackends/GradCheckBackendTest.MultiDimensional/"oneapi" (Failed)
        9610 - AllBackends/GradCheckBackendTest.DetailedResult/"oneapi" (Failed)
        9614 - AllBackends/GradCheckBackendTest.Float64Precision/"oneapi" (Failed)
        9630 - AllBackends/GradCheckBackendTest.EpsilonSensitivity/"oneapi" (Failed)
        9634 - AllBackends/GradCheckBackendTest.ScalarOutput/"oneapi" (Failed)
        9638 - AllBackends/GradCheckBackendTest.PerformanceBenchmark/"oneapi" (Failed)
        11993 - AllBackends/GradCheckExtendedTest.VerboseModePassingTest/"oneapi" (Failed)
        12001 - AllBackends/GradCheckExtendedTest.NonScalarFunctionOutput/"oneapi" (Failed)
        12005 - AllBackends/GradCheckExtendedTest.NonScalarFloat64Output/"oneapi" (Failed)
        12009 - AllBackends/GradCheckExtendedTest.Float64HighPrecisionGradients/"oneapi" (Failed)
        12037 - AllBackends/GradCheckExtendedTest.LargeTensorSampling/"oneapi" (Failed)
        12057 - AllBackends/GradCheckExtendedTest.IndirectExtractScalarZeroDim/"oneapi" (Failed)
        12089 - AutogradBackends/AutogradAdditionalTest.VariableRetainGrad/"oneapi" (Failed)
        12097 - AutogradBackends/AutogradAdditionalTest.VariableZeroGrad/"oneapi" (Failed)
        12101 - AutogradBackends/AutogradAdditionalTest.ComplexMultiInputGraph/"oneapi" (Failed)
        12105 - AutogradBackends/AutogradAdditionalTest.MultiOutputGraph/"oneapi" (Failed)
        12109 - AutogradBackends/AutogradAdditionalTest.DeepComputationGraph/"oneapi" (Failed)
        12117 - AutogradBackends/AutogradAdditionalTest.MultipleBackwardWithRetainGraph/"oneapi" (Failed)
        12121 - AutogradBackends/AutogradAdditionalTest.BackwardWithoutRetainGraphClearsGraph/"oneapi" (Failed)
        12141 - AutogradBackends/AutogradAdditionalTest.AbsBackwardCorrectGradients/"oneapi" (Failed)
        12145 - AutogradBackends/AutogradAdditionalTest.ClampBackwardCorrectGradients/"oneapi" (Failed)
        12149 - AutogradBackends/AutogradAdditionalTest.ReshapeBackwardCorrectGradients/"oneapi" (Failed)
        12153 - AutogradBackends/AutogradAdditionalTest.PermuteBackwardCorrectGradients/"oneapi" (Failed)
        12157 - AutogradBackends/AutogradAdditionalTest.TransposeBackwardCorrectGradients/"oneapi" (Failed)
        12161 - AutogradBackends/AutogradAdditionalTest.SqueezeBackwardCorrectGradients/"oneapi" (Failed)
        12177 - AutogradBackends/AutogradAdditionalTest.GradientThroughInPlaceOperationSimulation/"oneapi" (Failed)
        12181 - AutogradBackends/AutogradAdditionalTest.GradientWithLeafTensor/"oneapi" (Failed)
        12189 - AutogradBackends/AutogradAdditionalTest.SumBackwardWithDimAndKeepDim/"oneapi" (Failed)
        12193 - AutogradBackends/AutogradAdditionalTest.MeanBackwardCorrectGradients/"oneapi" (Failed)
        12201 - AutogradBackends/AutogradAdditionalTest.SoftmaxBackwardCorrectGradients/"oneapi" (Failed)
        12205 - AutogradBackends/AutogradAdditionalTest.LogSoftmaxBackwardCorrectGradients/"oneapi" (Failed)
        12209 - AutogradBackends/AutogradAdditionalTest.MatMulBackwardCorrectGradients/"oneapi" (Failed)
        12213 - AutogradBackends/AutogradAdditionalTest.MatMulBackwardOnlyRightOperandRequiresGrad/"oneapi" (Failed)
        12217 - AutogradBackends/AutogradAdditionalTest.MatMulBackwardOnlyLeftOperandRequiresGrad/"oneapi" (Failed)
        12221 - AutogradBackends/AutogradAdditionalTest.MatMulBackwardMemberFunctionOnlyRightGrad/"oneapi" (Failed)
        12225 - AutogradBackends/AutogradAdditionalTest.MatMulBackwardNeuralNetworkScenario/"oneapi" (Failed)
        12229 - AutogradBackends/AutogradAdditionalTest.MatMulBackwardChainedOperationsPartialGrad/"oneapi" (Failed)
        12233 - AutogradBackends/AutogradAdditionalTest.BmmBackwardCorrectGradients/"oneapi" (Failed)
        12237 - AutogradBackends/AutogradAdditionalTest.CatBackwardCorrectGradients/"oneapi" (Failed)
        12241 - AutogradBackends/AutogradAdditionalTest.SliceBackwardCorrectGradients/"oneapi" (Failed)
        12245 - AutogradBackends/AutogradAdditionalTest.BroadcastingAddBackward/"oneapi" (Failed)
        12249 - AutogradBackends/AutogradAdditionalTest.BroadcastingMulBackward/"oneapi" (Failed)
        12253 - AutogradBackends/AutogradAdditionalTest.RegisterHookModifiesGradient/"oneapi" (Failed)
        12257 - AutogradBackends/AutogradAdditionalTest.MultipleHooksAreChained/"oneapi" (Failed)
        12273 - AutogradBackends/AutogradAdditionalTest.ScalarAddBackward/"oneapi" (Failed)
        12277 - AutogradBackends/AutogradAdditionalTest.ScalarMulBackward/"oneapi" (Failed)
        12281 - AutogradBackends/AutogradAdditionalTest.ScalarDivBackward/"oneapi" (Failed)
        12375 - AllBackendsAllDTypes/ALBERTandT5MultiDTypeTest.ALBERTBaseForwardShape/oneapi_float32 (Failed)
        12376 - AllBackendsAllDTypes/ALBERTandT5MultiDTypeTest.ALBERTBaseForwardShape/oneapi_float64 (Failed)
        12377 - AllBackendsAllDTypes/ALBERTandT5MultiDTypeTest.ALBERTBaseForwardShape/oneapi_float16 (Failed)
        12387 - AllBackendsAllDTypes/ALBERTandT5MultiDTypeTest.ALBERTBaseGradientFlow/oneapi_float32 (Failed)
        12388 - AllBackendsAllDTypes/ALBERTandT5MultiDTypeTest.ALBERTBaseGradientFlow/oneapi_float64 (Failed)
        12389 - AllBackendsAllDTypes/ALBERTandT5MultiDTypeTest.ALBERTBaseGradientFlow/oneapi_float16 (Failed)
        12423 - AllBackendsAllDTypes/ALBERTandT5MultiDTypeTest.ALBERTLargeForwardShape/oneapi_float32 (Failed)
        12424 - AllBackendsAllDTypes/ALBERTandT5MultiDTypeTest.ALBERTLargeForwardShape/oneapi_float64 (Failed)
        12425 - AllBackendsAllDTypes/ALBERTandT5MultiDTypeTest.ALBERTLargeForwardShape/oneapi_float16 (Failed)
        12435 - AllBackendsAllDTypes/ALBERTandT5MultiDTypeTest.ALBERTLargeGradientFlow/oneapi_float32 (Failed)
        12436 - AllBackendsAllDTypes/ALBERTandT5MultiDTypeTest.ALBERTLargeGradientFlow/oneapi_float64 (Failed)
        12437 - AllBackendsAllDTypes/ALBERTandT5MultiDTypeTest.ALBERTLargeGradientFlow/oneapi_float16 (Failed)
        12447 - AllBackendsAllDTypes/ALBERTandT5MultiDTypeTest.ALBERTXLargeForwardShape/oneapi_float32 (Failed)
        12448 - AllBackendsAllDTypes/ALBERTandT5MultiDTypeTest.ALBERTXLargeForwardShape/oneapi_float64 (Failed)
        12449 - AllBackendsAllDTypes/ALBERTandT5MultiDTypeTest.ALBERTXLargeForwardShape/oneapi_float16 (Failed)
        12459 - AllBackendsAllDTypes/ALBERTandT5MultiDTypeTest.ALBERTXXLargeForwardShape/oneapi_float32 (Failed)
        12460 - AllBackendsAllDTypes/ALBERTandT5MultiDTypeTest.ALBERTXXLargeForwardShape/oneapi_float64 (Failed)
        12461 - AllBackendsAllDTypes/ALBERTandT5MultiDTypeTest.ALBERTXXLargeForwardShape/oneapi_float16 (Failed)
        12483 - AllBackendsAllDTypes/ALBERTandT5MultiDTypeTest.T5SmallForwardShape/oneapi_float32 (Failed)
        12484 - AllBackendsAllDTypes/ALBERTandT5MultiDTypeTest.T5SmallForwardShape/oneapi_float64 (Failed)
        12485 - AllBackendsAllDTypes/ALBERTandT5MultiDTypeTest.T5SmallForwardShape/oneapi_float16 (Failed)
        12495 - AllBackendsAllDTypes/ALBERTandT5MultiDTypeTest.T5SmallGradientFlow/oneapi_float32 (Failed)
        12496 - AllBackendsAllDTypes/ALBERTandT5MultiDTypeTest.T5SmallGradientFlow/oneapi_float64 (Failed)
        12497 - AllBackendsAllDTypes/ALBERTandT5MultiDTypeTest.T5SmallGradientFlow/oneapi_float16 (Failed)
        12519 - AllBackendsAllDTypes/ALBERTandT5MultiDTypeTest.T5BaseForwardShape/oneapi_float32 (Failed)
        12520 - AllBackendsAllDTypes/ALBERTandT5MultiDTypeTest.T5BaseForwardShape/oneapi_float64 (Failed)
        12521 - AllBackendsAllDTypes/ALBERTandT5MultiDTypeTest.T5BaseForwardShape/oneapi_float16 (Failed)
        12531 - AllBackendsAllDTypes/ALBERTandT5MultiDTypeTest.T5BaseGradientFlow/oneapi_float32 (Failed)
        12532 - AllBackendsAllDTypes/ALBERTandT5MultiDTypeTest.T5BaseGradientFlow/oneapi_float64 (Failed)
        12533 - AllBackendsAllDTypes/ALBERTandT5MultiDTypeTest.T5BaseGradientFlow/oneapi_float16 (Failed)
        12543 - AllBackendsAllDTypes/ALBERTandT5MultiDTypeTest.T5LargeForwardShape/oneapi_float32 (Failed)
        12544 - AllBackendsAllDTypes/ALBERTandT5MultiDTypeTest.T5LargeForwardShape/oneapi_float64 (Failed)
        12545 - AllBackendsAllDTypes/ALBERTandT5MultiDTypeTest.T5LargeForwardShape/oneapi_float16 (Failed)
        12555 - AllBackendsAllDTypes/ALBERTandT5MultiDTypeTest.ALBERTBatchSizeOne/oneapi_float32 (Failed)
        12556 - AllBackendsAllDTypes/ALBERTandT5MultiDTypeTest.ALBERTBatchSizeOne/oneapi_float64 (Failed)
        12557 - AllBackendsAllDTypes/ALBERTandT5MultiDTypeTest.ALBERTBatchSizeOne/oneapi_float16 (Failed)
        12567 - AllBackendsAllDTypes/ALBERTandT5MultiDTypeTest.T5VariableSequenceLength/oneapi_float32 (Failed)
        12568 - AllBackendsAllDTypes/ALBERTandT5MultiDTypeTest.T5VariableSequenceLength/oneapi_float64 (Failed)
        12569 - AllBackendsAllDTypes/ALBERTandT5MultiDTypeTest.T5VariableSequenceLength/oneapi_float16 (Failed)
        12591 - AllBackendsAllDTypes/RoBERTaELECTRAMultiDTypeTest.RoBERTaBaseForwardShape/oneapi_float32 (Failed)
        12592 - AllBackendsAllDTypes/RoBERTaELECTRAMultiDTypeTest.RoBERTaBaseForwardShape/oneapi_float64 (Failed)
        12593 - AllBackendsAllDTypes/RoBERTaELECTRAMultiDTypeTest.RoBERTaBaseForwardShape/oneapi_float16 (Failed)
        12603 - AllBackendsAllDTypes/RoBERTaELECTRAMultiDTypeTest.RoBERTaBaseGradientFlow/oneapi_float32 (Failed)
        12604 - AllBackendsAllDTypes/RoBERTaELECTRAMultiDTypeTest.RoBERTaBaseGradientFlow/oneapi_float64 (Failed)
        12605 - AllBackendsAllDTypes/RoBERTaELECTRAMultiDTypeTest.RoBERTaBaseGradientFlow/oneapi_float16 (Failed)
        12639 - AllBackendsAllDTypes/RoBERTaELECTRAMultiDTypeTest.RoBERTaLargeForwardShape/oneapi_float32 (Failed)
        12640 - AllBackendsAllDTypes/RoBERTaELECTRAMultiDTypeTest.RoBERTaLargeForwardShape/oneapi_float64 (Failed)
        12641 - AllBackendsAllDTypes/RoBERTaELECTRAMultiDTypeTest.RoBERTaLargeForwardShape/oneapi_float16 (Failed)
        12651 - AllBackendsAllDTypes/RoBERTaELECTRAMultiDTypeTest.RoBERTaLargeGradientFlow/oneapi_float32 (Failed)
        12652 - AllBackendsAllDTypes/RoBERTaELECTRAMultiDTypeTest.RoBERTaLargeGradientFlow/oneapi_float64 (Failed)
        12653 - AllBackendsAllDTypes/RoBERTaELECTRAMultiDTypeTest.RoBERTaLargeGradientFlow/oneapi_float16 (Failed)
        12675 - AllBackendsAllDTypes/RoBERTaELECTRAMultiDTypeTest.ELECTRASmallForwardShape/oneapi_float32 (Failed)
        12676 - AllBackendsAllDTypes/RoBERTaELECTRAMultiDTypeTest.ELECTRASmallForwardShape/oneapi_float64 (Failed)
        12677 - AllBackendsAllDTypes/RoBERTaELECTRAMultiDTypeTest.ELECTRASmallForwardShape/oneapi_float16 (Failed)
        12687 - AllBackendsAllDTypes/RoBERTaELECTRAMultiDTypeTest.ELECTRASmallGradientFlow/oneapi_float32 (Failed)
        12688 - AllBackendsAllDTypes/RoBERTaELECTRAMultiDTypeTest.ELECTRASmallGradientFlow/oneapi_float64 (Failed)
        12689 - AllBackendsAllDTypes/RoBERTaELECTRAMultiDTypeTest.ELECTRASmallGradientFlow/oneapi_float16 (Failed)
        12711 - AllBackendsAllDTypes/RoBERTaELECTRAMultiDTypeTest.ELECTRABaseForwardShape/oneapi_float32 (Failed)
        12712 - AllBackendsAllDTypes/RoBERTaELECTRAMultiDTypeTest.ELECTRABaseForwardShape/oneapi_float64 (Failed)
        12713 - AllBackendsAllDTypes/RoBERTaELECTRAMultiDTypeTest.ELECTRABaseForwardShape/oneapi_float16 (Failed)
        12723 - AllBackendsAllDTypes/RoBERTaELECTRAMultiDTypeTest.ELECTRABaseGradientFlow/oneapi_float32 (Failed)
        12724 - AllBackendsAllDTypes/RoBERTaELECTRAMultiDTypeTest.ELECTRABaseGradientFlow/oneapi_float64 (Failed)
        12725 - AllBackendsAllDTypes/RoBERTaELECTRAMultiDTypeTest.ELECTRABaseGradientFlow/oneapi_float16 (Failed)
        12735 - AllBackendsAllDTypes/RoBERTaELECTRAMultiDTypeTest.ELECTRALargeForwardShape/oneapi_float32 (Failed)
        12736 - AllBackendsAllDTypes/RoBERTaELECTRAMultiDTypeTest.ELECTRALargeForwardShape/oneapi_float64 (Failed)
        12737 - AllBackendsAllDTypes/RoBERTaELECTRAMultiDTypeTest.ELECTRALargeForwardShape/oneapi_float16 (Failed)
        12747 - AllBackendsAllDTypes/RoBERTaELECTRAMultiDTypeTest.ELECTRALargeGradientFlow/oneapi_float32 (Failed)
        12748 - AllBackendsAllDTypes/RoBERTaELECTRAMultiDTypeTest.ELECTRALargeGradientFlow/oneapi_float64 (Failed)
        12749 - AllBackendsAllDTypes/RoBERTaELECTRAMultiDTypeTest.ELECTRALargeGradientFlow/oneapi_float16 (Failed)
        12759 - AllBackendsAllDTypes/RoBERTaELECTRAMultiDTypeTest.RoBERTaBatchSizeOne/oneapi_float32 (Failed)
        12760 - AllBackendsAllDTypes/RoBERTaELECTRAMultiDTypeTest.RoBERTaBatchSizeOne/oneapi_float64 (Failed)
        12761 - AllBackendsAllDTypes/RoBERTaELECTRAMultiDTypeTest.RoBERTaBatchSizeOne/oneapi_float16 (Failed)
        12771 - AllBackendsAllDTypes/RoBERTaELECTRAMultiDTypeTest.ELECTRAVariableSequenceLength/oneapi_float32 (Failed)
        12772 - AllBackendsAllDTypes/RoBERTaELECTRAMultiDTypeTest.ELECTRAVariableSequenceLength/oneapi_float64 (Failed)
        12773 - AllBackendsAllDTypes/RoBERTaELECTRAMultiDTypeTest.ELECTRAVariableSequenceLength/oneapi_float16 (Failed)
        12783 - MobileNetMultiDType/MobileNetMultiDTypeTest.MobileNetV2ForwardShape/oneapi_float32 (Failed)
        12784 - MobileNetMultiDType/MobileNetMultiDTypeTest.MobileNetV2ForwardShape/oneapi_float64 (Failed)
        12785 - MobileNetMultiDType/MobileNetMultiDTypeTest.MobileNetV2ForwardShape/oneapi_float16 (Failed)
        12795 - MobileNetMultiDType/MobileNetMultiDTypeTest.MobileNetV2GradientFlow/oneapi_float32 (Failed)
        12796 - MobileNetMultiDType/MobileNetMultiDTypeTest.MobileNetV2GradientFlow/oneapi_float64 (Failed)
        12797 - MobileNetMultiDType/MobileNetMultiDTypeTest.MobileNetV2GradientFlow/oneapi_float16 (Failed)
        12807 - MobileNetMultiDType/MobileNetMultiDTypeTest.MobileNetV2WidthMultiplier/oneapi_float32 (Failed)
        12808 - MobileNetMultiDType/MobileNetMultiDTypeTest.MobileNetV2WidthMultiplier/oneapi_float64 (Failed)
        12809 - MobileNetMultiDType/MobileNetMultiDTypeTest.MobileNetV2WidthMultiplier/oneapi_float16 (Failed)
        12831 - MobileNetMultiDType/MobileNetMultiDTypeTest.MobileNetV2BatchSizeOne/oneapi_float32 (Failed)
        12832 - MobileNetMultiDType/MobileNetMultiDTypeTest.MobileNetV2BatchSizeOne/oneapi_float64 (Failed)
        12833 - MobileNetMultiDType/MobileNetMultiDTypeTest.MobileNetV2BatchSizeOne/oneapi_float16 (Failed)
        12843 - MobileNetMultiDType/MobileNetMultiDTypeTest.MobileNetV3SmallForwardShape/oneapi_float32 (Failed)
        12844 - MobileNetMultiDType/MobileNetMultiDTypeTest.MobileNetV3SmallForwardShape/oneapi_float64 (Failed)
        12845 - MobileNetMultiDType/MobileNetMultiDTypeTest.MobileNetV3SmallForwardShape/oneapi_float16 (Failed)
        12855 - MobileNetMultiDType/MobileNetMultiDTypeTest.MobileNetV3SmallGradientFlow/oneapi_float32 (Failed)
        12856 - MobileNetMultiDType/MobileNetMultiDTypeTest.MobileNetV3SmallGradientFlow/oneapi_float64 (Failed)
        12857 - MobileNetMultiDType/MobileNetMultiDTypeTest.MobileNetV3SmallGradientFlow/oneapi_float16 (Failed)
        12879 - MobileNetMultiDType/MobileNetMultiDTypeTest.MobileNetV3SmallHardSwishActivation/oneapi_float32 (Failed)
        12880 - MobileNetMultiDType/MobileNetMultiDTypeTest.MobileNetV3SmallHardSwishActivation/oneapi_float64 (Failed)
        12881 - MobileNetMultiDType/MobileNetMultiDTypeTest.MobileNetV3SmallHardSwishActivation/oneapi_float16 (Failed)
        12891 - MobileNetMultiDType/MobileNetMultiDTypeTest.MobileNetV3LargeForwardShape/oneapi_float32 (Failed)
        12892 - MobileNetMultiDType/MobileNetMultiDTypeTest.MobileNetV3LargeForwardShape/oneapi_float64 (Failed)
        12893 - MobileNetMultiDType/MobileNetMultiDTypeTest.MobileNetV3LargeForwardShape/oneapi_float16 (Failed)
        12903 - MobileNetMultiDType/MobileNetMultiDTypeTest.MobileNetV3LargeGradientFlow/oneapi_float32 (Failed)
        12904 - MobileNetMultiDType/MobileNetMultiDTypeTest.MobileNetV3LargeGradientFlow/oneapi_float64 (Failed)
        12905 - MobileNetMultiDType/MobileNetMultiDTypeTest.MobileNetV3LargeGradientFlow/oneapi_float16 (Failed)
        12927 - MobileNetMultiDType/MobileNetMultiDTypeTest.MobileNetV3LargeSqueezeExcitation/oneapi_float32 (Failed)
        12928 - MobileNetMultiDType/MobileNetMultiDTypeTest.MobileNetV3LargeSqueezeExcitation/oneapi_float64 (Failed)
        12929 - MobileNetMultiDType/MobileNetMultiDTypeTest.MobileNetV3LargeSqueezeExcitation/oneapi_float16 (Failed)
        12939 - MobileNetMultiDType/MobileNetMultiDTypeTest.MobileNetCustomClasses/oneapi_float32 (Failed)
        12940 - MobileNetMultiDType/MobileNetMultiDTypeTest.MobileNetCustomClasses/oneapi_float64 (Failed)
        12941 - MobileNetMultiDType/MobileNetMultiDTypeTest.MobileNetCustomClasses/oneapi_float16 (Failed)
        12951 - MobileNetMultiDType/MobileNetMultiDTypeTest.MobileNetDifferentInputSizes/oneapi_float32 (Failed)
        12952 - MobileNetMultiDType/MobileNetMultiDTypeTest.MobileNetDifferentInputSizes/oneapi_float64 (Failed)
        12953 - MobileNetMultiDType/MobileNetMultiDTypeTest.MobileNetDifferentInputSizes/oneapi_float16 (Failed)
        12963 - MobileNetMultiDType/MobileNetMultiDTypeTest.MobileNetMultipleBatchSizes/oneapi_float32 (Failed)
        12964 - MobileNetMultiDType/MobileNetMultiDTypeTest.MobileNetMultipleBatchSizes/oneapi_float64 (Failed)
        12965 - MobileNetMultiDType/MobileNetMultiDTypeTest.MobileNetMultipleBatchSizes/oneapi_float16 (Failed)
        12977 - MobileNetMultiDType/MobileNetMultiDTypeTest.MobileNetFloat16ReducedSize/oneapi_float16 (Failed)
        12987 - ClassicModelsMultiDType/ClassicModelsMultiDTypeTest.VGG11ForwardShape/oneapi_float32 (Subprocess aborted)
        12988 - ClassicModelsMultiDType/ClassicModelsMultiDTypeTest.VGG11ForwardShape/oneapi_float64 (Failed)
        12989 - ClassicModelsMultiDType/ClassicModelsMultiDTypeTest.VGG11ForwardShape/oneapi_float16 (Failed)
        12999 - ClassicModelsMultiDType/ClassicModelsMultiDTypeTest.VGG11GradientFlow/oneapi_float32 (Subprocess aborted)
        13000 - ClassicModelsMultiDType/ClassicModelsMultiDTypeTest.VGG11GradientFlow/oneapi_float64 (Failed)
        13001 - ClassicModelsMultiDType/ClassicModelsMultiDTypeTest.VGG11GradientFlow/oneapi_float16 (Failed)
        13011 - ClassicModelsMultiDType/ClassicModelsMultiDTypeTest.VGG13ForwardShape/oneapi_float32 (Subprocess aborted)
        13012 - ClassicModelsMultiDType/ClassicModelsMultiDTypeTest.VGG13ForwardShape/oneapi_float64 (Failed)
        13013 - ClassicModelsMultiDType/ClassicModelsMultiDTypeTest.VGG13ForwardShape/oneapi_float16 (Failed)
        13023 - ClassicModelsMultiDType/ClassicModelsMultiDTypeTest.VGG16ForwardShape/oneapi_float32 (Subprocess aborted)
        13024 - ClassicModelsMultiDType/ClassicModelsMultiDTypeTest.VGG16ForwardShape/oneapi_float64 (Failed)
        13025 - ClassicModelsMultiDType/ClassicModelsMultiDTypeTest.VGG16ForwardShape/oneapi_float16 (Failed)
        13035 - ClassicModelsMultiDType/ClassicModelsMultiDTypeTest.VGG16GradientFlow/oneapi_float32 (Subprocess aborted)
        13036 - ClassicModelsMultiDType/ClassicModelsMultiDTypeTest.VGG16GradientFlow/oneapi_float64 (Failed)
        13037 - ClassicModelsMultiDType/ClassicModelsMultiDTypeTest.VGG16GradientFlow/oneapi_float16 (Failed)
        13047 - ClassicModelsMultiDType/ClassicModelsMultiDTypeTest.VGG19ForwardShape/oneapi_float32 (Subprocess aborted)
        13048 - ClassicModelsMultiDType/ClassicModelsMultiDTypeTest.VGG19ForwardShape/oneapi_float64 (Failed)
        13049 - ClassicModelsMultiDType/ClassicModelsMultiDTypeTest.VGG19ForwardShape/oneapi_float16 (Failed)
        13059 - ClassicModelsMultiDType/ClassicModelsMultiDTypeTest.VGGWithoutBatchNorm/oneapi_float32 (Subprocess aborted)
        13060 - ClassicModelsMultiDType/ClassicModelsMultiDTypeTest.VGGWithoutBatchNorm/oneapi_float64 (Failed)
        13061 - ClassicModelsMultiDType/ClassicModelsMultiDTypeTest.VGGWithoutBatchNorm/oneapi_float16 (Failed)
        13071 - ClassicModelsMultiDType/ClassicModelsMultiDTypeTest.VGGCustomDropout/oneapi_float32 (Subprocess aborted)
        13072 - ClassicModelsMultiDType/ClassicModelsMultiDTypeTest.VGGCustomDropout/oneapi_float64 (Failed)
        13073 - ClassicModelsMultiDType/ClassicModelsMultiDTypeTest.VGGCustomDropout/oneapi_float16 (Failed)
        13083 - ClassicModelsMultiDType/ClassicModelsMultiDTypeTest.AlexNetForwardShape/oneapi_float32 (Subprocess aborted)
        13084 - ClassicModelsMultiDType/ClassicModelsMultiDTypeTest.AlexNetForwardShape/oneapi_float64 (Failed)
        13085 - ClassicModelsMultiDType/ClassicModelsMultiDTypeTest.AlexNetForwardShape/oneapi_float16 (Failed)
        13095 - ClassicModelsMultiDType/ClassicModelsMultiDTypeTest.AlexNetGradientFlow/oneapi_float32 (Subprocess aborted)
        13096 - ClassicModelsMultiDType/ClassicModelsMultiDTypeTest.AlexNetGradientFlow/oneapi_float64 (Failed)
        13097 - ClassicModelsMultiDType/ClassicModelsMultiDTypeTest.AlexNetGradientFlow/oneapi_float16 (Failed)
        13107 - ClassicModelsMultiDType/ClassicModelsMultiDTypeTest.AlexNetCustomClasses/oneapi_float32 (Subprocess aborted)
        13108 - ClassicModelsMultiDType/ClassicModelsMultiDTypeTest.AlexNetCustomClasses/oneapi_float64 (Failed)
        13109 - ClassicModelsMultiDType/ClassicModelsMultiDTypeTest.AlexNetCustomClasses/oneapi_float16 (Failed)
        13119 - ClassicModelsMultiDType/ClassicModelsMultiDTypeTest.AlexNetBatchProcessing/oneapi_float32 (Subprocess aborted)
        13120 - ClassicModelsMultiDType/ClassicModelsMultiDTypeTest.AlexNetBatchProcessing/oneapi_float64 (Failed)
        13121 - ClassicModelsMultiDType/ClassicModelsMultiDTypeTest.AlexNetBatchProcessing/oneapi_float16 (Failed)
        13131 - ClassicModelsMultiDType/ClassicModelsMultiDTypeTest.AlexNetCustomDropout/oneapi_float32 (Subprocess aborted)
        13132 - ClassicModelsMultiDType/ClassicModelsMultiDTypeTest.AlexNetCustomDropout/oneapi_float64 (Failed)
        13133 - ClassicModelsMultiDType/ClassicModelsMultiDTypeTest.AlexNetCustomDropout/oneapi_float16 (Failed)
        13143 - ClassicModelsMultiDType/ClassicModelsMultiDTypeTest.GoogLeNetForwardShape/oneapi_float32 (Subprocess aborted)
        13144 - ClassicModelsMultiDType/ClassicModelsMultiDTypeTest.GoogLeNetForwardShape/oneapi_float64 (Failed)
        13145 - ClassicModelsMultiDType/ClassicModelsMultiDTypeTest.GoogLeNetForwardShape/oneapi_float16 (Failed)
        13155 - ClassicModelsMultiDType/ClassicModelsMultiDTypeTest.GoogLeNetGradientFlow/oneapi_float32 (Subprocess aborted)
        13156 - ClassicModelsMultiDType/ClassicModelsMultiDTypeTest.GoogLeNetGradientFlow/oneapi_float64 (Failed)
        13157 - ClassicModelsMultiDType/ClassicModelsMultiDTypeTest.GoogLeNetGradientFlow/oneapi_float16 (Failed)
        13167 - ClassicModelsMultiDType/ClassicModelsMultiDTypeTest.GoogLeNetWithAuxiliaryClassifiers/oneapi_float32 (Subprocess aborted)
        13168 - ClassicModelsMultiDType/ClassicModelsMultiDTypeTest.GoogLeNetWithAuxiliaryClassifiers/oneapi_float64 (Failed)
        13169 - ClassicModelsMultiDType/ClassicModelsMultiDTypeTest.GoogLeNetWithAuxiliaryClassifiers/oneapi_float16 (Failed)
        13179 - ClassicModelsMultiDType/ClassicModelsMultiDTypeTest.GoogLeNetInferenceMode/oneapi_float32 (Subprocess aborted)
        13180 - ClassicModelsMultiDType/ClassicModelsMultiDTypeTest.GoogLeNetInferenceMode/oneapi_float64 (Failed)
        13181 - ClassicModelsMultiDType/ClassicModelsMultiDTypeTest.GoogLeNetInferenceMode/oneapi_float16 (Failed)
        13191 - ClassicModelsMultiDType/ClassicModelsMultiDTypeTest.InceptionModuleForward/oneapi_float32 (Subprocess aborted)
        13192 - ClassicModelsMultiDType/ClassicModelsMultiDTypeTest.InceptionModuleForward/oneapi_float64 (Failed)
        13193 - ClassicModelsMultiDType/ClassicModelsMultiDTypeTest.InceptionModuleForward/oneapi_float16 (Failed)
        13203 - ClassicModelsMultiDType/ClassicModelsMultiDTypeTest.GoogLeNetCustomDropout/oneapi_float32 (Subprocess aborted)
        13204 - ClassicModelsMultiDType/ClassicModelsMultiDTypeTest.GoogLeNetCustomDropout/oneapi_float64 (Failed)
        13205 - ClassicModelsMultiDType/ClassicModelsMultiDTypeTest.GoogLeNetCustomDropout/oneapi_float16 (Failed)
        13239 - ClassicModelsMultiDType/ClassicModelsMultiDTypeTest.GradientTracking/oneapi_float32 (Subprocess aborted)
        13240 - ClassicModelsMultiDType/ClassicModelsMultiDTypeTest.GradientTracking/oneapi_float64 (Failed)
        13241 - ClassicModelsMultiDType/ClassicModelsMultiDTypeTest.GradientTracking/oneapi_float16 (Failed)
        13251 - ClassicModelsMultiDType/ClassicModelsMultiDTypeTest.LargeBatchVGG/oneapi_float32 (Subprocess aborted)
        13252 - ClassicModelsMultiDType/ClassicModelsMultiDTypeTest.LargeBatchVGG/oneapi_float64 (Failed)
        13253 - ClassicModelsMultiDType/ClassicModelsMultiDTypeTest.LargeBatchVGG/oneapi_float16 (Failed)
        13263 - ClassicModelsMultiDType/ClassicModelsMultiDTypeTest.SmallBatchGoogLeNet/oneapi_float32 (Subprocess aborted)
        13264 - ClassicModelsMultiDType/ClassicModelsMultiDTypeTest.SmallBatchGoogLeNet/oneapi_float64 (Failed)
        13265 - ClassicModelsMultiDType/ClassicModelsMultiDTypeTest.SmallBatchGoogLeNet/oneapi_float16 (Failed)
        13275 - ClassicModelsMultiDType/ClassicModelsMultiDTypeTest.MultipleBatchSizes/oneapi_float32 (Subprocess aborted)
        13276 - ClassicModelsMultiDType/ClassicModelsMultiDTypeTest.MultipleBatchSizes/oneapi_float64 (Failed)
        13277 - ClassicModelsMultiDType/ClassicModelsMultiDTypeTest.MultipleBatchSizes/oneapi_float16 (Failed)
        13289 - ClassicModelsMultiDType/ClassicModelsMultiDTypeTest.Float16ReducedComplexity/oneapi_float16 (Failed)
        13300 - AllBackendsAllDTypes/VisionComponentsMultiDTypeTest.PatchEmbedding16x16/oneapi_float64 (Failed)
        13301 - AllBackendsAllDTypes/VisionComponentsMultiDTypeTest.PatchEmbedding16x16/oneapi_float16 (Failed)
        13312 - AllBackendsAllDTypes/VisionComponentsMultiDTypeTest.PatchEmbedding14x14/oneapi_float64 (Failed)
        13313 - AllBackendsAllDTypes/VisionComponentsMultiDTypeTest.PatchEmbedding14x14/oneapi_float16 (Failed)
        13323 - AllBackendsAllDTypes/VisionComponentsMultiDTypeTest.PatchEmbeddingGradientFlow/oneapi_float32 (Failed)
        13324 - AllBackendsAllDTypes/VisionComponentsMultiDTypeTest.PatchEmbeddingGradientFlow/oneapi_float64 (Failed)
        13325 - AllBackendsAllDTypes/VisionComponentsMultiDTypeTest.PatchEmbeddingGradientFlow/oneapi_float16 (Failed)
        13336 - AllBackendsAllDTypes/VisionComponentsMultiDTypeTest.PatchEmbeddingBatchSizeOne/oneapi_float64 (Failed)
        13337 - AllBackendsAllDTypes/VisionComponentsMultiDTypeTest.PatchEmbeddingBatchSizeOne/oneapi_float16 (Failed)
        13347 - AllBackendsAllDTypes/VisionComponentsMultiDTypeTest.SqueezeExcitationForwardShape/oneapi_float32 (Failed)
        13348 - AllBackendsAllDTypes/VisionComponentsMultiDTypeTest.SqueezeExcitationForwardShape/oneapi_float64 (Failed)
        13349 - AllBackendsAllDTypes/VisionComponentsMultiDTypeTest.SqueezeExcitationForwardShape/oneapi_float16 (Failed)
        13359 - AllBackendsAllDTypes/VisionComponentsMultiDTypeTest.SqueezeExcitationDifferentReduction/oneapi_float32 (Failed)
        13360 - AllBackendsAllDTypes/VisionComponentsMultiDTypeTest.SqueezeExcitationDifferentReduction/oneapi_float64 (Failed)
        13361 - AllBackendsAllDTypes/VisionComponentsMultiDTypeTest.SqueezeExcitationDifferentReduction/oneapi_float16 (Failed)
        13371 - AllBackendsAllDTypes/VisionComponentsMultiDTypeTest.SqueezeExcitationGradientFlow/oneapi_float32 (Failed)
        13372 - AllBackendsAllDTypes/VisionComponentsMultiDTypeTest.SqueezeExcitationGradientFlow/oneapi_float64 (Failed)
        13373 - AllBackendsAllDTypes/VisionComponentsMultiDTypeTest.SqueezeExcitationGradientFlow/oneapi_float16 (Failed)
        13383 - AllBackendsAllDTypes/VisionComponentsMultiDTypeTest.SEBlockDifferentChannels/oneapi_float32 (Failed)
        13384 - AllBackendsAllDTypes/VisionComponentsMultiDTypeTest.SEBlockDifferentChannels/oneapi_float64 (Failed)
        13385 - AllBackendsAllDTypes/VisionComponentsMultiDTypeTest.SEBlockDifferentChannels/oneapi_float16 (Failed)
        13395 - AllBackendsAllDTypes/VisionComponentsMultiDTypeTest.MBConvBlockExpand1Shape/oneapi_float32 (Failed)
        13396 - AllBackendsAllDTypes/VisionComponentsMultiDTypeTest.MBConvBlockExpand1Shape/oneapi_float64 (Failed)
        13397 - AllBackendsAllDTypes/VisionComponentsMultiDTypeTest.MBConvBlockExpand1Shape/oneapi_float16 (Failed)
        13407 - AllBackendsAllDTypes/VisionComponentsMultiDTypeTest.MBConvBlockExpand6Shape/oneapi_float32 (Failed)
        13408 - AllBackendsAllDTypes/VisionComponentsMultiDTypeTest.MBConvBlockExpand6Shape/oneapi_float64 (Failed)
        13409 - AllBackendsAllDTypes/VisionComponentsMultiDTypeTest.MBConvBlockExpand6Shape/oneapi_float16 (Failed)
        13419 - AllBackendsAllDTypes/VisionComponentsMultiDTypeTest.MBConvBlockKernel5/oneapi_float32 (Failed)
        13420 - AllBackendsAllDTypes/VisionComponentsMultiDTypeTest.MBConvBlockKernel5/oneapi_float64 (Failed)
        13421 - AllBackendsAllDTypes/VisionComponentsMultiDTypeTest.MBConvBlockKernel5/oneapi_float16 (Failed)
        13431 - AllBackendsAllDTypes/VisionComponentsMultiDTypeTest.MBConvBlockGradientFlow/oneapi_float32 (Failed)
        13432 - AllBackendsAllDTypes/VisionComponentsMultiDTypeTest.MBConvBlockGradientFlow/oneapi_float64 (Failed)
        13433 - AllBackendsAllDTypes/VisionComponentsMultiDTypeTest.MBConvBlockGradientFlow/oneapi_float16 (Failed)
        13443 - AllBackendsAllDTypes/VisionComponentsMultiDTypeTest.ConvNeXtBlockForwardShape/oneapi_float32 (Failed)
        13444 - AllBackendsAllDTypes/VisionComponentsMultiDTypeTest.ConvNeXtBlockForwardShape/oneapi_float64 (Failed)
        13445 - AllBackendsAllDTypes/VisionComponentsMultiDTypeTest.ConvNeXtBlockForwardShape/oneapi_float16 (Failed)
        13455 - AllBackendsAllDTypes/VisionComponentsMultiDTypeTest.ConvNeXtBlockGradientFlow/oneapi_float32 (Failed)
        13456 - AllBackendsAllDTypes/VisionComponentsMultiDTypeTest.ConvNeXtBlockGradientFlow/oneapi_float64 (Failed)
        13457 - AllBackendsAllDTypes/VisionComponentsMultiDTypeTest.ConvNeXtBlockGradientFlow/oneapi_float16 (Failed)
        13467 - AllBackendsAllDTypes/VisionComponentsMultiDTypeTest.ConvNeXtBlockDifferentChannels/oneapi_float32 (Failed)
        13468 - AllBackendsAllDTypes/VisionComponentsMultiDTypeTest.ConvNeXtBlockDifferentChannels/oneapi_float64 (Failed)
        13469 - AllBackendsAllDTypes/VisionComponentsMultiDTypeTest.ConvNeXtBlockDifferentChannels/oneapi_float16 (Failed)
        13491 - AllBackendsAllDTypes/VisionComponentsMultiDTypeTest.LayerScaleGradientFlow/oneapi_float32 (Failed)
        13492 - AllBackendsAllDTypes/VisionComponentsMultiDTypeTest.LayerScaleGradientFlow/oneapi_float64 (Failed)
        13493 - AllBackendsAllDTypes/VisionComponentsMultiDTypeTest.LayerScaleGradientFlow/oneapi_float16 (Failed)
        13608 - AllBackendsFloatDTypes/LossAdvancedMultiDTypeTest.KLDivLoss_BasicForward/oneapi_float32 (Failed)
        13609 - AllBackendsFloatDTypes/LossAdvancedMultiDTypeTest.KLDivLoss_BasicForward/oneapi_float64 (Failed)
        13616 - AllBackendsFloatDTypes/LossAdvancedMultiDTypeTest.KLDivLoss_PerfectMatch/oneapi_float32 (Failed)
        13617 - AllBackendsFloatDTypes/LossAdvancedMultiDTypeTest.KLDivLoss_PerfectMatch/oneapi_float64 (Failed)
        13632 - AllBackendsFloatDTypes/LossAdvancedMultiDTypeTest.KLDivLoss_ReductionModes/oneapi_float32 (Failed)
        13633 - AllBackendsFloatDTypes/LossAdvancedMultiDTypeTest.KLDivLoss_ReductionModes/oneapi_float64 (Failed)
        13640 - AllBackendsFloatDTypes/LossAdvancedMultiDTypeTest.FocalLoss_BasicForward/oneapi_float32 (Failed)
        13641 - AllBackendsFloatDTypes/LossAdvancedMultiDTypeTest.FocalLoss_BasicForward/oneapi_float64 (Failed)
        13648 - AllBackendsFloatDTypes/LossAdvancedMultiDTypeTest.FocalLoss_GammaZero/oneapi_float32 (Failed)
        13649 - AllBackendsFloatDTypes/LossAdvancedMultiDTypeTest.FocalLoss_GammaZero/oneapi_float64 (Failed)
        13656 - AllBackendsFloatDTypes/LossAdvancedMultiDTypeTest.FocalLoss_AlphaWeighting/oneapi_float32 (Failed)
        13657 - AllBackendsFloatDTypes/LossAdvancedMultiDTypeTest.FocalLoss_AlphaWeighting/oneapi_float64 (Failed)
        13664 - AllBackendsFloatDTypes/LossAdvancedMultiDTypeTest.FocalLoss_ReductionModes/oneapi_float32 (Failed)
        13665 - AllBackendsFloatDTypes/LossAdvancedMultiDTypeTest.FocalLoss_ReductionModes/oneapi_float64 (Failed)
        13704 - AllBackendsFloatDTypes/LossAdvancedMultiDTypeTest.HuberLoss_BasicForward/oneapi_float32 (Failed)
        13705 - AllBackendsFloatDTypes/LossAdvancedMultiDTypeTest.HuberLoss_BasicForward/oneapi_float64 (Failed)
        13712 - AllBackendsFloatDTypes/LossAdvancedMultiDTypeTest.HuberLoss_SmallError/oneapi_float32 (Failed)
        13713 - AllBackendsFloatDTypes/LossAdvancedMultiDTypeTest.HuberLoss_SmallError/oneapi_float64 (Failed)
        13720 - AllBackendsFloatDTypes/LossAdvancedMultiDTypeTest.HuberLoss_LargeError/oneapi_float32 (Failed)
        13721 - AllBackendsFloatDTypes/LossAdvancedMultiDTypeTest.HuberLoss_LargeError/oneapi_float64 (Failed)
        13728 - AllBackendsFloatDTypes/LossAdvancedMultiDTypeTest.HuberLoss_DeltaParameter/oneapi_float32 (Failed)
        13729 - AllBackendsFloatDTypes/LossAdvancedMultiDTypeTest.HuberLoss_DeltaParameter/oneapi_float64 (Failed)
        13736 - AllBackendsFloatDTypes/LossAdvancedMultiDTypeTest.HuberLoss_ZeroError/oneapi_float32 (Failed)
        13737 - AllBackendsFloatDTypes/LossAdvancedMultiDTypeTest.HuberLoss_ZeroError/oneapi_float64 (Failed)
        13744 - AllBackendsFloatDTypes/LossAdvancedMultiDTypeTest.HuberLoss_ReductionModes/oneapi_float32 (Failed)
        13745 - AllBackendsFloatDTypes/LossAdvancedMultiDTypeTest.HuberLoss_ReductionModes/oneapi_float64 (Failed)
        13752 - AllBackendsFloatDTypes/LossAdvancedMultiDTypeTest.Functional_KLDivLoss/oneapi_float32 (Failed)
        13753 - AllBackendsFloatDTypes/LossAdvancedMultiDTypeTest.Functional_KLDivLoss/oneapi_float64 (Failed)
        13760 - AllBackendsFloatDTypes/LossAdvancedMultiDTypeTest.Functional_FocalLoss/oneapi_float32 (Failed)
        13761 - AllBackendsFloatDTypes/LossAdvancedMultiDTypeTest.Functional_FocalLoss/oneapi_float64 (Failed)
        13776 - AllBackendsFloatDTypes/LossAdvancedMultiDTypeTest.Functional_HuberLoss/oneapi_float32 (Failed)
        13777 - AllBackendsFloatDTypes/LossAdvancedMultiDTypeTest.Functional_HuberLoss/oneapi_float64 (Failed)
        13784 - AllBackendsFloatDTypes/LossAdvancedMultiDTypeTest.KLDivLoss_BackwardGradient/oneapi_float32 (Failed)
        13785 - AllBackendsFloatDTypes/LossAdvancedMultiDTypeTest.KLDivLoss_BackwardGradient/oneapi_float64 (Failed)
        13792 - AllBackendsFloatDTypes/LossAdvancedMultiDTypeTest.FocalLoss_BackwardGradient/oneapi_float32 (Failed)
        13793 - AllBackendsFloatDTypes/LossAdvancedMultiDTypeTest.FocalLoss_BackwardGradient/oneapi_float64 (Failed)
        13800 - AllBackendsFloatDTypes/LossAdvancedMultiDTypeTest.DiceLoss_BackwardGradient/oneapi_float32 (Failed)
        13801 - AllBackendsFloatDTypes/LossAdvancedMultiDTypeTest.DiceLoss_BackwardGradient/oneapi_float64 (Failed)
        13808 - AllBackendsFloatDTypes/LossAdvancedMultiDTypeTest.HuberLoss_BackwardGradient/oneapi_float32 (Failed)
        13809 - AllBackendsFloatDTypes/LossAdvancedMultiDTypeTest.HuberLoss_BackwardGradient/oneapi_float64 (Failed)
        13816 - AllBackendsFloatDTypes/LossAdvancedMultiDTypeTest.KLDivLoss_NumericalStability/oneapi_float32 (Failed)
        13817 - AllBackendsFloatDTypes/LossAdvancedMultiDTypeTest.KLDivLoss_NumericalStability/oneapi_float64 (Failed)
        14152 - AllBackendsFloatDTypes/NNMultiDTypeTest.ReLU_Gradient/oneapi_float32 (Failed)
        14153 - AllBackendsFloatDTypes/NNMultiDTypeTest.ReLU_Gradient/oneapi_float64 (Failed)
        14160 - AllBackendsFloatDTypes/NNMultiDTypeTest.ReLU6_Clipping/oneapi_float32 (Failed)
        14161 - AllBackendsFloatDTypes/NNMultiDTypeTest.ReLU6_Clipping/oneapi_float64 (Failed)
        14208 - AllBackendsFloatDTypes/NNMultiDTypeTest.Softmax_SumToOne/oneapi_float32 (Failed)
        14241 - AllBackendsFloatDTypes/NNMultiDTypeTest.CrossEntropyLoss_Basic/oneapi_float64 (Failed)
        14264 - AllBackendsFloatDTypes/NNMultiDTypeTest.MaxPool2d_BasicDownsampling/oneapi_float32 (Subprocess aborted)
        14265 - AllBackendsFloatDTypes/NNMultiDTypeTest.MaxPool2d_BasicDownsampling/oneapi_float64 (Subprocess aborted)
        14280 - AllBackendsFloatDTypes/NNMultiDTypeTest.AdaptiveAvgPool2d_FixedOutputSize/oneapi_float32 (Failed)
        14281 - AllBackendsFloatDTypes/NNMultiDTypeTest.AdaptiveAvgPool2d_FixedOutputSize/oneapi_float64 (Failed)
        14341 - AllBackendsMultiDTypes/OpsAdditionalMultiDTypeTest.SumAllElements/oneapi_int32 (Failed)
        14353 - AllBackendsMultiDTypes/OpsAdditionalMultiDTypeTest.SumAlongDimension/oneapi_int32 (Failed)
        14377 - AllBackendsMultiDTypes/OpsAdditionalMultiDTypeTest.MaxMinOperations/oneapi_int32 (Failed)
        14389 - AllBackendsMultiDTypes/OpsAdditionalMultiDTypeTest.ArgMaxArgMin/oneapi_int32 (Failed)
        14401 - AllBackendsMultiDTypes/OpsAdditionalMultiDTypeTest.ProdOperation/oneapi_int32 (Failed)
        14459 - AllBackendsMultiDTypes/OpsAdditionalMultiDTypeTest.ConcatenateOperations/oneapi_float32 (Failed)
        14460 - AllBackendsMultiDTypes/OpsAdditionalMultiDTypeTest.ConcatenateOperations/oneapi_float64 (Failed)
        14461 - AllBackendsMultiDTypes/OpsAdditionalMultiDTypeTest.ConcatenateOperations/oneapi_int32 (Failed)
        14471 - AllBackendsMultiDTypes/OpsAdditionalMultiDTypeTest.StackOperations/oneapi_float32 (Failed)
        14472 - AllBackendsMultiDTypes/OpsAdditionalMultiDTypeTest.StackOperations/oneapi_float64 (Failed)
        14473 - AllBackendsMultiDTypes/OpsAdditionalMultiDTypeTest.StackOperations/oneapi_int32 (Failed)
        14521 - AllBackendsMultiDTypes/OpsAdditionalMultiDTypeTest.ArithmeticOperations/oneapi_int32 (Failed)
        14533 - AllBackendsMultiDTypes/OpsAdditionalMultiDTypeTest.MatMulOperations/oneapi_int32 (Failed)
        14555 - AllBackendsMultiDTypes/OpsAdditionalMultiDTypeTest.TrigonometricFunctions/oneapi_float32 (Failed)
        14556 - AllBackendsMultiDTypes/OpsAdditionalMultiDTypeTest.TrigonometricFunctions/oneapi_float64 (Failed)
        14569 - AllBackendsMultiDTypes/OpsAdditionalMultiDTypeTest.ElementWiseOperations/oneapi_int32 (Failed)
        14780 - AllBackendsFloatDTypes/GradientCheckpointMultiDTypeTest.CheckpointGradientCorrectness/oneapi_float32 (Failed)
        14781 - AllBackendsFloatDTypes/GradientCheckpointMultiDTypeTest.CheckpointGradientCorrectness/oneapi_float64 (Failed)
        14788 - AllBackendsFloatDTypes/GradientCheckpointMultiDTypeTest.MultiVariableCheckpoint/oneapi_float32 (Failed)
        14789 - AllBackendsFloatDTypes/GradientCheckpointMultiDTypeTest.MultiVariableCheckpoint/oneapi_float64 (Failed)
        14796 - AllBackendsFloatDTypes/GradientCheckpointMultiDTypeTest.NestedCheckpoints/oneapi_float32 (Failed)
        14797 - AllBackendsFloatDTypes/GradientCheckpointMultiDTypeTest.NestedCheckpoints/oneapi_float64 (Failed)
        14804 - AllBackendsFloatDTypes/GradientCheckpointMultiDTypeTest.CheckpointWithReLU/oneapi_float32 (Failed)
        14805 - AllBackendsFloatDTypes/GradientCheckpointMultiDTypeTest.CheckpointWithReLU/oneapi_float64 (Failed)
        14812 - AllBackendsFloatDTypes/GradientCheckpointMultiDTypeTest.CheckpointWithSigmoid/oneapi_float32 (Failed)
        14813 - AllBackendsFloatDTypes/GradientCheckpointMultiDTypeTest.CheckpointWithSigmoid/oneapi_float64 (Failed)
        14820 - AllBackendsFloatDTypes/GradientCheckpointMultiDTypeTest.MemorySavingsEstimation/oneapi_float32 (Failed)
        14821 - AllBackendsFloatDTypes/GradientCheckpointMultiDTypeTest.MemorySavingsEstimation/oneapi_float64 (Failed)
        14951 - AllBackendsCommonDTypes/TransformMultiDTypeTest.View_SharesStorage/oneapi_float32 (Failed)
        14952 - AllBackendsCommonDTypes/TransformMultiDTypeTest.View_SharesStorage/oneapi_float64 (Failed)
        14953 - AllBackendsCommonDTypes/TransformMultiDTypeTest.View_SharesStorage/oneapi_int32 (Failed)
        15369 - AllBackendsAllDTypes/DTypeEdgeCaseEnhancedTest.BoolLogicalOps/oneapi_bool (Failed)
        15391 - AllBackendsAllDTypes/DTypeEdgeCaseEnhancedTest.ConversionRoundtrip/oneapi_int8 (Failed)
        15394 - AllBackendsAllDTypes/DTypeEdgeCaseEnhancedTest.ConversionRoundtrip/oneapi_uint8 (Failed)
        15461 - AllBackends/CrossBackendTest.GradientComputationConsistency/"oneapi" (Failed)
        15465 - AllBackends/CrossBackendTest.TrainingStepConsistency/"oneapi" (Failed)
        15485 - AllBackends/CrossBackendTest.CompleteTrainingLoop/"oneapi" (Failed)