[1/409] Building CXX object src/CMakeFiles/tenzor_core.dir/core/shape.cpp.o
[2/409] Building CXX object src/CMakeFiles/tenzor_core.dir/core/dtype.cpp.o
[3/409] Building CXX object src/CMakeFiles/tenzor_core.dir/backend/simd_dispatch.cpp.o
FAILED: [code=1] src/CMakeFiles/tenzor_core.dir/backend/simd_dispatch.cpp.o 
/usr/bin/c++ -DTENZOR_USE_CUDA -DTENZOR_VERSION=\"1.0.0\" -Dtenzor_core_EXPORTS -I/home/lee/Projects/Tenzor/include -isystem /opt/cuda/targets/x86_64-linux/include -isystem /opt/cuda/targets/x86_64-linux/include/cccl -O3 -DNDEBUG -std=c++23 -fPIC -Wall -Wextra -pedantic -march=native -Wno-unused-parameter -Wno-unused-variable -fopenmp -MD -MT src/CMakeFiles/tenzor_core.dir/backend/simd_dispatch.cpp.o -MF src/CMakeFiles/tenzor_core.dir/backend/simd_dispatch.cpp.o.d -o src/CMakeFiles/tenzor_core.dir/backend/simd_dispatch.cpp.o -c /home/lee/Projects/Tenzor/src/backend/simd_dispatch.cpp
/home/lee/Projects/Tenzor/src/backend/simd_dispatch.cpp: In function ‘void tenzor::backend::kernels::add_avx512(float*, const float*, const float*, size_t)’:
/home/lee/Projects/Tenzor/src/backend/simd_dispatch.cpp:266:44: warning: AVX512F vector return without AVX512F enabled changes the ABI [-Wpsabi]
  266 |         __m512 a = _mm512_loadu_ps(src1 + i);
      |                                            ^
In file included from /usr/lib/gcc/x86_64-pc-linux-gnu/15.2.1/include/immintrin.h:55,
                 from /home/lee/Projects/Tenzor/src/backend/simd_dispatch.cpp:13:
/usr/lib/gcc/x86_64-pc-linux-gnu/15.2.1/include/avx512fintrin.h:9400:1: error: inlining failed in call to ‘always_inline’ ‘void _mm512_storeu_ps(void*, __m512)’: target specific option mismatch
 9400 | _mm512_storeu_ps (void *__P, __m512 __A)
      | ^~~~~~~~~~~~~~~~
/home/lee/Projects/Tenzor/src/backend/simd_dispatch.cpp:269:25: note: called from here
  269 |         _mm512_storeu_ps(dst + i, result);
      |         ~~~~~~~~~~~~~~~~^~~~~~~~~~~~~~~~~
/usr/lib/gcc/x86_64-pc-linux-gnu/15.2.1/include/avx512fintrin.h:13726:1: error: inlining failed in call to ‘always_inline’ ‘__m512 _mm512_add_ps(__m512, __m512)’: target specific option mismatch
13726 | _mm512_add_ps (__m512 __A, __m512 __B)
      | ^~~~~~~~~~~~~
/home/lee/Projects/Tenzor/src/backend/simd_dispatch.cpp:268:38: note: called from here
  268 |         __m512 result = _mm512_add_ps(a, b);
      |                         ~~~~~~~~~~~~~^~~~~~
/usr/lib/gcc/x86_64-pc-linux-gnu/15.2.1/include/avx512fintrin.h:9374:1: error: inlining failed in call to ‘always_inline’ ‘__m512 _mm512_loadu_ps(const void*)’: target specific option mismatch
 9374 | _mm512_loadu_ps (void const *__P)
      | ^~~~~~~~~~~~~~~
/home/lee/Projects/Tenzor/src/backend/simd_dispatch.cpp:267:35: note: called from here
  267 |         __m512 b = _mm512_loadu_ps(src2 + i);
      |                    ~~~~~~~~~~~~~~~^~~~~~~~~~
/usr/lib/gcc/x86_64-pc-linux-gnu/15.2.1/include/avx512fintrin.h:9374:1: error: inlining failed in call to ‘always_inline’ ‘__m512 _mm512_loadu_ps(const void*)’: target specific option mismatch
 9374 | _mm512_loadu_ps (void const *__P)
      | ^~~~~~~~~~~~~~~
/home/lee/Projects/Tenzor/src/backend/simd_dispatch.cpp:266:35: note: called from here
  266 |         __m512 a = _mm512_loadu_ps(src1 + i);
      |                    ~~~~~~~~~~~~~~~^~~~~~~~~~
[4/409] Building CXX object src/CMakeFiles/tenzor_core.dir/core/storage.cpp.o
[5/409] Building CXX object src/CMakeFiles/tenzor_core.dir/backend/backend.cpp.o
[6/409] Building CXX object src/CMakeFiles/tenzor_core.dir/core/device.cpp.o
[7/409] Building CXX object src/CMakeFiles/tenzor_core.dir/backend/loader.cpp.o
[8/409] Building CXX object src/CMakeFiles/tenzor_core.dir/core/caching_allocator.cpp.o
[9/409] Building CXX object src/CMakeFiles/tenzor_core.dir/ops/transform.cpp.o
[10/409] Building CXX object src/CMakeFiles/tenzor_core.dir/ops/indexing.cpp.o
[11/409] Building CXX object src/CMakeFiles/tenzor_core.dir/ops/vision.cpp.o
[12/409] Building CXX object src/CMakeFiles/tenzor_core.dir/ops/fused_ops.cpp.o
/home/lee/Projects/Tenzor/src/ops/fused_ops.cpp: In function ‘tenzor::Tensor tenzor::ops::fused_layer_norm(const tenzor::Tensor&, const std::vector<long int>&, const tenzor::Tensor&, const tenzor::Tensor&, float)’:
/home/lee/Projects/Tenzor/src/ops/fused_ops.cpp:237:22: warning: comparison of integer expressions of different signedness: ‘int64_t’ {aka ‘long int’} and ‘std::vector<long int>::size_type’ {aka ‘long unsigned int’} [-Wsign-compare]
  237 |     if (input.ndim() < normalized_shape.size()) {
      |         ~~~~~~~~~~~~~^~~~~~~~~~~~~~~~~~~~~~~~~
[13/409] Building CXX object src/CMakeFiles/tenzor_core.dir/ops/reduction.cpp.o
[14/409] Building CXX object src/CMakeFiles/tenzor_core.dir/ops/creation.cpp.o
[15/409] Building CXX object src/CMakeFiles/tenzor_core.dir/ops/math.cpp.o
[16/409] Building CXX object src/CMakeFiles/tenzor_core.dir/ops/advanced.cpp.o
[17/409] Building CXX object src/CMakeFiles/tenzor_core.dir/backend/dispatch.cpp.o
[18/409] Building CXX object src/CMakeFiles/tenzor_core.dir/backend/registry.cpp.o
[19/409] Building CXX object src/CMakeFiles/tenzor_core.dir/core/init.cpp.o
[20/409] Building CXX object src/CMakeFiles/tenzor_core.dir/core/tensor.cpp.o
ninja: build stopped: subcommand failed.
